old44/g02 answered_mismatch answered 
old44/g03 match answered 
old44/g04 answered_mismatch answered 
old44/g06 match answered 
old44/g08 match answered 
old44/g09 answered_mismatch answered 
old44/g11 match answered 
old44/g12 match answered 
old44/g17 expected_refusal unsupported UNCONSUMED_CONDITION
old44/g18 answered_mismatch answered 
old44/g19 match answered 
old44/g20 match answered 
old44/g21 match answered 
old44/g22 match answered 
old44/g23 match answered 
old44/g24 match answered 
old44/g25 match answered 
old44/g26 match answered 
old44/g28 match answered 
old44/g29 match answered 
old44/g30 match answered 
old44/g31 match answered 
old44/g35 match answered 
old44/g36 match answered 
old44/g37 match answered 
old44/g39 match answered 
old44/g41 match answered 
old44/g42 match answered 
old44/g44 answered_instead_of_refusal answered 
contrast/c01a match answered 
contrast/c03a answered_mismatch answered 
contrast/c03c match answered 
contrast/c03d match answered 
contrast/c04b match answered 
contrast/c05a match answered 
contrast/c05c match answered 
contrast/c06c match answered 
contrast/c07a refused_unsupported unsupported UNSUPPORTED_AGGREGATION_COMBINATION
contrast/c07b match answered 
contrast/c08a match answered 
contrast/c08d refused_clarification needs_clarification AMBIGUOUS_INNER_AGGREGATION
contrast/c08e match answered 
contrast/c09a match answered 
indepv2/n02 match answered 
indepv2/n06 match answered 
indepv2/n08 match answered 
indepv2/n10 match answered 
indepv2/n14 match answered 
indepv2/n15 match answered 
indepv2/n16 failed failed INVALID_FACTOR_COMBINATION
indepv2/n18 refused_unsupported unsupported NO_OPERATOR
indepv2/n20 match answered 
indepv2/n21 match answered 
indepv2/n25 expected_refusal unsupported UNCONSUMED_CONDITION
indepv2/n27 expected_refusal unsupported UNCONSUMED_CONDITION
indepv2/n30 match answered 
indepv2/n33 answered_mismatch answered 
indepv2/n34 failed failed MISSING_RELATION_QUALIFIER
indepv2/n35 answered_mismatch answered 
indepv2/n37 match answered 
indepv2/n40 match answered 
indepv3/m03 failed failed MISSING_RELATION_QUALIFIER
indepv3/m04 answered_mismatch answered 
indepv3/m05 match answered 
indepv3/m07 match answered 
indepv3/m08 match answered 
indepv3/m09 answered_mismatch answered 
indepv3/m12 failed failed NOT_FOUND
indepv3/m15 failed failed INVALID_FACTOR_COMBINATION
indepv3/m17 failed failed INVALID_SUBTYPE
indepv3/m20 failed failed INVALID_FACTOR_COMBINATION
indepv3/m22 refused_unsupported unsupported UNVERIFIED_TIMS_CONTRACT
indepv3/m23 match answered 
indepv3/m24 answered_instead_of_refusal answered 
indepv3/m27 failed failed INVALID_SUBTYPE
indepv3/m28 match answered 
indepv3/m30 match answered 
indepv3/m33 match answered 
indepv3/m34 failed failed UNGROUNDED_SCOPE
indepv3/m35 match answered 
indepv3/m37 match answered 
indepv3/m39 expected_refusal unsupported UNCONSUMED_CONDITION
indepv4/k03 answered_mismatch answered 
indepv4/k05 refused_unsupported unsupported UNCONSUMED_CONDITION
indepv4/k06 match answered 
indepv4/k08 match answered 
indepv4/k13 match answered 
indepv4/k15 match answered 
indepv4/k17 match answered 
indepv4/k18 match answered 
indepv4/k20 match answered 
indepv4/k21 match answered 
indepv4/k23 expected_refusal unsupported UNCONSUMED_CONDITION
indepv4/k26 failed failed INVALID_FACTOR_COMBINATION
indepv4/k27 failed failed INVALID_FACTOR
indepv4/k28 match answered 
indepv4/k32 match answered 
indepv4/k35 failed failed INVALID_FACTOR_COMBINATION
indepv4/k36 match answered 
indepv4/k37 failed failed MISSING_CONCEPT_VALUE
{"items": 100, "categories": {"answered_mismatch": 10, "match": 65, "expected_refusal": 5, "answered_instead_of_refusal": 2, "refused_unsupported": 4, "refused_clarification": 1, "failed": 13}, "outcomes": {"answered": 77, "unsupported": 9, "needs_clarification": 1, "failed": 13}, "error_codes": {"UNCONSUMED_CONDITION": 6, "UNSUPPORTED_AGGREGATION_COMBINATION": 1, "AMBIGUOUS_INNER_AGGREGATION": 1, "INVALID_FACTOR_COMBINATION": 5, "NO_OPERATOR": 1, "MISSING_RELATION_QUALIFIER": 2, "NOT_FOUND": 1, "INVALID_SUBTYPE": 2, "UNVERIFIED_TIMS_CONTRACT": 1, "UNGROUNDED_SCOPE": 1, "INVALID_FACTOR": 1, "MISSING_CONCEPT_VALUE": 1}}
