old44/g02 match answered 
old44/g03 match answered 
old44/g04 refused_unsupported unsupported NO_OPERATOR
old44/g06 match answered 
old44/g08 match answered 
old44/g09 match answered 
old44/g11 answered_mismatch answered 
old44/g12 match answered 
old44/g17 expected_refusal unsupported UNCONSUMED_CONDITION
old44/g18 match answered 
old44/g19 match answered 
old44/g20 match answered 
old44/g21 match answered 
old44/g22 match answered 
old44/g23 match answered 
old44/g24 match answered 
old44/g25 match answered 
old44/g26 match answered 
old44/g28 match answered 
old44/g29 match answered 
old44/g30 match answered 
old44/g31 match answered 
old44/g35 match answered 
old44/g36 match answered 
old44/g37 match answered 
old44/g39 match answered 
old44/g41 match answered 
old44/g42 match answered 
old44/g44 expected_refusal needs_clarification AMBIGUOUS_AGGREGATION_STAGE
contrast/c01a match answered 
contrast/c03a match answered 
contrast/c03c match answered 
contrast/c03d match answered 
contrast/c04b match answered 
contrast/c05a match answered 
contrast/c05c match answered 
contrast/c06c match answered 
contrast/c07a failed failed INVALID_FACTOR_COMBINATION
contrast/c07b failed failed INVALID_ANSWER_TARGET
contrast/c08a match answered 
contrast/c08d match answered 
contrast/c08e match answered 
contrast/c09a match answered 
indepv2/n02 answered_mismatch answered 
indepv2/n06 match answered 
indepv2/n08 match answered 
indepv2/n10 failed failed NOT_FOUND
indepv2/n14 failed failed INVALID_FACTOR_COMBINATION
indepv2/n15 refused_clarification needs_clarification PLACE_NOT_IN_QUESTION
indepv2/n16 match answered 
indepv2/n18 failed failed VALUELESS_CONCEPT
indepv2/n20 match answered 
indepv2/n21 refused_clarification needs_clarification AMBIGUOUS_INNER_AGGREGATION
indepv2/n25 expected_refusal unsupported UNCONSUMED_CONDITION
indepv2/n27 expected_refusal unsupported UNCONSUMED_CONDITION
indepv2/n30 match answered 
indepv2/n33 answered_mismatch answered 
indepv2/n34 match answered 
indepv2/n35 failed failed INVALID_FACTOR_COMBINATION
indepv2/n37 match answered 
indepv2/n40 match answered 
indepv3/m03 failed failed UNGROUNDED_SCOPE
indepv3/m04 answered_mismatch answered 
indepv3/m05 failed failed NOT_FOUND
indepv3/m07 match answered 
indepv3/m08 match answered 
indepv3/m09 answered_mismatch answered 
indepv3/m12 failed failed NOT_FOUND
indepv3/m15 match answered 
indepv3/m17 failed failed INVALID_FACTOR_COMBINATION
indepv3/m20 match answered 
indepv3/m22 refused_unsupported unsupported UNVERIFIED_TIMS_CONTRACT
indepv3/m23 match answered 
indepv3/m24 answered_instead_of_refusal answered 
indepv3/m27 refused_unsupported unsupported UNCONSUMED_CONDITION
indepv3/m28 match answered 
indepv3/m30 match answered 
indepv3/m33 match answered 
indepv3/m34 match answered 
indepv3/m35 match answered 
indepv3/m37 match answered 
indepv3/m39 expected_refusal unsupported UNCONSUMED_CONDITION
indepv4/k03 match answered 
indepv4/k05 match answered 
indepv4/k06 match answered 
indepv4/k08 match answered 
indepv4/k13 match answered 
indepv4/k15 match answered 
indepv4/k17 match answered 
indepv4/k18 match answered 
indepv4/k20 match answered 
indepv4/k21 match answered 
indepv4/k23 expected_refusal unsupported UNCONSUMED_CONDITION
indepv4/k26 failed failed UNSUPPORTED_COMBINATION
indepv4/k27 failed failed INVALID_FACTOR
indepv4/k28 answered_mismatch answered 
indepv4/k32 match answered 
indepv4/k35 failed failed VALUELESS_CONCEPT
indepv4/k36 match answered 
indepv4/k37 failed failed INVALID_FACTOR
{"items": 100, "categories": {"match": 68, "refused_unsupported": 3, "answered_mismatch": 6, "expected_refusal": 6, "failed": 14, "refused_clarification": 2, "answered_instead_of_refusal": 1}, "outcomes": {"answered": 75, "unsupported": 8, "needs_clarification": 3, "failed": 14}, "error_codes": {"NO_OPERATOR": 1, "UNCONSUMED_CONDITION": 6, "AMBIGUOUS_AGGREGATION_STAGE": 1, "INVALID_FACTOR_COMBINATION": 4, "INVALID_ANSWER_TARGET": 1, "NOT_FOUND": 3, "PLACE_NOT_IN_QUESTION": 1, "VALUELESS_CONCEPT": 2, "AMBIGUOUS_INNER_AGGREGATION": 1, "UNGROUNDED_SCOPE": 1, "UNVERIFIED_TIMS_CONTRACT": 1, "UNSUPPORTED_COMBINATION": 1, "INVALID_FACTOR": 2}}
