`torch_dtype` is deprecated! Use `dtype` instead!
Loading checkpoint shards:   0%|          | 0/5 [00:00<?, ?it/s]Loading checkpoint shards: 100%|██████████| 5/5 [00:00<00:00, 246.82it/s]
old44/g02 failed failed MISSING_RELATION_QUALIFIER [1219, 1346]
old44/g03 match answered  [784]
old44/g04 failed failed MISSING_RELATION_QUALIFIER [1247, 1257]
old44/g06 match answered  [1555]
old44/g08 match answered  [724]
old44/g09 match answered  [583]
old44/g11 answered_mismatch answered  [640]
old44/g12 match answered  [1353]
old44/g17 expected_refusal unsupported UNCONSUMED_CONDITION [995]
old44/g18 match answered  [1158]
old44/g19 match answered  [899]
old44/g20 match answered  [706]
old44/g21 match answered  [1017]
old44/g22 match answered  [770]
old44/g23 match answered  [1331]
old44/g24 match answered  [526, 847]
old44/g25 match answered  [620]
old44/g26 match answered  [692]
old44/g28 match answered  [834]
old44/g29 match answered  [758]
old44/g30 match answered  [744]
old44/g31 match answered  [1242]
old44/g35 match answered  [740, 421]
old44/g36 match answered  [434]
old44/g37 match answered  [627]
old44/g39 match answered  [669]
old44/g41 match answered  [952]
old44/g42 match answered  [493]
old44/g44 answered_instead_of_refusal answered  [1443]
contrast/c01a match answered  [650, 2313]
contrast/c03a match answered  [608]
contrast/c03c match answered  [930]
contrast/c03d match answered  [706]
contrast/c04b match answered  [756]
contrast/c05a match answered  [2429]
contrast/c05c match answered  [1190]
contrast/c06c match answered  [750]
contrast/c07a failed failed INVALID_FACTOR_COMBINATION [798, 1401]
contrast/c07b match answered  [2056, 447]
contrast/c08a match answered  [646]
contrast/c08d match answered  [966]
contrast/c08e match answered  [558]
contrast/c09a refused_unsupported unsupported NO_OPERATOR [696, 450]
indepv2/n02 match answered  [791, 293]
indepv2/n06 match answered  [629, 312]
indepv2/n08 answered_mismatch answered  [839]
indepv2/n10 match answered  [1325]
indepv2/n14 match answered  [589]
indepv2/n15 match answered  [852]
indepv2/n16 failed failed INVALID_FACTOR_COMBINATION [4190, 1897]
indepv2/n18 refused_unsupported unsupported UNCONSUMED_CONDITION [1763]
indepv2/n20 answered_mismatch answered  [762]
indepv2/n21 match answered  [690]
indepv2/n25 expected_refusal unsupported UNCONSUMED_CONDITION [771, 315]
indepv2/n27 expected_refusal unsupported UNCONSUMED_CONDITION [710]
indepv2/n30 match answered  [584]
indepv2/n33 answered_mismatch answered  [919, 406]
indepv2/n34 match answered  [732, 314]
indepv2/n35 failed failed MISSING_CONCEPT_VALUE [764]
indepv2/n37 match answered  [672]
indepv2/n40 match answered  [991]
indepv3/m03 match answered  [1032]
indepv3/m04 answered_mismatch answered  [1032]
indepv3/m05 answered_mismatch answered  [1517]
indepv3/m07 match answered  [745]
indepv3/m08 match answered  [768]
indepv3/m09 match answered  [1178]
indepv3/m12 failed failed NOT_FOUND [2103, 817]
indepv3/m15 match answered  [730, 366]
indepv3/m17 match answered  [1093]
indepv3/m20 match answered  [578, 591]
indepv3/m22 match answered  [778]
indepv3/m23 match answered  [898]
indepv3/m24 expected_refusal needs_clarification AMBIGUOUS_INNER_AGGREGATION [1095]
indepv3/m27 failed failed UNKNOWN_ATTRIBUTE [1495]
indepv3/m28 match answered  [576]
indepv3/m30 match answered  [694]
indepv3/m33 match answered  [742]
indepv3/m34 match answered  [926]
indepv3/m35 match answered  [622]
indepv3/m37 match answered  [814, 400]
indepv3/m39 expected_refusal unsupported UNCONSUMED_CONDITION [666]
indepv4/k03 match answered  [1063]
indepv4/k05 match answered  [745]
indepv4/k06 refused_unsupported unsupported NO_OPERATOR [584]
indepv4/k08 match answered  [635, 969]
indepv4/k13 match answered  [693]
indepv4/k15 match answered  [659]
indepv4/k17 match answered  [612]
indepv4/k18 match answered  [703]
indepv4/k20 match answered  [702]
indepv4/k21 match answered  [690]
indepv4/k23 expected_refusal unsupported UNCONSUMED_CONDITION [846]
indepv4/k26 match answered  [938, 547]
indepv4/k27 match answered  [797, 379]
indepv4/k28 failed failed INVALID_SUBTYPE [4494]
indepv4/k32 match answered  [1788]
indepv4/k35 match answered  [1000, 585]
indepv4/k36 failed failed INVALID_FACTOR_COMBINATION [959, 936]
indepv4/k37 match answered  [811]
{"items": 100, "grounding_ok": 74, "truncated_calls": 0, "categories": {"failed": 9, "match": 75, "answered_mismatch": 6, "expected_refusal": 6, "answered_instead_of_refusal": 1, "refused_unsupported": 3}}
