`torch_dtype` is deprecated! Use `dtype` instead!
Loading checkpoint shards:   0%|          | 0/5 [00:00<?, ?it/s]Loading checkpoint shards: 100%|██████████| 5/5 [00:00<00:00, 271.59it/s]
old44/g02 failed failed MISSING_RELATION_QUALIFIER [1154, 733]
old44/g03 match answered  [812]
old44/g04 answered_mismatch answered  [1005, 396]
old44/g06 refused_unsupported unsupported UNCONSUMED_CONDITION [918]
old44/g08 match answered  [606]
old44/g09 match answered  [877]
old44/g11 match answered  [1085]
old44/g12 refused_unsupported unsupported UNCONSUMED_CONDITION [1436, 317]
old44/g17 expected_refusal unsupported UNCONSUMED_CONDITION [927]
old44/g18 match answered  [1220]
old44/g19 match answered  [871]
old44/g20 match answered  [571]
old44/g21 match answered  [686]
old44/g22 match answered  [482]
old44/g23 match answered  [633]
old44/g24 match answered  [850, 381]
old44/g25 match answered  [641]
old44/g26 match answered  [647]
old44/g28 match answered  [743]
old44/g29 match answered  [805]
old44/g30 match answered  [788]
old44/g31 match answered  [948]
old44/g35 match answered  [600, 316]
old44/g36 match answered  [913]
old44/g37 match answered  [666]
old44/g39 match answered  [646]
old44/g41 match answered  [704]
old44/g42 match answered  [490]
old44/g44 expected_refusal needs_clarification AMBIGUOUS_AGGREGATION_STAGE [1841, 986]
contrast/c01a match answered  [1049, 302]
contrast/c03a match answered  [1029]
contrast/c03c match answered  [764]
contrast/c03d match answered  [801]
contrast/c04b match answered  [1087]
contrast/c05a match answered  [974]
contrast/c05c refused_unsupported unsupported UNCONSUMED_CONDITION [1513]
contrast/c06c match answered  [640]
contrast/c07a answered_mismatch answered  [1093, 574]
contrast/c07b match answered  [974]
contrast/c08a match answered  [682]
contrast/c08d match answered  [794]
contrast/c08e match answered  [501]
contrast/c09a match answered  [2417]
indepv2/n02 match answered  [1244]
indepv2/n06 refused_unsupported unsupported UNCONSUMED_CONDITION [816, 249]
indepv2/n08 match answered  [1192]
indepv2/n10 match answered  [1264]
indepv2/n14 failed failed INVALID_FACTOR_COMBINATION [558, 2062]
indepv2/n15 match answered  [631]
indepv2/n16 match answered  [2797, 539]
indepv2/n18 refused_unsupported unsupported UNCONSUMED_CONDITION [1295]
indepv2/n20 match answered  [804]
indepv2/n21 match answered  [820]
indepv2/n25 expected_refusal unsupported UNCONSUMED_CONDITION [738]
indepv2/n27 expected_refusal unsupported UNCONSUMED_CONDITION [634]
indepv2/n30 match answered  [591]
indepv2/n33 failed failed MISSING_RELATION_QUALIFIER [1216, 656]
indepv2/n34 failed failed MISSING_RELATION_QUALIFIER [1553, 872]
indepv2/n35 refused_unsupported unsupported UNCONSUMED_CONDITION [2237, 405]
indepv2/n37 match answered  [763]
indepv2/n40 match answered  [429]
indepv3/m03 refused_unsupported unsupported UNCONSUMED_CONDITION [769]
indepv3/m04 match answered  [1154]
indepv3/m05 failed failed NOT_FOUND [811, 1007]
indepv3/m07 match answered  [1251]
indepv3/m08 match answered  [1585]
indepv3/m09 match answered  [941, 328]
indepv3/m12 failed failed NOT_FOUND [2317, 913]
indepv3/m15 match answered  [736, 715]
indepv3/m17 match answered  [950]
indepv3/m20 failed failed INVALID_FACTOR_COMBINATION [556, 1609]
indepv3/m22 failed failed INVALID_FACTOR_COMBINATION [772, 451]
indepv3/m23 match answered  [750]
indepv3/m24 answered_instead_of_refusal answered  [851]
indepv3/m27 answered_mismatch answered  [1617]
indepv3/m28 match answered  [655]
indepv3/m30 match answered  [1100]
indepv3/m33 match answered  [665]
indepv3/m34 match answered  [834]
indepv3/m35 match answered  [735]
indepv3/m37 match answered  [1301, 390]
indepv3/m39 expected_refusal unsupported UNCONSUMED_CONDITION [849]
indepv4/k03 match answered  [1196]
indepv4/k05 match answered  [836]
indepv4/k06 refused_unsupported unsupported NO_OPERATOR [720]
indepv4/k08 match answered  [1033]
indepv4/k13 match answered  [791]
indepv4/k15 match answered  [1009]
indepv4/k17 match answered  [803]
indepv4/k18 match answered  [579]
indepv4/k20 match answered  [764]
indepv4/k21 match answered  [633]
indepv4/k23 expected_refusal unsupported UNCONSUMED_CONDITION [577]
indepv4/k26 failed failed MISSING_RELATION_QUALIFIER [2602, 721]
indepv4/k27 answered_mismatch answered  [891]
indepv4/k28 match answered  [653]
indepv4/k32 match answered  [1500]
indepv4/k35 failed failed INVALID_FACTOR_COMBINATION [632, 1576]
indepv4/k36 failed failed INVALID_FACTOR_COMBINATION [738, 745]
indepv4/k37 match answered  [656]
{"items": 100, "grounding_ok": 75, "truncated_calls": 0, "categories": {"failed": 11, "match": 70, "answered_mismatch": 4, "refused_unsupported": 8, "expected_refusal": 6, "answered_instead_of_refusal": 1}}
