`torch_dtype` is deprecated! Use `dtype` instead!
Loading checkpoint shards:   0%|          | 0/5 [00:00<?, ?it/s]Loading checkpoint shards: 100%|██████████| 5/5 [00:00<00:00, 256.10it/s]
old44/g02 match answered  [1155]
old44/g03 match answered  [817]
old44/g04 answered_mismatch answered  [901, 1302]
old44/g06 match answered  [953]
old44/g08 match answered  [700]
old44/g09 match answered  [668]
old44/g11 match answered  [779]
old44/g12 refused_unsupported unsupported UNCONSUMED_CONDITION [618, 343]
old44/g17 expected_refusal unsupported UNCONSUMED_CONDITION [848]
old44/g18 match answered  [1403]
old44/g19 match answered  [652]
old44/g20 match answered  [778]
old44/g21 match answered  [767]
old44/g22 match answered  [699]
old44/g23 match answered  [630]
old44/g24 match answered  [684]
old44/g25 match answered  [618]
old44/g26 match answered  [703]
old44/g28 match answered  [699, 553]
old44/g29 match answered  [1145]
old44/g30 match answered  [775]
old44/g31 match answered  [837]
old44/g35 match answered  [632, 305]
old44/g36 match answered  [675]
old44/g37 match answered  [622]
old44/g39 match answered  [589]
old44/g41 match answered  [660, 483]
old44/g42 match answered  [522]
old44/g44 expected_refusal needs_clarification AMBIGUOUS_AGGREGATION_STAGE [702, 1186]
contrast/c01a match answered  [946, 254]
contrast/c03a match answered  [607]
contrast/c03c answered_mismatch answered  [722, 343]
contrast/c03d match answered  [628]
contrast/c04b match answered  [890, 497]
contrast/c05a match answered  [1660]
contrast/c05c refused_unsupported unsupported UNCONSUMED_CONDITION [2112]
contrast/c06c match answered  [670]
contrast/c07a match answered  [2779]
contrast/c07b failed failed INVALID_FACTOR_COMBINATION [935, 1041]
contrast/c08a match answered  [494]
contrast/c08d match answered  [781]
contrast/c08e match answered  [546]
contrast/c09a failed failed NOT_FOUND [1074, 1446]
indepv2/n02 match answered  [678, 507]
indepv2/n06 match answered  [650]
indepv2/n08 match answered  [814]
indepv2/n10 failed failed NOT_FOUND [935, 532]
indepv2/n14 match answered  [547]
indepv2/n15 match answered  [1824]
indepv2/n16 failed failed UNKNOWN_ATTRIBUTE [913]
indepv2/n18 refused_unsupported unsupported NO_OPERATOR [2760]
indepv2/n20 match answered  [805]
indepv2/n21 match answered  [754]
indepv2/n25 expected_refusal unsupported UNCONSUMED_CONDITION [1493]
indepv2/n27 expected_refusal unsupported UNCONSUMED_CONDITION [607]
indepv2/n30 match answered  [579]
indepv2/n33 failed failed MISSING_RELATION_QUALIFIER [1510, 673]
indepv2/n34 answered_mismatch answered  [1138, 304]
indepv2/n35 answered_mismatch answered  [856]
indepv2/n37 match answered  [700]
indepv2/n40 match answered  [534]
indepv3/m03 match answered  [838]
indepv3/m04 answered_mismatch answered  [1353]
indepv3/m05 match answered  [862, 460]
indepv3/m07 match answered  [847]
indepv3/m08 match answered  [639]
indepv3/m09 match answered  [876]
indepv3/m12 failed failed NOT_FOUND [670, 385]
indepv3/m15 match answered  [1317, 427]
indepv3/m17 failed failed VALUELESS_CONCEPT [971]
indepv3/m20 failed failed INVALID_CONCEPT [759]
indepv3/m22 match answered  [808]
indepv3/m23 match answered  [842]
indepv3/m24 expected_refusal needs_clarification AMBIGUOUS_AGGREGATION_STAGE [630, 801]
indepv3/m27 refused_unsupported unsupported UNDEFINED_MEASURE_AGGREGATION [966]
indepv3/m28 match answered  [810]
indepv3/m30 match answered  [952]
indepv3/m33 match answered  [787]
indepv3/m34 match answered  [1038]
indepv3/m35 match answered  [613]
indepv3/m37 match answered  [893, 383]
indepv3/m39 expected_refusal unsupported UNCONSUMED_CONDITION [668]
indepv4/k03 match answered  [1006]
indepv4/k05 match answered  [676]
indepv4/k06 match answered  [552]
indepv4/k08 failed failed MISSING_RELATION_QUALIFIER [649, 937]
indepv4/k13 match answered  [1039]
indepv4/k15 match answered  [639]
indepv4/k17 match answered  [684]
indepv4/k18 match answered  [799]
indepv4/k20 match answered  [471]
indepv4/k21 match answered  [640]
indepv4/k23 expected_refusal unsupported UNCONSUMED_CONDITION [670]
indepv4/k26 failed failed UNSUPPORTED_COMBINATION [1157, 591]
indepv4/k27 match answered  [706, 368]
indepv4/k28 match answered  [756, 1564]
indepv4/k32 match answered  [1164]
indepv4/k35 match answered  [2146]
indepv4/k36 match answered  [755, 396]
indepv4/k37 match answered  [643]
{"items": 100, "grounding_ok": 73, "truncated_calls": 0, "categories": {"match": 74, "answered_mismatch": 5, "refused_unsupported": 4, "expected_refusal": 7, "failed": 10}}
