`torch_dtype` is deprecated! Use `dtype` instead!
Loading checkpoint shards:   0%|          | 0/5 [00:00<?, ?it/s]Loading checkpoint shards: 100%|██████████| 5/5 [00:00<00:00, 265.96it/s]
old44/g02 match answered  [1050]
old44/g03 match answered  [763]
old44/g04 failed failed INVALID_FACTOR_COMBINATION [1246, 1083]
old44/g06 match answered  [1298]
old44/g08 match answered  [682]
old44/g09 match answered  [702]
old44/g11 match answered  [1385]
old44/g12 match answered  [2184]
old44/g17 expected_refusal unsupported UNCONSUMED_CONDITION [825]
old44/g18 match answered  [1270]
old44/g19 match answered  [617]
old44/g20 match answered  [918]
old44/g21 match answered  [714]
old44/g22 match answered  [558]
old44/g23 match answered  [523]
old44/g24 refused_clarification needs_clarification AMBIGUOUS_INNER_AGGREGATION [572, 449]
old44/g25 match answered  [510]
old44/g26 match answered  [1075]
old44/g28 match answered  [634]
old44/g29 match answered  [752]
old44/g30 match answered  [992]
old44/g31 match answered  [993]
old44/g35 match answered  [618, 255]
old44/g36 match answered  [585]
old44/g37 match answered  [590]
old44/g39 match answered  [666]
old44/g41 match answered  [800]
old44/g42 match answered  [687]
old44/g44 expected_refusal needs_clarification AMBIGUOUS_AGGREGATION_STAGE [749, 1634]
contrast/c01a match answered  [758, 1695]
contrast/c03a match answered  [560]
contrast/c03c answered_mismatch answered  [1001, 403]
contrast/c03d match answered  [841]
contrast/c04b match answered  [1555]
contrast/c05a match answered  [868]
contrast/c05c match answered  [1147, 423]
contrast/c06c match answered  [649]
contrast/c07a answered_mismatch answered  [722]
contrast/c07b match answered  [789, 975]
contrast/c08a match answered  [473]
contrast/c08d match answered  [628]
contrast/c08e match answered  [769]
contrast/c09a refused_unsupported unsupported UNCONSUMED_CONDITION [2670]
indepv2/n02 match answered  [719]
indepv2/n06 refused_unsupported unsupported UNCONSUMED_CONDITION [1767, 429]
indepv2/n08 match answered  [627]
indepv2/n10 match answered  [849]
indepv2/n14 match answered  [523]
indepv2/n15 match answered  [2346]
indepv2/n16 match answered  [1320, 406]
indepv2/n18 refused_unsupported unsupported NO_OPERATOR [1084]
indepv2/n20 match answered  [807]
indepv2/n21 match answered  [693]
indepv2/n25 expected_refusal unsupported UNCONSUMED_CONDITION [621]
indepv2/n27 expected_refusal unsupported UNCONSUMED_CONDITION [845]
indepv2/n30 match answered  [543]
indepv2/n33 failed failed MISSING_RELATION_QUALIFIER [777, 874]
indepv2/n34 answered_mismatch answered  [1465, 306]
indepv2/n35 answered_mismatch answered  [1067]
indepv2/n37 match answered  [1286]
indepv2/n40 match answered  [705]
indepv3/m03 refused_unsupported unsupported UNCONSUMED_CONDITION [750]
indepv3/m04 refused_unsupported unsupported UNCONSUMED_CONDITION [1678, 284]
indepv3/m05 answered_mismatch answered  [2791]
indepv3/m07 match answered  [783]
indepv3/m08 match answered  [810]
indepv3/m09 match answered  [684]
indepv3/m12 match answered  [1513]
indepv3/m15 failed failed VALUELESS_CONCEPT [809]
indepv3/m17 match answered  [1097]
indepv3/m20 match answered  [718]
indepv3/m22 match answered  [742, 558]
indepv3/m23 match answered  [720]
indepv3/m24 expected_refusal needs_clarification AMBIGUOUS_INNER_AGGREGATION [678, 976]
indepv3/m27 answered_mismatch answered  [1366, 449]
indepv3/m28 match answered  [619]
indepv3/m30 match answered  [799]
indepv3/m33 match answered  [529]
indepv3/m34 match answered  [704]
indepv3/m35 match answered  [494]
indepv3/m37 match answered  [704, 306]
indepv3/m39 expected_refusal unsupported UNCONSUMED_CONDITION [633]
indepv4/k03 match answered  [928]
indepv4/k05 refused_unsupported unsupported NO_OPERATOR [892]
indepv4/k06 match answered  [730]
indepv4/k08 failed failed MISSING_RELATION_QUALIFIER [591, 693]
indepv4/k13 match answered  [1054]
indepv4/k15 match answered  [486]
indepv4/k17 match answered  [931]
indepv4/k18 match answered  [573]
indepv4/k20 match answered  [912]
indepv4/k21 match answered  [775]
indepv4/k23 expected_refusal unsupported UNCONSUMED_CONDITION [721]
indepv4/k26 refused_unsupported unsupported UNCONSUMED_CONDITION [831]
indepv4/k27 answered_mismatch answered  [719, 357]
indepv4/k28 failed failed MISSING_CONCEPT_VALUE [727]
indepv4/k32 match answered  [2140, 388]
indepv4/k35 match answered  [891, 367]
indepv4/k36 match answered  [911, 551]
indepv4/k37 match answered  [1026]
{"items": 100, "grounding_ok": 74, "truncated_calls": 0, "categories": {"match": 73, "failed": 5, "expected_refusal": 7, "refused_clarification": 1, "answered_mismatch": 7, "refused_unsupported": 7}}
