`torch_dtype` is deprecated! Use `dtype` instead!
Loading checkpoint shards:   0%|          | 0/5 [00:00<?, ?it/s]Loading checkpoint shards: 100%|██████████| 5/5 [00:00<00:00, 270.85it/s]
old44/g02 failed failed MISSING_RELATION_QUALIFIER [1015, 931]
old44/g03 match answered  [761]
old44/g04 answered_mismatch answered  [918, 761]
old44/g06 match answered  [2727]
old44/g08 match answered  [778]
old44/g09 match answered  [602]
old44/g11 match answered  [1371]
old44/g12 match answered  [1039, 3713]
old44/g17 expected_refusal unsupported UNCONSUMED_CONDITION [1352]
old44/g18 match answered  [1174]
old44/g19 match answered  [996]
old44/g20 match answered  [596]
old44/g21 match answered  [1034]
old44/g22 match answered  [535]
old44/g23 answered_mismatch answered  [677]
old44/g24 failed failed INVALID_FACTOR_COMBINATION [612, 1387]
old44/g25 match answered  [734]
old44/g26 match answered  [706]
old44/g28 match answered  [723]
old44/g29 match answered  [919]
old44/g30 match answered  [694]
old44/g31 match answered  [1154]
old44/g35 match answered  [790]
old44/g36 failed failed NO_MEASURE [422]
old44/g37 match answered  [697]
old44/g39 match answered  [624]
old44/g41 match answered  [560]
old44/g42 match answered  [443]
old44/g44 wrong_refusal_kind failed INVALID_CONCEPT [1689]
contrast/c01a match answered  [2087, 274]
contrast/c03a match answered  [642]
contrast/c03c match answered  [1052]
contrast/c03d match answered  [1901]
contrast/c04b match answered  [874]
contrast/c05a match answered  [2215]
contrast/c05c match answered  [1150]
contrast/c06c match answered  [887]
contrast/c07a match answered  [1238, 301]
contrast/c07b match answered  [612, 311]
contrast/c08a match answered  [567]
contrast/c08d match answered  [929]
contrast/c08e match answered  [668]
contrast/c09a match answered  [2884]
indepv2/n02 answered_mismatch answered  [1068, 755]
indepv2/n06 refused_unsupported unsupported UNCONSUMED_CONDITION [621]
indepv2/n08 match answered  [1332]
indepv2/n10 match answered  [1739]
indepv2/n14 match answered  [472]
indepv2/n15 match answered  [1084]
indepv2/n16 match answered  [679, 420]
indepv2/n18 failed failed AMBIGUOUS_LOCATION_RELATION [2540, 350]
indepv2/n20 match answered  [1489]
indepv2/n21 match answered  [743]
indepv2/n25 expected_refusal unsupported UNCONSUMED_CONDITION [936]
indepv2/n27 expected_refusal unsupported UNCONSUMED_CONDITION [616]
indepv2/n30 match answered  [553]
indepv2/n33 failed failed MISSING_RELATION_QUALIFIER [1218, 777]
indepv2/n34 match answered  [618, 329]
indepv2/n35 failed failed MISSING_CONCEPT_VALUE [886]
indepv2/n37 match answered  [721]
indepv2/n40 match answered  [1090]
indepv3/m03 refused_unsupported unsupported UNCONSUMED_CONDITION [757]
indepv3/m04 answered_mismatch answered  [1852, 458]
indepv3/m05 match answered  [1182, 297]
indepv3/m07 match answered  [905]
indepv3/m08 match answered  [726]
indepv3/m09 match answered  [951]
indepv3/m12 failed failed NOT_FOUND [592, 651]
indepv3/m15 match answered  [1194, 621]
indepv3/m17 match answered  [1954]
indepv3/m20 match answered  [536]
indepv3/m22 match answered  [879]
indepv3/m23 match answered  [932]
indepv3/m24 expected_refusal needs_clarification AMBIGUOUS_INNER_AGGREGATION [2014]
indepv3/m27 failed failed UNUSED_CONCEPT [781]
indepv3/m28 match answered  [538]
indepv3/m30 match answered  [1667]
indepv3/m33 match answered  [570]
indepv3/m34 match answered  [685]
indepv3/m35 match answered  [577, 375]
indepv3/m37 match answered  [765, 393]
indepv3/m39 expected_refusal unsupported UNCONSUMED_CONDITION [577]
indepv4/k03 match answered  [966]
indepv4/k05 match answered  [1088]
indepv4/k06 match answered  [779]
indepv4/k08 failed failed UNSUPPORTED_COMBINATION [647, 304]
indepv4/k13 match answered  [755]
indepv4/k15 match answered  [613]
indepv4/k17 match answered  [528]
indepv4/k18 match answered  [843]
indepv4/k20 match answered  [1356]
indepv4/k21 match answered  [801]
indepv4/k23 expected_refusal unsupported UNCONSUMED_CONDITION [749]
indepv4/k26 failed failed INVALID_FACTOR_COMBINATION [1140, 1100]
indepv4/k27 match answered  [1632]
indepv4/k28 answered_mismatch answered  [745, 357]
indepv4/k32 match answered  [1629]
indepv4/k35 match answered  [2320, 709]
indepv4/k36 failed failed INVALID_FACTOR_COMBINATION [725, 1649]
indepv4/k37 match answered  [1161]
{"items": 100, "grounding_ok": 79, "truncated_calls": 0, "categories": {"failed": 11, "match": 75, "answered_mismatch": 5, "expected_refusal": 6, "wrong_refusal_kind": 1, "refused_unsupported": 2}}
