`torch_dtype` is deprecated! Use `dtype` instead!
Loading checkpoint shards:   0%|          | 0/5 [00:00<?, ?it/s]Loading checkpoint shards: 100%|██████████| 5/5 [00:00<00:00, 273.47it/s]
old44/g02 failed failed MISSING_RELATION_QUALIFIER [1183, 833]
old44/g03 match answered  [863]
old44/g04 match answered  [1208]
old44/g06 match answered  [768]
old44/g08 match answered  [706]
old44/g09 match answered  [799]
old44/g11 match answered  [726]
old44/g12 match answered  [1086]
old44/g17 expected_refusal unsupported UNCONSUMED_CONDITION [883]
old44/g18 match answered  [1519]
old44/g19 match answered  [636]
old44/g20 match answered  [638]
old44/g21 match answered  [1018]
old44/g22 match answered  [594]
old44/g23 match answered  [1072]
old44/g24 match answered  [574, 378]
old44/g25 match answered  [596]
old44/g26 match answered  [800]
old44/g28 match answered  [1857]
old44/g29 match answered  [1353]
old44/g30 match answered  [521]
old44/g31 match answered  [1044]
old44/g35 match answered  [613, 284]
old44/g36 match answered  [2099]
old44/g37 match answered  [592]
old44/g39 match answered  [704]
old44/g41 match answered  [889]
old44/g42 match answered  [524]
old44/g44 expected_refusal needs_clarification AMBIGUOUS_AGGREGATION_STAGE [1497, 1332]
contrast/c01a match answered  [835, 265]
contrast/c03a match answered  [698]
contrast/c03c match answered  [788]
contrast/c03d match answered  [748]
contrast/c04b match answered  [1126]
contrast/c05a match answered  [1434]
contrast/c05c match answered  [893]
contrast/c06c match answered  [649]
contrast/c07a match answered  [818]
contrast/c07b match answered  [955, 369]
contrast/c08a match answered  [611]
contrast/c08d match answered  [527]
contrast/c08e match answered  [689]
contrast/c09a match answered  [1705]
indepv2/n02 answered_mismatch answered  [1049, 1060]
indepv2/n06 match answered  [868, 281]
indepv2/n08 match answered  [949]
indepv2/n10 match answered  [755]
indepv2/n14 match answered  [783]
indepv2/n15 match answered  [668]
indepv2/n16 match answered  [1481, 527]
indepv2/n18 failed failed VALUELESS_CONCEPT [2500]
indepv2/n20 match answered  [842]
indepv2/n21 match answered  [662]
indepv2/n25 expected_refusal unsupported UNCONSUMED_CONDITION [1148]
indepv2/n27 expected_refusal unsupported UNCONSUMED_CONDITION [887]
indepv2/n30 match answered  [927]
indepv2/n33 answered_mismatch answered  [1162, 585]
indepv2/n34 failed failed MISSING_RELATION_QUALIFIER [646, 380]
indepv2/n35 answered_mismatch answered  [719]
indepv2/n37 refused_unsupported unsupported UNCONSUMED_CONDITION [766]
indepv2/n40 match answered  [645]
indepv3/m03 match answered  [1083]
indepv3/m04 answered_mismatch answered  [1247, 334]
indepv3/m05 failed failed NOT_FOUND [1565, 827]
indepv3/m07 match answered  [766]
indepv3/m08 match answered  [927]
indepv3/m09 match answered  [962]
indepv3/m12 failed failed NOT_FOUND [856, 1031]
indepv3/m15 failed failed INVALID_FACTOR_COMBINATION [731, 591]
indepv3/m17 match answered  [996]
indepv3/m20 match answered  [505]
indepv3/m22 match answered  [515]
indepv3/m23 match answered  [670]
indepv3/m24 answered_instead_of_refusal answered  [962]
indepv3/m27 answered_mismatch answered  [2849]
indepv3/m28 match answered  [558]
indepv3/m30 match answered  [1067]
indepv3/m33 refused_unsupported unsupported NO_OPERATOR [604]
indepv3/m34 match answered  [1308]
indepv3/m35 match answered  [1043]
indepv3/m37 match answered  [868, 299]
indepv3/m39 expected_refusal unsupported UNCONSUMED_CONDITION [1117]
indepv4/k03 match answered  [1123]
indepv4/k05 answered_mismatch answered  [936, 536]
indepv4/k06 match answered  [663]
indepv4/k08 match answered  [554]
indepv4/k13 match answered  [1108]
indepv4/k15 match answered  [630]
indepv4/k17 match answered  [475]
indepv4/k18 match answered  [827]
indepv4/k20 match answered  [579]
indepv4/k21 match answered  [769]
indepv4/k23 expected_refusal unsupported UNCONSUMED_CONDITION [800]
indepv4/k26 match answered  [1143]
indepv4/k27 match answered  [1174]
indepv4/k28 failed failed NOT_FOUND [3685, 1205]
indepv4/k32 match answered  [1256]
indepv4/k35 match answered  [1060]
indepv4/k36 match answered  [937, 446]
indepv4/k37 answered_mismatch answered  [602]
{"items": 100, "grounding_ok": 79, "truncated_calls": 0, "categories": {"failed": 7, "match": 77, "expected_refusal": 6, "answered_mismatch": 7, "refused_unsupported": 2, "answered_instead_of_refusal": 1}}
