`torch_dtype` is deprecated! Use `dtype` instead!
Loading checkpoint shards:   0%|          | 0/5 [00:00<?, ?it/s]Loading checkpoint shards: 100%|██████████| 5/5 [00:00<00:00, 265.01it/s]
old44/g02 failed failed MISSING_RELATION_QUALIFIER [1451, 1358]
old44/g03 match answered  [949]
old44/g04 answered_mismatch answered  [838, 731]
old44/g06 failed failed NOT_FOUND [1045, 1072]
old44/g08 match answered  [702]
old44/g09 match answered  [844]
old44/g11 match answered  [1033]
old44/g12 answered_mismatch answered  [696]
old44/g17 expected_refusal unsupported UNCONSUMED_CONDITION [866]
old44/g18 match answered  [841]
old44/g19 match answered  [711]
old44/g20 match answered  [704]
old44/g21 match answered  [636]
old44/g22 match answered  [519]
old44/g23 match answered  [669]
old44/g24 match answered  [618, 452]
old44/g25 match answered  [645]
old44/g26 match answered  [1193]
old44/g28 match answered  [795]
old44/g29 match answered  [825]
old44/g30 match answered  [560]
old44/g31 match answered  [946]
old44/g35 match answered  [617, 392]
old44/g36 match answered  [434]
old44/g37 match answered  [612]
old44/g39 match answered  [664]
old44/g41 match answered  [834]
old44/g42 failed failed UNKNOWN_KEY [505]
old44/g44 answered_instead_of_refusal answered  [1234]
contrast/c01a answered_mismatch answered  [752, 403]
contrast/c03a match answered  [769]
contrast/c03c answered_mismatch answered  [713]
contrast/c03d match answered  [1718]
contrast/c04b match answered  [759]
contrast/c05a match answered  [3274]
contrast/c05c match answered  [1369]
contrast/c06c match answered  [671]
contrast/c07a answered_mismatch answered  [1609]
contrast/c07b failed failed VALUELESS_CONCEPT [1891]
contrast/c08a match answered  [549]
contrast/c08d match answered  [442]
contrast/c08e match answered  [580]
contrast/c09a refused_unsupported unsupported NO_OPERATOR [635]
indepv2/n02 match answered  [1226]
indepv2/n06 answered_mismatch answered  [1647]
indepv2/n08 match answered  [737]
indepv2/n10 answered_mismatch answered  [1810, 915]
indepv2/n14 match answered  [1340, 481]
indepv2/n15 match answered  [1140]
indepv2/n16 match answered  [3046]
indepv2/n18 match answered  [1497]
indepv2/n20 match answered  [641]
indepv2/n21 match answered  [666]
indepv2/n25 expected_refusal unsupported UNCONSUMED_CONDITION [795]
indepv2/n27 expected_refusal unsupported UNCONSUMED_CONDITION [558]
indepv2/n30 match answered  [770]
indepv2/n33 answered_mismatch answered  [916, 469]
indepv2/n34 match answered  [625, 392]
indepv2/n35 answered_mismatch answered  [555]
indepv2/n37 match answered  [665]
indepv2/n40 match answered  [511]
indepv3/m03 answered_mismatch answered  [1420]
indepv3/m04 refused_unsupported unsupported UNCONSUMED_CONDITION [752]
indepv3/m05 failed failed NOT_FOUND [2029, 1907]
indepv3/m07 match answered  [728]
indepv3/m08 match answered  [826]
indepv3/m09 match answered  [1049]
indepv3/m12 failed failed NOT_FOUND [1778, 403]
indepv3/m15 failed failed INVALID_FACTOR_COMBINATION [1193, 774]
indepv3/m17 match answered  [1065]
indepv3/m20 match answered  [554, 490]
indepv3/m22 match answered  [605]
indepv3/m23 match answered  [942]
indepv3/m24 expected_refusal needs_clarification AMBIGUOUS_INNER_AGGREGATION [1966]
indepv3/m27 refused_unsupported unsupported NO_OPERATOR [1245, 448]
indepv3/m28 match answered  [510]
indepv3/m30 match answered  [802]
indepv3/m33 match answered  [792]
indepv3/m34 match answered  [951]
indepv3/m35 match answered  [1203]
indepv3/m37 match answered  [744, 435]
indepv3/m39 expected_refusal unsupported NO_OPERATOR [629]
indepv4/k03 match answered  [929]
indepv4/k05 failed failed UNKNOWN_FACTOR [689]
indepv4/k06 refused_unsupported unsupported NO_OPERATOR [638]
indepv4/k08 match answered  [755]
indepv4/k13 match answered  [678]
indepv4/k15 match answered  [654]
indepv4/k17 match answered  [540]
indepv4/k18 match answered  [637]
indepv4/k20 match answered  [1102]
indepv4/k21 match answered  [690]
indepv4/k23 expected_refusal unsupported UNCONSUMED_CONDITION [627]
indepv4/k26 match answered  [1495, 474]
indepv4/k27 match answered  [724]
indepv4/k28 match answered  [718]
indepv4/k32 match answered  [1062]
indepv4/k35 match answered  [2185, 405]
indepv4/k36 match answered  [852, 355]
indepv4/k37 match answered  [1031]
{"items": 100, "grounding_ok": 74, "truncated_calls": 0, "categories": {"failed": 8, "match": 71, "answered_mismatch": 10, "expected_refusal": 6, "answered_instead_of_refusal": 1, "refused_unsupported": 4}}
