`torch_dtype` is deprecated! Use `dtype` instead!
Loading checkpoint shards:   0%|          | 0/5 [00:00<?, ?it/s]Loading checkpoint shards: 100%|██████████| 5/5 [00:00<00:00, 245.76it/s]
old44/g02 failed failed MISSING_RELATION_QUALIFIER [1654, 636]
old44/g03 match answered  [1111]
old44/g04 refused_unsupported unsupported NO_OPERATOR [1128]
old44/g06 match answered  [1536]
old44/g08 match answered  [814]
old44/g09 match answered  [666]
old44/g11 match answered  [732]
old44/g12 answered_mismatch answered  [1149, 709]
old44/g17 expected_refusal unsupported UNCONSUMED_CONDITION [692]
old44/g18 match answered  [1091]
old44/g19 match answered  [740]
old44/g20 match answered  [780]
old44/g21 match answered  [971]
old44/g22 match answered  [626]
old44/g23 match answered  [908]
old44/g24 match answered  [939, 464]
old44/g25 match answered  [723]
old44/g26 match answered  [816]
old44/g28 match answered  [622]
old44/g29 match answered  [539]
old44/g30 match answered  [559]
old44/g31 match answered  [965]
old44/g35 match answered  [619, 306]
old44/g36 match answered  [454]
old44/g37 match answered  [585]
old44/g39 match answered  [724]
old44/g41 match answered  [667]
old44/g42 failed failed INVALID_FACTOR_COMBINATION [564, 306]
old44/g44 expected_refusal needs_clarification AMBIGUOUS_AGGREGATION_STAGE [1338, 1033]
contrast/c01a match answered  [757, 2084]
contrast/c03a match answered  [655]
contrast/c03c match answered  [1096]
contrast/c03d match answered  [665]
contrast/c04b match answered  [2749]
contrast/c05a match answered  [4819]
contrast/c05c match answered  [1354]
contrast/c06c match answered  [692]
contrast/c07a match answered  [1109]
contrast/c07b match answered  [871]
contrast/c08a match answered  [585]
contrast/c08d match answered  [610]
contrast/c08e match answered  [815]
contrast/c09a match answered  [1734]
indepv2/n02 match answered  [1449]
indepv2/n06 answered_mismatch answered  [1250, 380]
indepv2/n08 match answered  [672]
indepv2/n10 match answered  [770, 458]
indepv2/n14 match answered  [601]
indepv2/n15 match answered  [651]
indepv2/n16 match answered  [701, 410]
indepv2/n18 refused_unsupported unsupported NO_OPERATOR [2415]
indepv2/n20 match answered  [775]
indepv2/n21 match answered  [662]
indepv2/n25 expected_refusal unsupported UNCONSUMED_CONDITION [922, 223]
indepv2/n27 expected_refusal unsupported UNCONSUMED_CONDITION [669]
indepv2/n30 match answered  [485]
indepv2/n33 answered_mismatch answered  [1409, 332]
indepv2/n34 answered_mismatch answered  [1639, 2989]
indepv2/n35 answered_mismatch answered  [810]
indepv2/n37 match answered  [951]
indepv2/n40 match answered  [469]
indepv3/m03 match answered  [1446]
indepv3/m04 answered_mismatch answered  [1007, 394]
indepv3/m05 failed failed NOT_FOUND [791, 1341]
indepv3/m07 match answered  [829]
indepv3/m08 match answered  [968]
indepv3/m09 match answered  [761]
indepv3/m12 failed failed NOT_FOUND [890, 904]
indepv3/m15 failed failed INVALID_SUBTYPE [1072]
indepv3/m17 match answered  [1034, 523]
indepv3/m20 match answered  [1090, 462]
indepv3/m22 match answered  [646]
indepv3/m23 match answered  [687]
indepv3/m24 answered_instead_of_refusal answered  [1780]
indepv3/m27 match answered  [2246]
indepv3/m28 match answered  [547]
indepv3/m30 match answered  [912]
indepv3/m33 match answered  [581]
indepv3/m34 match answered  [436]
indepv3/m35 match answered  [549]
indepv3/m37 match answered  [737, 425]
indepv3/m39 expected_refusal unsupported UNCONSUMED_CONDITION [684]
indepv4/k03 match answered  [762]
indepv4/k05 refused_unsupported unsupported NO_OPERATOR [711]
indepv4/k06 match answered  [626]
indepv4/k08 match answered  [1040, 1058]
indepv4/k13 match answered  [574]
indepv4/k15 match answered  [590]
indepv4/k17 match answered  [825]
indepv4/k18 match answered  [581]
indepv4/k20 match answered  [930]
indepv4/k21 match answered  [738]
indepv4/k23 expected_refusal unsupported UNCONSUMED_CONDITION [606]
indepv4/k26 match answered  [1037]
indepv4/k27 match answered  [721]
indepv4/k28 match answered  [888]
indepv4/k32 match answered  [1034, 368]
indepv4/k35 answered_mismatch answered  [1012]
indepv4/k36 failed failed INVALID_FACTOR_COMBINATION [1081, 282]
indepv4/k37 match answered  [1296]
{"items": 100, "grounding_ok": 82, "truncated_calls": 0, "categories": {"failed": 6, "match": 77, "refused_unsupported": 3, "answered_mismatch": 7, "expected_refusal": 6, "answered_instead_of_refusal": 1}}
