old44/g02 answered_mismatch answered 
old44/g03 match answered 
old44/g04 answered_mismatch answered 
old44/g06 match answered 
old44/g08 match answered 
old44/g09 match answered 
old44/g11 answered_mismatch answered 
old44/g12 answered_mismatch answered 
old44/g17 expected_refusal unsupported UNCONSUMED_CONDITION
old44/g18 failed failed UNGROUNDED_SCOPE
old44/g19 match answered 
old44/g20 match answered 
old44/g21 match answered 
old44/g22 match answered 
old44/g23 match answered 
old44/g24 match answered 
old44/g25 match answered 
old44/g26 match answered 
old44/g28 match answered 
old44/g29 answered_mismatch answered 
old44/g30 match answered 
old44/g31 match answered 
old44/g35 match answered 
old44/g36 match answered 
old44/g37 match answered 
old44/g39 match answered 
old44/g41 match answered 
old44/g42 match answered 
old44/g44 answered_instead_of_refusal answered 
contrast/c01a match answered 
contrast/c03a match answered 
contrast/c03c match answered 
contrast/c03d match answered 
contrast/c04b failed failed NO_MEASURE
contrast/c05a match answered 
contrast/c05c match answered 
contrast/c06c match answered 
contrast/c07a match answered 
contrast/c07b match answered 
contrast/c08a match answered 
contrast/c08d match answered 
contrast/c08e failed failed MISSING_CONCEPT_VALUE
contrast/c09a refused_unsupported unsupported NO_OPERATOR
indepv2/n02 match answered 
indepv2/n06 answered_mismatch answered 
indepv2/n08 match answered 
indepv2/n10 failed failed NO_MEASURE
indepv2/n14 match answered 
indepv2/n15 match answered 
indepv2/n16 match answered 
indepv2/n18 match answered 
indepv2/n20 match answered 
indepv2/n21 match answered 
indepv2/n25 expected_refusal unsupported UNCONSUMED_CONDITION
indepv2/n27 expected_refusal unsupported UNCONSUMED_CONDITION
indepv2/n30 match answered 
indepv2/n33 answered_mismatch answered 
indepv2/n34 answered_mismatch answered 
indepv2/n35 failed failed VALUELESS_CONCEPT
indepv2/n37 failed failed AMBIGUOUS_LOCATION_RELATION
indepv2/n40 match answered 
indepv3/m03 refused_unsupported unsupported UNCONSUMED_CONDITION
indepv3/m04 failed failed INVALID_FACTOR_COMBINATION
indepv3/m05 match answered 
indepv3/m07 match answered 
indepv3/m08 match answered 
indepv3/m09 match answered 
indepv3/m12 answered_mismatch answered 
indepv3/m15 failed failed VALUELESS_CONCEPT
indepv3/m17 answered_mismatch answered 
indepv3/m20 match answered 
indepv3/m22 match answered 
indepv3/m23 match answered 
indepv3/m24 answered_instead_of_refusal answered 
indepv3/m27 refused_unsupported unsupported NO_OPERATOR
indepv3/m28 match answered 
indepv3/m30 match answered 
indepv3/m33 match answered 
indepv3/m34 match answered 
indepv3/m35 match answered 
indepv3/m37 match answered 
indepv3/m39 expected_refusal unsupported UNCONSUMED_CONDITION
indepv4/k03 answered_mismatch answered 
indepv4/k05 match answered 
indepv4/k06 match answered 
indepv4/k08 match answered 
indepv4/k13 match answered 
indepv4/k15 match answered 
indepv4/k17 match answered 
indepv4/k18 match answered 
indepv4/k20 match answered 
indepv4/k21 match answered 
indepv4/k23 expected_refusal unsupported UNCONSUMED_CONDITION
indepv4/k26 match answered 
indepv4/k27 answered_mismatch answered 
indepv4/k28 answered_mismatch answered 
indepv4/k32 match answered 
indepv4/k35 match answered 
indepv4/k36 match answered 
indepv4/k37 answered_mismatch answered 
{"items": 100, "categories": {"answered_mismatch": 14, "match": 68, "expected_refusal": 5, "failed": 8, "answered_instead_of_refusal": 2, "refused_unsupported": 3}, "outcomes": {"answered": 84, "unsupported": 8, "failed": 8}, "error_codes": {"UNCONSUMED_CONDITION": 6, "UNGROUNDED_SCOPE": 1, "NO_MEASURE": 2, "MISSING_CONCEPT_VALUE": 1, "NO_OPERATOR": 2, "VALUELESS_CONCEPT": 2, "AMBIGUOUS_LOCATION_RELATION": 1, "INVALID_FACTOR_COMBINATION": 1}}
