001 match answered 
002 refused_unsupported unsupported UNCONSUMED_CONDITION
003 match answered 
004 match answered 
005 refused_unsupported unsupported UNCONSUMED_CONDITION
006 match answered 
007 failed failed MISSING_CONCEPT_VALUE
008 match answered 
009 match answered 
010 match answered 
011 match answered 
012 match answered 
013 answered_mismatch answered 
014 match answered 
015 match answered 
016 match answered 
017 match answered 
018 match answered 
019 match answered 
020 match answered 
021 match answered 
022 match answered 
023 match answered 
024 match answered 
025 failed failed INVALID_FACTOR_COMBINATION
026 match answered 
027 match answered 
028 match answered 
029 match answered 
030 match answered 
031 match answered 
032 match answered 
033 match answered 
034 match answered 
035 match answered 
036 match answered 
037 failed failed MISSING_RELATION_QUALIFIER
038 match answered 
039 match answered 
040 match answered 
041 match answered 
042 match answered 
043 match answered 
044 match answered 
045 match answered 
046 match answered 
047 answered_mismatch answered 
048 match answered 
049 match answered 
050 match answered 
051 match answered 
052 match answered 
053 match answered 
054 answered_mismatch answered 
055 match answered 
056 match answered 
057 match answered 
058 match answered 
059 failed failed UNGROUNDED_SCOPE
060 refused_unsupported unsupported NO_OPERATOR
061 match answered 
062 match answered 
063 match answered 
064 match answered 
065 match answered 
066 match answered 
067 match answered 
068 match answered 
069 match answered 
070 refused_unsupported unsupported UNCONSUMED_CONDITION
071 match answered 
072 match answered 
073 match answered 
074 match answered 
075 match answered 
076 match answered 
077 match answered 
078 match answered 
079 match answered 
080 answered_mismatch answered 
081 match answered 
082 match answered 
083 match answered 
084 match answered 
085 match answered 
086 match answered 
087 match answered 
088 match answered 
089 match answered 
090 match answered 
091 match answered 
092 match answered 
093 failed failed MISSING_RELATION_QUALIFIER
094 match answered 
095 failed failed INVALID_FACTOR
096 match answered 
097 failed failed MISSING_RELATION_QUALIFIER
098 match answered 
099 match answered 
100 failed failed UNGROUNDED_SCOPE
{"items": 100, "categories": {"match": 84, "refused_unsupported": 4, "failed": 8, "answered_mismatch": 4}, "outcomes": {"answered": 88, "unsupported": 4, "failed": 8}, "error_codes": {"UNCONSUMED_CONDITION": 3, "MISSING_CONCEPT_VALUE": 1, "INVALID_FACTOR_COMBINATION": 1, "MISSING_RELATION_QUALIFIER": 3, "UNGROUNDED_SCOPE": 2, "NO_OPERATOR": 1, "INVALID_FACTOR": 1}}
