`torch_dtype` is deprecated! Use `dtype` instead!
Loading checkpoint shards:   0%|          | 0/5 [00:00<?, ?it/s]Loading checkpoint shards: 100%|██████████| 5/5 [00:00<00:00, 266.28it/s]
The following generation flags are not valid and may be ignored: ['temperature', 'top_p', 'top_k']. Set `TRANSFORMERS_VERBOSITY=info` for more details.
001 match answered  [813]
002 match answered  [1264]
003 match answered  [704]
004 match answered  [689]
005 failed failed UNKNOWN_ATTRIBUTE [662]
006 match answered  [869]
007 answered_mismatch answered  [1309, 374]
008 match answered  [1048]
009 match answered  [675]
010 match answered  [972]
011 match answered  [936]
012 match answered  [719]
013 match answered  [1255]
014 match answered  [670]
015 match answered  [2731, 435]
016 match answered  [872]
017 match answered  [689]
018 match answered  [810]
019 match answered  [794]
020 match answered  [1489]
021 match answered  [877]
022 match answered  [805]
023 match answered  [673]
024 match answered  [1017]
025 refused_unsupported unsupported UNCONSUMED_CONDITION [1963]
026 match answered  [807]
027 match answered  [727]
028 match answered  [1152]
029 match answered  [522]
030 match answered  [1236, 248]
031 match answered  [1182]
032 match answered  [2729]
033 match answered  [677]
034 match answered  [604]
035 match answered  [661]
036 match answered  [904]
037 failed failed MISSING_RELATION_QUALIFIER [1036, 1229]
038 match answered  [875]
039 match answered  [698]
040 match answered  [673, 375]
041 match answered  [591]
042 match answered  [870]
043 match answered  [783]
044 match answered  [881, 326]
045 match answered  [526]
046 match answered  [1723]
047 match answered  [715]
048 match answered  [895]
049 match answered  [526]
050 match answered  [647]
051 match answered  [721]
052 match answered  [770]
053 match answered  [602]
054 match answered  [1921]
055 match answered  [767]
056 match answered  [660]
057 match answered  [588]
058 match answered  [555]
059 match answered  [688]
060 match answered  [1936]
061 match answered  [786]
062 match answered  [1062]
063 match answered  [885]
064 match answered  [840]
065 match answered  [714]
066 match answered  [754, 448]
067 match answered  [778]
068 match answered  [639]
069 match answered  [565]
070 refused_unsupported unsupported UNCONSUMED_CONDITION [775]
071 match answered  [531]
072 match answered  [928]
073 failed failed MISSING_RELATION_QUALIFIER [647, 376]
074 answered_mismatch answered  [697, 716]
075 match answered  [854]
076 match answered  [1312, 639]
077 match answered  [1090]
078 match answered  [1168]
079 match answered  [681]
080 match answered  [986]
081 match answered  [2415]
082 match answered  [1178]
083 answered_mismatch answered  [620, 1383]
084 match answered  [981]
085 match answered  [747, 517]
086 match answered  [719]
087 match answered  [671]
088 failed failed MISSING_RELATION_QUALIFIER [1483, 468]
089 match answered  [839]
090 match answered  [595]
091 match answered  [721]
092 match answered  [632]
093 match answered  [801, 1320]
094 match answered  [620]
095 failed failed MISSING_RELATION_QUALIFIER [751, 8192, 8192]
096 match answered  [587]
097 match answered  [599, 309]
098 match answered  [931, 617]
099 match answered  [1620]
100 match answered  [704]
{"items": 100, "grounding_ok": 84, "truncated_calls": 2, "categories": {"match": 90, "failed": 5, "answered_mismatch": 3, "refused_unsupported": 2}}
