== pilot_001 train/select start 2026-10-06T23:22:39+09:00
== sft train start 2026-10-06T23:22:44+09:00
== sft train exit=0 2026-10-06T23:48:26+09:00
   GPU3 check: used=2MiB procs=0 ollama_loaded=0
== valid98 sft_step124 start (CUDA 3) 2026-10-06T23:48:26+09:00
== valid98 sft_step62 start (CUDA 2) 2026-10-06T23:48:26+09:00
== valid98 sft_step124 exit=0 2026-10-07T00:51:05+09:00
== valid98 sft_step62 exit=0 2026-10-07T01:12:02+09:00
   GPU3 check: used=2MiB procs=0 ollama_loaded=0
== valid98 sft_step248 start (CUDA 3) 2026-10-07T01:12:02+09:00
== valid98 sft_step186 start (CUDA 2) 2026-10-07T01:12:02+09:00
== valid98 sft_step248 exit=0 2026-10-07T02:10:57+09:00
== valid98 sft_step186 exit=0 2026-10-07T02:35:11+09:00
{"stage": "sft", "selected_step": 124, "grounding_ok": 61, "tied_at_best": [124]}
== sft selected /home/hwkim/sftdpo_work/pilot_001/checkpoints/sft/checkpoint-124 2026-10-07T02:35:11+09:00
== dpo train start 2026-10-07T02:35:11+09:00
== dpo train exit=0 2026-10-07T04:00:50+09:00
   GPU3 check: used=4592MiB procs=3 ollama_loaded=0
== valid98 dpo_step53 start (CUDA 2) 2026-10-07T04:00:50+09:00
== valid98 dpo_step53 exit=0 2026-10-07T05:27:19+09:00
   GPU3 check: used=4592MiB procs=3 ollama_loaded=0
== valid98 dpo_step106 start (CUDA 2) 2026-10-07T05:27:20+09:00
== valid98 dpo_step106 exit=0 2026-10-07T07:06:14+09:00
   GPU3 check: used=4592MiB procs=3 ollama_loaded=0
== valid98 dpo_step159 start (CUDA 2) 2026-10-07T07:06:14+09:00
== valid98 dpo_step159 exit=0 2026-10-07T08:53:03+09:00
== valid98 dpo_step212 start (CUDA 2) 2026-10-07T08:53:03+09:00
== valid98 dpo_step212 exit=0 2026-10-07T10:30:44+09:00
{"stage": "dpo", "selected_step": 212, "grounding_ok": 65, "tied_at_best": [212]}
== dpo selected /home/hwkim/sftdpo_work/pilot_001/checkpoints/dpo/checkpoint-212/policy 2026-10-07T10:30:44+09:00
== pilot_001 train/select done 2026-10-07T10:30:44+09:00
