`torch_dtype` is deprecated! Use `dtype` instead!
Loading checkpoint shards:   0%|          | 0/5 [00:00<?, ?it/s]Loading checkpoint shards: 100%|██████████| 5/5 [00:00<00:00, 172.25it/s]
The following generation flags are not valid and may be ignored: ['temperature', 'top_p', 'top_k']. Set `TRANSFORMERS_VERBOSITY=info` for more details.
001 match answered  [857]
002 match answered  [664]
003 match answered  [533]
004 match answered  [724]
005 match answered  [778]
006 match answered  [686, 480]
007 failed failed UNGROUNDED_SCOPE [2116]
008 match answered  [778]
009 match answered  [1119]
010 match answered  [477]
011 match answered  [637]
012 match answered  [851]
013 match answered  [1051]
014 match answered  [466]
015 match answered  [978, 475]
016 answered_mismatch answered  [892]
017 match answered  [769]
018 match answered  [791]
019 match answered  [1054]
020 match answered  [833]
021 match answered  [830]
022 match answered  [1110]
023 match answered  [609]
024 match answered  [779]
025 refused_unsupported unsupported UNCONSUMED_CONDITION [1338, 424]
026 match answered  [640]
027 match answered  [776]
028 match answered  [972]
029 match answered  [588]
030 answered_mismatch answered  [1289, 409]
031 match answered  [897]
032 match answered  [1261]
033 match answered  [584]
034 match answered  [604]
035 match answered  [539, 341]
036 match answered  [1078]
037 failed failed MISSING_RELATION_QUALIFIER [1409, 400]
038 match answered  [817]
039 match answered  [1538]
040 match answered  [878, 260]
041 match answered  [1303, 1918]
042 match answered  [1035]
043 match answered  [483]
044 answered_mismatch answered  [607, 315]
045 match answered  [600]
046 failed failed MISSING_REQUIRED_INPUT [2889]
047 match answered  [789]
048 match answered  [641]
049 match answered  [599]
050 match answered  [748]
051 match answered  [776]
052 match answered  [957]
053 match answered  [563]
054 answered_mismatch answered  [739, 895]
055 match answered  [663]
056 match answered  [642]
057 match answered  [569]
058 match answered  [650]
059 match answered  [850]
060 match answered  [1875]
061 match answered  [552]
062 match answered  [480]
063 match answered  [444]
064 match answered  [895]
065 match answered  [773]
066 failed failed INVALID_FACTOR_COMBINATION [742, 912]
067 match answered  [752, 441]
068 match answered  [618]
069 match answered  [576]
070 refused_unsupported unsupported UNCONSUMED_CONDITION [824]
071 match answered  [624]
072 match answered  [859]
073 match answered  [776, 335]
074 match answered  [1316]
075 match answered  [875]
076 match answered  [936]
077 match answered  [723]
078 match answered  [980]
079 match answered  [799]
080 match answered  [714]
081 match answered  [835]
082 match answered  [996]
083 match answered  [568]
084 match answered  [688]
085 match answered  [683, 1946]
086 match answered  [768]
087 match answered  [701]
088 match answered  [636]
089 match answered  [734]
090 match answered  [606]
091 match answered  [697]
092 match answered  [640]
093 match answered  [1107]
094 match answered  [664]
095 match answered  [812, 1842]
096 match answered  [690]
097 match answered  [625, 241]
098 match answered  [823]
099 match answered  [693]
100 match answered  [776]
{"items": 100, "grounding_ok": 86, "truncated_calls": 0, "categories": {"match": 90, "failed": 4, "answered_mismatch": 4, "refused_unsupported": 2}}
