`torch_dtype` is deprecated! Use `dtype` instead!
Loading checkpoint shards:   0%|          | 0/5 [00:00<?, ?it/s]Loading checkpoint shards: 100%|██████████| 5/5 [00:00<00:00, 169.60it/s]
The following generation flags are not valid and may be ignored: ['temperature', 'top_p', 'top_k']. Set `TRANSFORMERS_VERBOSITY=info` for more details.
001 match answered  [1595]
002 match answered  [858]
003 match answered  [529]
004 match answered  [710]
005 match answered  [1080]
006 match answered  [1050, 385]
007 match answered  [1381, 344]
008 refused_clarification needs_clarification PLACE_NOT_IN_QUESTION [2303]
009 match answered  [662]
010 match answered  [1062]
011 match answered  [693]
012 match answered  [758]
013 match answered  [1959]
014 match answered  [1208]
015 failed failed INVALID_FACTOR_COMBINATION [1384, 1342]
016 match answered  [615]
017 match answered  [1580]
018 match answered  [716]
019 match answered  [946]
020 match answered  [2735]
021 match answered  [882]
022 match answered  [1167]
023 match answered  [594]
024 match answered  [1944]
025 failed failed INVALID_CONCEPT [953]
026 match answered  [752]
027 match answered  [621]
028 match answered  [990]
029 match answered  [603]
030 refused_unsupported unsupported UNCONSUMED_CONDITION [798, 310]
031 match answered  [1764]
032 failed failed OUTPUT_TRUNCATED [8192, 8192]
033 match answered  [794]
034 match answered  [614]
035 match answered  [527]
036 match answered  [1032]
037 answered_mismatch answered  [1105, 513]
038 match answered  [725]
039 match answered  [1060]
040 failed failed MISSING_RELATION_QUALIFIER [1124, 393]
041 match answered  [603, 905]
042 match answered  [750]
043 match answered  [817]
044 match answered  [620, 339]
045 match answered  [698]
046 refused_unsupported unsupported NO_OPERATOR [1116]
047 match answered  [1071]
048 match answered  [619]
049 match answered  [561]
050 match answered  [757]
051 match answered  [909]
052 match answered  [803]
053 match answered  [571]
054 match answered  [1404]
055 match answered  [784]
056 match answered  [642]
057 match answered  [716]
058 match answered  [633]
059 match answered  [922]
060 match answered  [1250]
061 match answered  [692]
062 match answered  [629]
063 match answered  [423]
064 match answered  [698]
065 match answered  [510]
066 match answered  [2159]
067 match answered  [1079, 394]
068 match answered  [646]
069 match answered  [537]
070 failed failed UNKNOWN_ATTRIBUTE [1697]
071 match answered  [476]
072 match answered  [1215]
073 match answered  [585, 322]
074 answered_mismatch answered  [857, 705]
075 match answered  [1813]
076 match answered  [764]
077 answered_mismatch answered  [646]
078 match answered  [882]
079 match answered  [767]
080 match answered  [870]
081 match answered  [855]
082 match answered  [3136]
083 answered_mismatch answered  [620, 1178]
084 match answered  [886, 360]
085 match answered  [909, 393]
086 match answered  [992]
087 match answered  [812]
088 match answered  [1377]
089 match answered  [830, 347]
090 match answered  [654]
091 match answered  [1189]
092 match answered  [591]
093 failed failed MISSING_RELATION_QUALIFIER [853, 8192, 8192]
094 match answered  [512]
095 failed failed MISSING_RELATION_QUALIFIER [948, 8192, 8192]
096 match answered  [549]
097 match answered  [497, 274]
098 match answered  [1188]
099 match answered  [748]
100 match answered  [707]
{"items": 100, "grounding_ok": 82, "truncated_calls": 6, "categories": {"match": 86, "refused_clarification": 1, "failed": 7, "refused_unsupported": 2, "answered_mismatch": 4}}
