001 match answered 
002 refused_unsupported unsupported UNCONSUMED_CONDITION
003 match answered 
004 match answered 
005 match answered 
006 match answered 
007 failed failed VALUELESS_CONCEPT
008 match answered 
009 match answered 
010 match answered 
011 match answered 
012 match answered 
013 answered_mismatch answered 
014 match answered 
015 failed failed INVALID_FACTOR_COMBINATION
016 match answered 
017 match answered 
018 match answered 
019 match answered 
020 match answered 
021 match answered 
022 match answered 
023 match answered 
024 match answered 
025 match answered 
026 answered_mismatch answered 
027 match answered 
028 match answered 
029 match answered 
030 match answered 
031 match answered 
032 failed failed UNGROUNDED_SCOPE
033 match answered 
034 match answered 
035 match answered 
036 match answered 
037 failed failed MISSING_RELATION_QUALIFIER
038 match answered 
039 match answered 
040 failed failed MISSING_RELATION_QUALIFIER
041 match answered 
042 match answered 
043 match answered 
044 answered_mismatch answered 
045 match answered 
046 match answered 
047 match answered 
048 match answered 
049 failed failed AMBIGUOUS_LOCATION_RELATION
050 match answered 
051 match answered 
052 match answered 
053 match answered 
054 answered_mismatch answered 
055 match answered 
056 match answered 
057 match answered 
058 match answered 
059 answered_mismatch answered 
060 match answered 
061 match answered 
062 match answered 
063 match answered 
064 match answered 
065 match answered 
066 match answered 
067 match answered 
068 match answered 
069 match answered 
070 match answered 
071 match answered 
072 match answered 
073 match answered 
074 match answered 
075 match answered 
076 match answered 
077 answered_mismatch answered 
078 match answered 
079 match answered 
080 answered_mismatch answered 
081 match answered 
082 failed failed NO_MEASURE
083 match answered 
084 failed failed NO_MEASURE
085 match answered 
086 match answered 
087 match answered 
088 match answered 
089 match answered 
090 match answered 
091 match answered 
092 match answered 
093 answered_mismatch answered 
094 match answered 
095 match answered 
096 match answered 
097 match answered 
098 match answered 
099 match answered 
100 answered_mismatch answered 
{"items": 100, "categories": {"match": 82, "refused_unsupported": 1, "failed": 8, "answered_mismatch": 9}, "outcomes": {"answered": 91, "unsupported": 1, "failed": 8}, "error_codes": {"UNCONSUMED_CONDITION": 1, "VALUELESS_CONCEPT": 1, "INVALID_FACTOR_COMBINATION": 1, "UNGROUNDED_SCOPE": 1, "MISSING_RELATION_QUALIFIER": 2, "AMBIGUOUS_LOCATION_RELATION": 1, "NO_MEASURE": 2}}
