057 failed failed UNHANDLED_EXCEPTION
058 match answered 
059 failed failed UNGROUNDED_SCOPE
060 failed failed MISSING_REQUIRED_INPUT
061 failed failed INVALID_FACTOR
062 refused_unsupported unsupported NO_OPERATOR
063 answered_mismatch answered 
064 answered_mismatch answered 
065 answered_mismatch answered 
066 failed failed INVALID_FACTOR_COMBINATION
067 failed failed NO_MEASURE
068 match answered 
069 match answered 
070 refused_unsupported unsupported UNCONSUMED_CONDITION
071 failed failed UNKNOWN_FACTOR
072 refused_unsupported unsupported NO_OPERATOR
073 match answered 
074 refused_unsupported unsupported NO_OPERATOR
075 match answered 
076 refused_unsupported unsupported UNCONSUMED_CONDITION
077 failed failed AMBIGUOUS_LOCATION_RELATION
078 failed failed VALUELESS_CONCEPT
079 answered_mismatch answered 
080 refused_unsupported unsupported UNCONSUMED_CONDITION
081 failed failed UNGROUNDED_SCOPE
082 match answered 
083 answered_mismatch answered 
084 failed failed AMBIGUOUS_LOCATION_RELATION
085 failed failed VALUELESS_CONCEPT
086 failed failed UNUSED_CONCEPT
087 answered_mismatch answered 
088 answered_mismatch answered 
089 failed failed AMBIGUOUS_LOCATION_RELATION
090 refused_unsupported unsupported NO_OPERATOR
091 failed failed UNGROUNDED_SCOPE
092 answered_mismatch answered 
093 answered_mismatch answered 
094 answered_mismatch answered 
095 failed failed UNUSED_CONCEPT
096 failed failed INVALID_OD_ROLE
097 failed failed MISSING_RELATION_QUALIFIER
098 answered_mismatch answered 
099 refused_unsupported unsupported NO_OPERATOR
100 answered_mismatch answered 
{"items": 100, "categories": {"answered_mismatch": 23, "failed": 38, "match": 28, "refused_unsupported": 11}, "outcomes": {"answered": 51, "failed": 38, "unsupported": 11}, "error_codes": {"MISSING_REQUIRED_INPUT": 2, "INVALID_CONCEPT": 5, "UNCONSUMED_CONDITION": 6, "NO_MEASURE": 2, "INVALID_SUBTYPE": 1, "UNGROUNDED_SCOPE": 6, "VALUELESS_CONCEPT": 3, "UNUSED_CONCEPT": 4, "INVALID_FACTOR": 6, "MISSING_CONCEPT_VALUE": 1, "UNHANDLED_EXCEPTION": 1, "NO_OPERATOR": 5, "INVALID_FACTOR_COMBINATION": 1, "UNKNOWN_FACTOR": 1, "AMBIGUOUS_LOCATION_RELATION": 3, "INVALID_OD_ROLE": 1, "MISSING_RELATION_QUALIFIER": 1}}
