001 match answered 
002 match answered 
003 match answered 
004 match answered 
005 refused_unsupported unsupported UNCONSUMED_CONDITION
006 match answered 
007 failed failed AMBIGUOUS_LOCATION_RELATION
008 match answered 
009 answered_mismatch answered 
010 match answered 
011 match answered 
012 match answered 
013 failed failed MISSING_RELATION_QUALIFIER
014 match answered 
015 match answered 
016 failed failed VALUELESS_CONCEPT
017 failed failed INVALID_FACTOR
018 match answered 
019 match answered 
020 match answered 
021 answered_mismatch answered 
022 answered_mismatch answered 
023 match answered 
024 match answered 
025 match answered 
026 match answered 
027 match answered 
028 match answered 
029 match answered 
030 failed failed UNKNOWN_ATTRIBUTE
031 match answered 
032 match answered 
033 match answered 
034 match answered 
035 match answered 
036 match answered 
037 answered_mismatch answered 
038 match answered 
039 match answered 
040 match answered 
041 answered_mismatch answered 
042 answered_mismatch answered 
043 failed failed INVALID_FACTOR
044 answered_mismatch answered 
045 match answered 
046 answered_mismatch answered 
047 match answered 
048 match answered 
049 failed failed INVALID_SUBTYPE
050 match answered 
051 match answered 
052 match answered 
053 match answered 
054 answered_mismatch answered 
055 answered_mismatch answered 
056 match answered 
057 answered_mismatch answered 
058 match answered 
059 match answered 
060 match answered 
061 match answered 
062 answered_mismatch answered 
063 match answered 
064 match answered 
065 failed failed INVALID_FACTOR_COMBINATION
066 match answered 
067 match answered 
068 match answered 
069 match answered 
070 answered_mismatch answered 
071 match answered 
072 match answered 
073 match answered 
074 answered_mismatch answered 
075 match answered 
076 answered_mismatch answered 
077 match answered 
078 failed failed VALUELESS_CONCEPT
079 match answered 
080 match answered 
081 match answered 
082 match answered 
083 match answered 
084 match answered 
085 answered_mismatch answered 
086 match answered 
087 match answered 
088 answered_mismatch answered 
089 match answered 
090 match answered 
091 match answered 
092 match answered 
093 match answered 
094 match answered 
095 failed failed MISSING_RELATION_QUALIFIER
096 answered_mismatch answered 
097 match answered 
098 match answered 
099 match answered 
100 answered_mismatch answered 
{"items": 100, "categories": {"match": 70, "refused_unsupported": 1, "failed": 10, "answered_mismatch": 19}, "outcomes": {"answered": 89, "unsupported": 1, "failed": 10}, "error_codes": {"UNCONSUMED_CONDITION": 1, "AMBIGUOUS_LOCATION_RELATION": 1, "MISSING_RELATION_QUALIFIER": 2, "VALUELESS_CONCEPT": 2, "INVALID_FACTOR": 2, "UNKNOWN_ATTRIBUTE": 1, "INVALID_SUBTYPE": 1, "INVALID_FACTOR_COMBINATION": 1}}
