001 match answered 
002 failed failed MISSING_REQUIRED_INPUT
003 match answered 
004 match answered 
005 refused_unsupported unsupported UNCONSUMED_CONDITION
006 match answered 
007 match answered 
008 refused_unsupported unsupported UNCONSUMED_CONDITION
009 match answered 
010 match answered 
011 failed failed UNGROUNDED_SCOPE
012 answered_mismatch answered 
013 refused_unsupported unsupported NO_OPERATOR
014 failed failed UNUSED_CONCEPT
015 failed failed INVALID_FACTOR_COMBINATION
016 failed failed UNUSED_CONCEPT
017 match answered 
018 match answered 
019 match answered 
020 match answered 
021 failed failed INVALID_CONCEPT
022 match answered 
023 match answered 
024 match answered 
025 match answered 
026 match answered 
027 match answered 
028 match answered 
029 match answered 
030 match answered 
031 answered_mismatch answered 
032 refused_unsupported unsupported UNCONSUMED_CONDITION
033 match answered 
034 match answered 
035 match answered 
036 failed failed MISSING_CONCEPT_VALUE
037 match answered 
038 answered_mismatch answered 
039 failed failed INVALID_CONCEPT
040 failed failed UNUSED_CONCEPT
041 match answered 
042 failed failed MISSING_CONCEPT_VALUE
043 match answered 
044 match answered 
045 failed failed MISSING_CONCEPT_VALUE
046 refused_unsupported unsupported UNCONSUMED_CONDITION
047 answered_mismatch answered 
048 match answered 
049 failed failed INVALID_CONCEPT
050 match answered 
051 match answered 
052 failed failed MISSING_CONCEPT_VALUE
053 match answered 
054 match answered 
055 match answered 
056 match answered 
057 failed failed UNGROUNDED_SCOPE
058 match answered 
059 match answered 
060 failed failed MISSING_REQUIRED_INPUT
061 refused_unsupported unsupported NO_OPERATOR
062 refused_unsupported unsupported NO_OPERATOR
063 match answered 
064 match answered 
065 refused_unsupported unsupported UNCONSUMED_CONDITION
066 failed failed INVALID_FACTOR_COMBINATION
067 match answered 
068 match answered 
069 match answered 
070 match answered 
071 match answered 
072 refused_unsupported unsupported NO_OPERATOR
073 match answered 
074 refused_unsupported unsupported NO_OPERATOR
075 failed failed AMBIGUOUS_PORT
076 failed failed UNUSED_CONCEPT
077 failed failed INVALID_CONCEPT
078 failed failed VALUELESS_CONCEPT
079 refused_unsupported unsupported NO_OPERATOR
080 refused_unsupported unsupported UNCONSUMED_CONDITION
081 failed failed UNGROUNDED_SCOPE
082 match answered 
083 match answered 
084 match answered 
085 failed failed VALUELESS_CONCEPT
086 match answered 
087 match answered 
088 failed failed INVALID_CONCEPT
089 match answered 
090 match answered 
091 failed failed UNGROUNDED_SCOPE
092 match answered 
093 answered_mismatch answered 
094 match answered 
095 failed failed UNKNOWN_FACTOR
096 answered_mismatch answered 
097 failed failed UNKNOWN_FACTOR
098 failed failed MISSING_CONCEPT_VALUE
099 match answered 
100 match answered 
{"items": 100, "categories": {"match": 55, "failed": 27, "refused_unsupported": 12, "answered_mismatch": 6}, "outcomes": {"answered": 61, "failed": 27, "unsupported": 12}, "error_codes": {"MISSING_REQUIRED_INPUT": 2, "UNCONSUMED_CONDITION": 6, "UNGROUNDED_SCOPE": 4, "NO_OPERATOR": 6, "UNUSED_CONCEPT": 4, "INVALID_FACTOR_COMBINATION": 2, "INVALID_CONCEPT": 5, "MISSING_CONCEPT_VALUE": 5, "AMBIGUOUS_PORT": 1, "VALUELESS_CONCEPT": 2, "UNKNOWN_FACTOR": 2}}
