== pilot start 2026-10-06T15:13:34+09:00
== valid base start 2026-10-06T15:13:38+09:00
== valid base exit=0 2026-10-06T15:22:09+09:00
== sft train start 2026-10-06T15:22:09+09:00
== sft train exit=0 2026-10-06T15:23:40+09:00
== valid sft_step2 start 2026-10-06T15:23:40+09:00
== valid sft_step2 exit=0 2026-10-06T15:34:11+09:00
== valid sft_step4 start 2026-10-06T15:34:11+09:00
== valid sft_step4 exit=0 2026-10-06T15:44:11+09:00
== valid sft_step6 start 2026-10-06T15:44:11+09:00
== valid sft_step6 exit=0 2026-10-06T15:54:57+09:00
== valid sft_step8 start 2026-10-06T15:54:57+09:00
== valid sft_step8 exit=0 2026-10-06T16:04:45+09:00
== valid sft_step10 start 2026-10-06T16:04:45+09:00
== valid sft_step10 exit=0 2026-10-06T16:14:46+09:00
== valid sft_step12 start 2026-10-06T16:14:46+09:00
== valid sft_step12 exit=0 2026-10-06T16:25:42+09:00
{"stage": "sft", "selected_step": 4, "grounding_ok": 13, "tied_at_best": [4, 10]}
== sft selected /home/hwkim/sftdpo_work/pipeline_pilot_001/checkpoints/sft/checkpoint-4 2026-10-06T16:25:42+09:00
== dpo train start 2026-10-06T16:25:42+09:00
== dpo train exit=0 2026-10-06T16:32:02+09:00
== valid dpo_step2 start 2026-10-06T16:32:02+09:00
== valid dpo_step2 exit=0 2026-10-06T16:42:59+09:00
== valid dpo_step4 start 2026-10-06T16:42:59+09:00
== valid dpo_step4 exit=0 2026-10-06T16:52:58+09:00
== valid dpo_step6 start 2026-10-06T16:52:58+09:00
== valid dpo_step6 exit=0 2026-10-06T17:03:11+09:00
== valid dpo_step8 start 2026-10-06T17:03:11+09:00
== valid dpo_step8 exit=0 2026-10-06T17:14:55+09:00
{"stage": "dpo", "selected_step": 6, "grounding_ok": 12, "tied_at_best": [6]}
== pilot done 2026-10-06T17:14:56+09:00
