`torch_dtype` is deprecated! Use `dtype` instead!
Loading checkpoint shards:   0%|          | 0/5 [00:00<?, ?it/s]Loading checkpoint shards: 100%|██████████| 5/5 [00:00<00:00, 175.90it/s]
The following generation flags are not valid and may be ignored: ['temperature', 'top_p', 'top_k']. Set `TRANSFORMERS_VERBOSITY=info` for more details.
sft_step124_gpu2 stage_v7/s01a ok=True answered  [1252]
sft_step124_gpu2 stage_v7/s01b ok=False needs_clarification AMBIGUOUS_AGGREGATION_STAGE [795, 784]
sft_step124_gpu2 stage_v7/s01c ok=True answered  [891]
sft_step124_gpu2 stage_v7/s01d ok=False needs_clarification AMBIGUOUS_INNER_AGGREGATION [578, 1974]
sft_step124_gpu2 stage_v7/s02a ok=True answered  [493]
sft_step124_gpu2 stage_v7/s02b ok=True answered  [782]
sft_step124_gpu2 stage_v7/s02c ok=True needs_clarification AMBIGUOUS_INNER_AGGREGATION [1268]
sft_step124_gpu2 stage_v7/s03a ok=True answered  [815]
sft_step124_gpu2 stage_v7/s03b ok=True unsupported UNVERIFIED_TIMS_CONTRACT [795]
sft_step124_gpu2 stage_v7/s03c ok=True answered  [763]
sft_step124_gpu2 stage_v7/s03d ok=False failed INVALID_FACTOR_COMBINATION [882, 324]
sft_step124_gpu2 stage_v7/s04a ok=True answered  [785]
sft_step124_gpu2 stage_v7/s04c ok=True answered  [681]
sft_step124_gpu2 stage_v7/s04d ok=True answered  [821, 437]
sft_step124_gpu2 stage_v7/s04e ok=True answered  [634, 577]
sft_step124_gpu2 heldout_v8/t01 ok=True answered  [1104]
sft_step124_gpu2 heldout_v8/t02 ok=False answered  [1221, 1365]
sft_step124_gpu2 heldout_v8/t03 ok=True answered  [1068, 206]
sft_step124_gpu2 heldout_v8/t04 ok=True answered  [791]
sft_step124_gpu2 heldout_v8/t05 ok=True answered  [1033]
sft_step124_gpu2 heldout_v8/t06 ok=False answered  [663]
sft_step124_gpu2 heldout_v8/t07 ok=True answered  [924]
sft_step124_gpu2 heldout_v8/t08 ok=True answered  [633]
sft_step124_gpu2 heldout_v8/t09 ok=True answered  [721]
sft_step124_gpu2 heldout_v8/t11 ok=False failed VALUELESS_CONCEPT [761]
sft_step124_gpu2 heldout_v8/t12 ok=False failed NOT_FOUND [785, 1265]
sft_step124_gpu2 heldout_v8/t13 ok=True answered  [654]
sft_step124_gpu2 heldout_v8/t14 ok=True answered  [1005, 714]
sft_step124_gpu2 heldout_v8/t15 ok=False failed UNSUPPORTED_COMBINATION [643, 357]
sft_step124_gpu2 heldout_v8/t16 ok=True answered  [1330, 411]
sft_step124_gpu2 heldout_v8/t17 ok=False answered  [1151, 1010]
sft_step124_gpu2 heldout_v8/t18 ok=True answered  [659, 348]
sft_step124_gpu2 heldout_v8/t19 ok=False answered  [4255, 545]
sft_step124_gpu2 heldout_v8/t20 ok=False answered  [624]
sft_step124_gpu2 heldout_v8/t21 ok=False answered  [609]
sft_step124_gpu2 heldout_v8/t22 ok=False failed INVALID_CONCEPT [885]
sft_step124_gpu2 heldout_v8/t23 ok=True answered  [946]
sft_step124_gpu2 heldout_v8/t24 ok=False failed MISSING_RELATION_QUALIFIER [702, 953]
sft_step124_gpu2 heldout_v8/t25 ok=False failed INVALID_PLACE [675]
sft_step124_gpu2 heldout_v8/t26 ok=False answered  [938, 917]
sft_step124_gpu2 heldout_v8/t27 ok=True answered  [1205, 452]
sft_step124_gpu2 heldout_v8/t28 ok=True answered  [766, 434]
sft_step124_gpu2 heldout_v8/t29 ok=True answered  [1104, 623]
sft_step124_gpu2 heldout_v8/t30 ok=False answered  [5891, 654]
sft_step124_gpu2 heldout_v8/r01 ok=True answered  [523]
sft_step124_gpu2 heldout_v8/r02 ok=True answered  [690]
sft_step124_gpu2 heldout_v8/r03 ok=True answered  [575]
sft_step124_gpu2 heldout_v8/r04 ok=False failed INVALID_FACTOR_COMBINATION [698, 1126]
sft_step124_gpu2 heldout_v8/r05 ok=True answered  [787]
sft_step124_gpu2 heldout_v8/r06 ok=True answered  [1267]
sft_step124_gpu2 heldout_v8/r07 ok=False answered  [1118]
sft_step124_gpu2 heldout_v8/r08 ok=True answered  [704]
sft_step124_gpu2 heldout_v8/r09 ok=True answered  [662]
sft_step124_gpu2 heldout_v8/r10 ok=True answered  [614]
sft_step124_gpu2 heldout_v9/h01 ok=True answered  [1194]
sft_step124_gpu2 heldout_v9/h02 ok=True answered  [755, 1030]
sft_step124_gpu2 heldout_v9/h04 ok=False answered  [1057]
sft_step124_gpu2 heldout_v9/h05 ok=True answered  [545]
sft_step124_gpu2 heldout_v9/h06 ok=False unsupported UNDEFINED_MEASURE_AGGREGATION [569]
sft_step124_gpu2 heldout_v9/h07 ok=True answered  [819]
sft_step124_gpu2 heldout_v9/h08 ok=True answered  [609, 437]
sft_step124_gpu2 heldout_v9/h09 ok=False answered  [1459]
sft_step124_gpu2 heldout_v9/h10 ok=True answered  [764]
sft_step124_gpu2 heldout_v9/h11 ok=False failed NOT_FOUND [866, 1149]
sft_step124_gpu2 heldout_v9/h12 ok=False failed NOT_FOUND [678, 348]
sft_step124_gpu2 heldout_v9/h13 ok=True answered  [850]
sft_step124_gpu2 heldout_v9/h14 ok=False unsupported PARAM_VALUE_REQUIRES_INPUT [1596]
sft_step124_gpu2 heldout_v9/h15 ok=False answered  [740, 370]
sft_step124_gpu2 heldout_v9/h16 ok=False answered  [826, 2304]
sft_step124_gpu2 heldout_v9/h17 ok=False answered  [858]
sft_step124_gpu2 heldout_v9/h18 ok=True answered  [975]
sft_step124_gpu2 heldout_v9/h19 ok=False failed NOT_FOUND [2604, 666]
sft_step124_gpu2 heldout_v9/h20 ok=False failed NOT_FOUND [990, 1283]
sft_step124_gpu2 heldout_v9/h21 ok=False answered  [1606]
sft_step124_gpu2 heldout_v9/h22 ok=False answered  [1561]
sft_step124_gpu2 heldout_v9/h23 ok=True answered  [595, 252]
sft_step124_gpu2 heldout_v9/h24 ok=False needs_clarification AMBIGUOUS_INNER_AGGREGATION [3156, 771]
sft_step124_gpu2 heldout_v9/h25 ok=True answered  [783]
sft_step124_gpu2 heldout_v9/h26 ok=True answered  [1336]
sft_step124_gpu2 heldout_v9/h27 ok=True unsupported UNCONSUMED_CONDITION [1023]
sft_step124_gpu2 heldout_v9/h28 ok=False answered  [803]
sft_step124_gpu2 heldout_v9/h29 ok=True answered  [681]
sft_step124_gpu2 heldout_v9/h30 ok=False failed MISSING_RELATION_QUALIFIER [548, 755]
sft_step124_gpu2 heldout_v9/h31 ok=True answered  [750]
sft_step124_gpu2 heldout_v9/h32 ok=True answered  [562]
sft_step124_gpu2 heldout_v9/h33 ok=True answered  [673]
sft_step124_gpu2 heldout_v9/h34 ok=True answered  [538]
sft_step124_gpu2 heldout_v9/h35 ok=True answered  [738]
sft_step124_gpu2 heldout_v9/h36 ok=True answered  [630]
sft_step124_gpu2 heldout_v9/h37 ok=True answered  [681]
sft_step124_gpu2 heldout_v9/h38 ok=True answered  [651]
sft_step124_gpu2 heldout_v9/h39 ok=True answered  [747]
sft_step124_gpu2 heldout_v9/h40 ok=False answered  [688]
sft_step124_gpu2 heldout_v9/h41 ok=True answered  [634]
sft_step124_gpu2 heldout_v9/h42 ok=False unsupported UNDEFINED_MEASURE_AGGREGATION [493]
sft_step124_gpu2 heldout_v9/h43 ok=True answered  [755]
sft_step124_gpu2 heldout_v9/h44 ok=True answered  [636]
sft_step124_gpu2 heldout_v9/h45 ok=True answered  [743]
{"label": "sft_step124_gpu2", "items": 98, "grounding_ok": 61, "first_raw_ok": 37, "outcomes": {"answered:None": 76, "needs_clarification:AMBIGUOUS_AGGREGATION_STAGE": 1, "needs_clarification:AMBIGUOUS_INNER_AGGREGATION": 3, "unsupported:UNVERIFIED_TIMS_CONTRACT": 1, "failed:INVALID_FACTOR_COMBINATION": 2, "failed:VALUELESS_CONCEPT": 1, "failed:NOT_FOUND": 5, "failed:UNSUPPORTED_COMBINATION": 1, "failed:INVALID_CONCEPT": 1, "failed:MISSING_RELATION_QUALIFIER": 2, "failed:INVALID_PLACE": 1, "unsupported:UNDEFINED_MEASURE_AGGREGATION": 2, "unsupported:PARAM_VALUE_REQUIRES_INPUT": 1, "unsupported:UNCONSUMED_CONDITION": 1}, "model_calls": 130, "place_repair_calls": 4, "other_repair_calls": 28, "truncated_calls": 0, "seconds": 3990.5}
