`torch_dtype` is deprecated! Use `dtype` instead!
Loading checkpoint shards:   0%|          | 0/5 [00:00<?, ?it/s]Loading checkpoint shards: 100%|██████████| 5/5 [00:00<00:00, 254.91it/s]
The following generation flags are not valid and may be ignored: ['temperature', 'top_p', 'top_k']. Set `TRANSFORMERS_VERBOSITY=info` for more details.
001 match answered  [705]
002 match answered  [835]
003 match answered  [590]
004 match answered  [787]
005 match answered  [739]
006 match answered  [628]
007 answered_mismatch answered  [1999, 268]
008 match answered  [1314]
009 match answered  [787]
010 match answered  [1090]
011 match answered  [728]
012 match answered  [960]
013 match answered  [1367]
014 match answered  [591]
015 failed failed INVALID_FACTOR_COMBINATION [1172, 1277]
016 match answered  [655]
017 match answered  [654]
018 match answered  [797]
019 match answered  [758]
020 failed failed VALUELESS_CONCEPT [2481]
021 match answered  [1001]
022 match answered  [827]
023 match answered  [595]
024 match answered  [1156]
025 failed failed INVALID_FACTOR_COMBINATION [1966, 369]
026 match answered  [1026]
027 match answered  [632]
028 match answered  [592]
029 match answered  [618]
030 match answered  [960, 3416]
031 match answered  [883]
032 match answered  [976]
033 match answered  [814]
034 match answered  [648]
035 match answered  [614]
036 match answered  [758]
037 failed failed MISSING_RELATION_QUALIFIER [909, 1087]
038 match answered  [767]
039 match answered  [1038]
040 match answered  [1091, 341]
041 match answered  [654, 472]
042 match answered  [1180]
043 match answered  [575]
044 match answered  [838, 305]
045 match answered  [532]
046 match answered  [3157]
047 match answered  [785]
048 match answered  [683]
049 match answered  [563]
050 match answered  [718]
051 match answered  [690]
052 match answered  [1276]
053 match answered  [580]
054 failed failed MISSING_RELATION_QUALIFIER [779, 536]
055 match answered  [814]
056 match answered  [752]
057 match answered  [592]
058 match answered  [619]
059 match answered  [632]
060 refused_unsupported unsupported UNCONSUMED_CONDITION [808]
061 match answered  [776]
062 match answered  [447]
063 match answered  [409]
064 match answered  [950]
065 match answered  [950]
066 match answered  [590, 346]
067 failed failed MISSING_RELATION_QUALIFIER [791, 8192, 8192]
068 match answered  [769]
069 match answered  [578]
070 match answered  [804]
071 match answered  [676]
072 match answered  [1124]
073 match answered  [938]
074 failed failed MISSING_RELATION_QUALIFIER [1206, 710]
075 match answered  [1509]
076 match answered  [817]
077 match answered  [947]
078 match answered  [786]
079 match answered  [907]
080 match answered  [1040]
081 match answered  [734]
082 failed failed NO_MEASURE [1517]
083 match answered  [526]
084 match answered  [649]
085 match answered  [670, 475]
086 match answered  [636]
087 match answered  [660]
088 failed failed MISSING_RELATION_QUALIFIER [969, 303]
089 match answered  [740]
090 match answered  [613]
091 match answered  [606]
092 match answered  [666]
093 refused_unsupported unsupported UNCONSUMED_CONDITION [1879, 2415]
094 match answered  [670]
095 failed failed INVALID_FACTOR [783, 575]
096 match answered  [628]
097 match answered  [583, 305]
098 match answered  [850, 848]
099 match answered  [1355]
100 match answered  [797]
{"items": 100, "grounding_ok": 88, "truncated_calls": 2, "categories": {"match": 87, "answered_mismatch": 1, "failed": 10, "refused_unsupported": 2}}
