`torch_dtype` is deprecated! Use `dtype` instead!
Loading checkpoint shards:   0%|          | 0/5 [00:00<?, ?it/s]Loading checkpoint shards: 100%|██████████| 5/5 [00:00<00:00, 102.11it/s]
The following generation flags are not valid and may be ignored: ['temperature', 'top_p', 'top_k']. Set `TRANSFORMERS_VERBOSITY=info` for more details.
001 match answered  [818]
002 match answered  [1269]
003 match answered  [565]
004 match answered  [823]
005 match answered  [821]
006 match answered  [695]
007 match answered  [1082, 299]
008 match answered  [1015]
009 match answered  [610]
010 match answered  [1230]
011 match answered  [617]
012 match answered  [728]
013 match answered  [2174]
014 match answered  [581]
015 failed failed INVALID_FACTOR_COMBINATION [748, 1146]
016 match answered  [831]
017 match answered  [1468]
018 match answered  [596]
019 match answered  [1320]
020 match answered  [1027]
021 match answered  [583]
022 match answered  [1435]
023 match answered  [1246]
024 match answered  [938]
025 refused_unsupported unsupported UNCONSUMED_CONDITION [1488]
026 failed failed OUTPUT_TRUNCATED [8192, 8192]
027 match answered  [559]
028 match answered  [702]
029 match answered  [507]
030 failed failed MISSING_RELATION_QUALIFIER [1717, 433]
031 match answered  [1030]
032 match answered  [1280]
033 match answered  [757]
034 match answered  [592]
035 match answered  [585]
036 match answered  [755]
037 failed failed MISSING_RELATION_QUALIFIER [1333, 858]
038 match answered  [1015]
039 match answered  [1003]
040 match answered  [813, 413]
041 match answered  [1230, 452]
042 match answered  [912]
043 match answered  [631]
044 match answered  [792, 314]
045 match answered  [558]
046 match answered  [1974]
047 match answered  [676]
048 match answered  [1223]
049 match answered  [484]
050 match answered  [714]
051 match answered  [723]
052 match answered  [730]
053 match answered  [498]
054 answered_mismatch answered  [662, 485]
055 match answered  [833]
056 match answered  [1043]
057 match answered  [562]
058 match answered  [634]
059 match answered  [681]
060 match answered  [1098]
061 match answered  [807]
062 match answered  [662]
063 match answered  [409]
064 match answered  [743]
065 match answered  [525]
066 match answered  [1215]
067 match answered  [756, 767]
068 match answered  [667]
069 match answered  [514]
070 failed failed UNKNOWN_ATTRIBUTE [1780]
071 match answered  [557]
072 match answered  [834]
073 match answered  [857, 1584]
074 match answered  [740]
075 match answered  [1596]
076 match answered  [701]
077 match answered  [1093]
078 match answered  [929]
079 match answered  [837]
080 match answered  [838]
081 match answered  [1401]
082 match answered  [1171]
083 answered_mismatch answered  [588, 761]
084 match answered  [1042]
085 match answered  [875]
086 match answered  [632]
087 match answered  [609]
088 failed failed MISSING_RELATION_QUALIFIER [1735, 579]
089 match answered  [1506, 431]
090 match answered  [1256]
091 match answered  [651]
092 match answered  [547]
093 match answered  [1009, 2097]
094 match answered  [500]
095 failed failed INVALID_FACTOR [763, 499]
096 match answered  [751]
097 match answered  [659, 306]
098 match answered  [849]
099 match answered  [949]
100 match answered  [754]
{"items": 100, "grounding_ok": 85, "truncated_calls": 2, "categories": {"match": 90, "failed": 7, "refused_unsupported": 1, "answered_mismatch": 2}}
