001 match answered 
002 refused_unsupported unsupported UNCONSUMED_CONDITION
003 match answered 
004 match answered 
005 failed failed MISSING_CONCEPT_VALUE
006 match answered 
007 failed failed UNGROUNDED_SCOPE
008 refused_unsupported unsupported NO_OPERATOR
009 match answered 
010 match answered 
011 match answered 
012 match answered 
013 answered_mismatch answered 
014 match answered 
015 failed failed INVALID_FACTOR_COMBINATION
016 match answered 
017 match answered 
018 match answered 
019 match answered 
020 match answered 
021 match answered 
022 match answered 
023 match answered 
024 match answered 
025 match answered 
026 answered_mismatch answered 
027 match answered 
028 match answered 
029 match answered 
030 answered_mismatch answered 
031 match answered 
032 failed failed MISSING_CONCEPT_VALUE
033 match answered 
034 match answered 
035 match answered 
036 match answered 
037 answered_mismatch answered 
038 match answered 
039 match answered 
040 answered_mismatch answered 
041 answered_mismatch answered 
042 match answered 
043 match answered 
044 answered_mismatch answered 
045 match answered 
046 failed failed UNKNOWN_ATTRIBUTE
047 match answered 
048 match answered 
049 match answered 
050 match answered 
051 match answered 
052 match answered 
053 match answered 
054 match answered 
055 match answered 
056 match answered 
057 match answered 
058 match answered 
059 match answered 
060 match answered 
061 match answered 
062 match answered 
063 match answered 
064 match answered 
065 match answered 
066 failed failed INVALID_FACTOR_COMBINATION
067 match answered 
068 match answered 
069 match answered 
070 refused_unsupported unsupported PARAM_VALUE_FORBIDS_INPUT
071 match answered 
072 match answered 
073 match answered 
074 match answered 
075 match answered 
076 failed failed MISSING_CONCEPT_VALUE
077 match answered 
078 match answered 
079 match answered 
080 failed failed UNKNOWN_ATTRIBUTE
081 match answered 
082 match answered 
083 match answered 
084 match answered 
085 answered_mismatch answered 
086 match answered 
087 match answered 
088 match answered 
089 match answered 
090 match answered 
091 match answered 
092 match answered 
093 match answered 
094 match answered 
095 match answered 
096 match answered 
097 match answered 
098 match answered 
099 match answered 
100 answered_mismatch answered 
{"items": 100, "categories": {"match": 80, "refused_unsupported": 3, "failed": 8, "answered_mismatch": 9}, "outcomes": {"answered": 89, "unsupported": 3, "failed": 8}, "error_codes": {"UNCONSUMED_CONDITION": 1, "MISSING_CONCEPT_VALUE": 3, "UNGROUNDED_SCOPE": 1, "NO_OPERATOR": 1, "INVALID_FACTOR_COMBINATION": 2, "UNKNOWN_ATTRIBUTE": 2, "PARAM_VALUE_FORBIDS_INPUT": 1}}
