`torch_dtype` is deprecated! Use `dtype` instead!
Loading checkpoint shards:   0%|          | 0/5 [00:00<?, ?it/s]Loading checkpoint shards: 100%|██████████| 5/5 [00:00<00:00, 176.63it/s]
The following generation flags are not valid and may be ignored: ['temperature', 'top_p', 'top_k']. Set `TRANSFORMERS_VERBOSITY=info` for more details.
sel_sft_step758 old44/g02 ok=False failed MISSING_RELATION_QUALIFIER [1603, 511]
sel_sft_step758 old44/g03 ok=True answered  [778]
sel_sft_step758 old44/g04 ok=False failed MISSING_RELATION_QUALIFIER [1197, 370]
sel_sft_step758 old44/g06 ok=True unsupported UNCONSUMED_CONDITION [2604]
sel_sft_step758 old44/g08 ok=True answered  [783]
sel_sft_step758 old44/g09 ok=True answered  [722]
sel_sft_step758 old44/g11 ok=True answered  [852]
sel_sft_step758 old44/g12 ok=True answered  [883, 281]
sel_sft_step758 old44/g17 ok=True unsupported UNCONSUMED_CONDITION [1522]
sel_sft_step758 old44/g18 ok=True answered  [979]
sel_sft_step758 old44/g19 ok=True answered  [768]
sel_sft_step758 old44/g20 ok=True answered  [864]
sel_sft_step758 old44/g21 ok=True answered  [875]
sel_sft_step758 old44/g22 ok=True answered  [545]
sel_sft_step758 old44/g23 ok=True answered  [899]
sel_sft_step758 old44/g24 ok=True answered  [671, 313]
sel_sft_step758 old44/g25 ok=True answered  [586]
sel_sft_step758 old44/g26 ok=True answered  [725]
sel_sft_step758 old44/g28 ok=True answered  [808]
sel_sft_step758 old44/g29 ok=True answered  [801]
sel_sft_step758 old44/g30 ok=True answered  [529]
sel_sft_step758 old44/g31 ok=True answered  [1154]
sel_sft_step758 old44/g35 ok=True answered  [632, 429]
sel_sft_step758 old44/g36 ok=True answered  [1036]
sel_sft_step758 old44/g37 ok=True answered  [627]
sel_sft_step758 old44/g39 ok=True answered  [681]
sel_sft_step758 old44/g41 ok=True answered  [790]
sel_sft_step758 old44/g42 ok=True answered  [570]
sel_sft_step758 old44/g44 ok=False needs_clarification AMBIGUOUS_INNER_AGGREGATION [1121, 676]
sel_sft_step758 contrast/c01a ok=True answered  [3045, 929]
sel_sft_step758 contrast/c03a ok=True answered  [837]
sel_sft_step758 contrast/c03c ok=False answered  [767]
sel_sft_step758 contrast/c03d ok=True answered  [714]
sel_sft_step758 contrast/c04b ok=True answered  [711]
sel_sft_step758 contrast/c05a ok=False failed INVALID_FACTOR [1165, 1007]
sel_sft_step758 contrast/c05c ok=False answered  [2615, 353]
sel_sft_step758 contrast/c06c ok=True answered  [629]
sel_sft_step758 contrast/c07a ok=False failed VALUELESS_CONCEPT [1304]
sel_sft_step758 contrast/c07b ok=False failed INVALID_CONCEPT [811]
sel_sft_step758 contrast/c08a ok=True answered  [572]
sel_sft_step758 contrast/c08d ok=True answered  [659]
sel_sft_step758 contrast/c08e ok=True answered  [632]
sel_sft_step758 contrast/c09a ok=False answered  [1398, 334]
sel_sft_step758 indepv2/n02 ok=False answered  [897]
sel_sft_step758 indepv2/n06 ok=False unsupported UNCONSUMED_CONDITION [1661, 356]
sel_sft_step758 indepv2/n08 ok=False answered  [738]
sel_sft_step758 indepv2/n10 ok=False failed OUTPUT_TRUNCATED [8192, 8192]
sel_sft_step758 indepv2/n14 ok=True answered  [535]
sel_sft_step758 indepv2/n15 ok=True answered  [862]
sel_sft_step758 indepv2/n16 ok=True answered  [904]
sel_sft_step758 indepv2/n18 ok=False failed OUTPUT_TRUNCATED [8192, 8192]
sel_sft_step758 indepv2/n20 ok=True answered  [855]
sel_sft_step758 indepv2/n21 ok=True answered  [683]
sel_sft_step758 indepv2/n25 ok=False unsupported UNCONSUMED_CONDITION [793]
sel_sft_step758 indepv2/n27 ok=True unsupported UNCONSUMED_CONDITION [712]
sel_sft_step758 indepv2/n30 ok=True answered  [656]
sel_sft_step758 indepv2/n33 ok=False failed MISSING_RELATION_QUALIFIER [1499, 896]
sel_sft_step758 indepv2/n34 ok=True answered  [1142, 256]
sel_sft_step758 indepv2/n35 ok=False answered  [1262]
sel_sft_step758 indepv2/n37 ok=True answered  [664]
sel_sft_step758 indepv2/n40 ok=True answered  [431]
sel_sft_step758 indepv3/m03 ok=False answered  [1447]
sel_sft_step758 indepv3/m04 ok=False unsupported UNCONSUMED_CONDITION [1007]
sel_sft_step758 indepv3/m05 ok=True answered  [758]
sel_sft_step758 indepv3/m07 ok=True answered  [672]
sel_sft_step758 indepv3/m08 ok=True answered  [758]
sel_sft_step758 indepv3/m09 ok=True answered  [797]
sel_sft_step758 indepv3/m12 ok=False failed NOT_FOUND [1054, 722]
sel_sft_step758 indepv3/m15 ok=True answered  [1032, 437]
sel_sft_step758 indepv3/m17 ok=True answered  [1143]
sel_sft_step758 indepv3/m20 ok=True answered  [675]
sel_sft_step758 indepv3/m22 ok=True answered  [525]
sel_sft_step758 indepv3/m23 ok=True answered  [749]
sel_sft_step758 indepv3/m24 ok=False answered  [948]
sel_sft_step758 indepv3/m27 ok=True answered  [810]
sel_sft_step758 indepv3/m28 ok=True answered  [648]
sel_sft_step758 indepv3/m30 ok=True answered  [815]
sel_sft_step758 indepv3/m33 ok=True answered  [598]
sel_sft_step758 indepv3/m34 ok=True answered  [877]
sel_sft_step758 indepv3/m35 ok=True answered  [494]
sel_sft_step758 indepv3/m37 ok=True answered  [879, 408]
sel_sft_step758 indepv3/m39 ok=True unsupported UNCONSUMED_CONDITION [585]
sel_sft_step758 indepv4/k03 ok=True answered  [818]
sel_sft_step758 indepv4/k05 ok=False failed UNKNOWN_FACTOR [938]
sel_sft_step758 indepv4/k06 ok=False unsupported NO_OPERATOR [713]
sel_sft_step758 indepv4/k08 ok=True answered  [651]
sel_sft_step758 indepv4/k13 ok=True answered  [776]
sel_sft_step758 indepv4/k15 ok=True answered  [537]
sel_sft_step758 indepv4/k17 ok=True answered  [446, 639]
sel_sft_step758 indepv4/k18 ok=True answered  [1340]
sel_sft_step758 indepv4/k20 ok=True answered  [1262]
sel_sft_step758 indepv4/k21 ok=True answered  [685]
sel_sft_step758 indepv4/k23 ok=False failed AMBIGUOUS_LOCATION_RELATION [644]
sel_sft_step758 indepv4/k26 ok=True answered  [1203]
sel_sft_step758 indepv4/k27 ok=True answered  [714]
sel_sft_step758 indepv4/k28 ok=False unsupported NO_OPERATOR [1141]
sel_sft_step758 indepv4/k32 ok=False answered  [979]
sel_sft_step758 indepv4/k35 ok=True answered  [1262, 716]
sel_sft_step758 indepv4/k36 ok=False failed INVALID_FACTOR_COMBINATION [650, 888]
sel_sft_step758 indepv4/k37 ok=True answered  [837]
{"label": "sel_sft_step758", "items": 100, "grounding_ok": 73, "first_raw_ok": 55, "outcomes": {"failed:MISSING_RELATION_QUALIFIER": 3, "answered:None": 78, "unsupported:UNCONSUMED_CONDITION": 7, "needs_clarification:AMBIGUOUS_INNER_AGGREGATION": 1, "failed:INVALID_FACTOR": 1, "failed:VALUELESS_CONCEPT": 1, "failed:INVALID_CONCEPT": 1, "failed:OUTPUT_TRUNCATED": 2, "failed:NOT_FOUND": 1, "failed:UNKNOWN_FACTOR": 1, "unsupported:NO_OPERATOR": 2, "failed:AMBIGUOUS_LOCATION_RELATION": 1, "failed:INVALID_FACTOR_COMBINATION": 1}, "model_calls": 121, "place_repair_calls": 1, "other_repair_calls": 20, "truncated_calls": 4, "seconds": 4467.7}
