`torch_dtype` is deprecated! Use `dtype` instead!
Loading checkpoint shards:   0%|          | 0/5 [00:00<?, ?it/s]Loading checkpoint shards: 100%|██████████| 5/5 [00:00<00:00, 191.09it/s]
The following generation flags are not valid and may be ignored: ['temperature', 'top_p', 'top_k']. Set `TRANSFORMERS_VERBOSITY=info` for more details.
sel_dpo_step216 old44/g02 ok=True answered  [756]
sel_dpo_step216 old44/g03 ok=True answered  [731]
sel_dpo_step216 old44/g04 ok=False answered  [1309, 748]
sel_dpo_step216 old44/g06 ok=True unsupported UNCONSUMED_CONDITION [1952]
sel_dpo_step216 old44/g08 ok=True answered  [876]
sel_dpo_step216 old44/g09 ok=True answered  [561]
sel_dpo_step216 old44/g11 ok=True answered  [751]
sel_dpo_step216 old44/g12 ok=True answered  [821, 244]
sel_dpo_step216 old44/g17 ok=True unsupported UNCONSUMED_CONDITION [631]
sel_dpo_step216 old44/g18 ok=True answered  [599]
sel_dpo_step216 old44/g19 ok=True answered  [746]
sel_dpo_step216 old44/g20 ok=True answered  [638]
sel_dpo_step216 old44/g21 ok=True answered  [728]
sel_dpo_step216 old44/g22 ok=True failed UNUSED_CONCEPT [437]
sel_dpo_step216 old44/g23 ok=False answered  [703]
sel_dpo_step216 old44/g24 ok=False failed INVALID_FACTOR_COMBINATION [796, 8192, 8192]
sel_dpo_step216 old44/g25 ok=True answered  [707]
sel_dpo_step216 old44/g26 ok=True answered  [718]
sel_dpo_step216 old44/g28 ok=True answered  [860]
sel_dpo_step216 old44/g29 ok=True answered  [807]
sel_dpo_step216 old44/g30 ok=True answered  [467]
sel_dpo_step216 old44/g31 ok=True answered  [1090]
sel_dpo_step216 old44/g35 ok=True answered  [654, 448]
sel_dpo_step216 old44/g36 ok=True answered  [888]
sel_dpo_step216 old44/g37 ok=True answered  [652]
sel_dpo_step216 old44/g39 ok=True answered  [700]
sel_dpo_step216 old44/g41 ok=True answered  [1430]
sel_dpo_step216 old44/g42 ok=True answered  [699]
sel_dpo_step216 old44/g44 ok=False needs_clarification AMBIGUOUS_AGGREGATION_STAGE [994, 1958]
sel_dpo_step216 contrast/c01a ok=True answered  [688, 1728]
sel_dpo_step216 contrast/c03a ok=True answered  [811]
sel_dpo_step216 contrast/c03c ok=True answered  [806]
sel_dpo_step216 contrast/c03d ok=True answered  [701]
sel_dpo_step216 contrast/c04b ok=True answered  [991]
sel_dpo_step216 contrast/c05a ok=True answered  [1429]
sel_dpo_step216 contrast/c05c ok=True answered  [1329]
sel_dpo_step216 contrast/c06c ok=True answered  [560]
sel_dpo_step216 contrast/c07a ok=True answered  [835]
sel_dpo_step216 contrast/c07b ok=True answered  [1256, 493]
sel_dpo_step216 contrast/c08a ok=True answered  [559]
sel_dpo_step216 contrast/c08d ok=True answered  [648]
sel_dpo_step216 contrast/c08e ok=True answered  [621]
sel_dpo_step216 contrast/c09a ok=True answered  [1882]
sel_dpo_step216 indepv2/n02 ok=False answered  [1002]
sel_dpo_step216 indepv2/n06 ok=True answered  [802, 295]
sel_dpo_step216 indepv2/n08 ok=False answered  [662]
sel_dpo_step216 indepv2/n10 ok=False answered  [1442, 238]
sel_dpo_step216 indepv2/n14 ok=True answered  [626]
sel_dpo_step216 indepv2/n15 ok=True answered  [722]
sel_dpo_step216 indepv2/n16 ok=True answered  [1386, 401]
sel_dpo_step216 indepv2/n18 ok=False unsupported NO_OPERATOR [2098]
sel_dpo_step216 indepv2/n20 ok=True answered  [1275]
sel_dpo_step216 indepv2/n21 ok=False needs_clarification AMBIGUOUS_INNER_AGGREGATION [565]
sel_dpo_step216 indepv2/n25 ok=True unsupported UNCONSUMED_CONDITION [739]
sel_dpo_step216 indepv2/n27 ok=True unsupported UNCONSUMED_CONDITION [571]
sel_dpo_step216 indepv2/n30 ok=False answered  [1429]
sel_dpo_step216 indepv2/n33 ok=False answered  [1716, 638]
sel_dpo_step216 indepv2/n34 ok=False answered  [1555, 309]
sel_dpo_step216 indepv2/n35 ok=True answered  [691]
sel_dpo_step216 indepv2/n37 ok=True answered  [904]
sel_dpo_step216 indepv2/n40 ok=True answered  [436]
sel_dpo_step216 indepv3/m03 ok=False answered  [1340]
sel_dpo_step216 indepv3/m04 ok=True answered  [876]
sel_dpo_step216 indepv3/m05 ok=False answered  [1813]
sel_dpo_step216 indepv3/m07 ok=True answered  [860]
sel_dpo_step216 indepv3/m08 ok=True answered  [788]
sel_dpo_step216 indepv3/m09 ok=True answered  [932]
sel_dpo_step216 indepv3/m12 ok=False failed NOT_FOUND [1003, 740]
sel_dpo_step216 indepv3/m15 ok=True answered  [642, 420]
sel_dpo_step216 indepv3/m17 ok=True answered  [920]
sel_dpo_step216 indepv3/m20 ok=True answered  [915, 659]
sel_dpo_step216 indepv3/m22 ok=True answered  [537]
sel_dpo_step216 indepv3/m23 ok=True answered  [732]
sel_dpo_step216 indepv3/m24 ok=False answered  [1217]
sel_dpo_step216 indepv3/m27 ok=False failed INVALID_PARAM_VALUE [2653]
sel_dpo_step216 indepv3/m28 ok=True answered  [642]
sel_dpo_step216 indepv3/m30 ok=True answered  [661]
sel_dpo_step216 indepv3/m33 ok=True answered  [549]
sel_dpo_step216 indepv3/m34 ok=True answered  [890]
sel_dpo_step216 indepv3/m35 ok=True answered  [1003]
sel_dpo_step216 indepv3/m37 ok=True answered  [827, 428]
sel_dpo_step216 indepv3/m39 ok=False unsupported NO_OPERATOR [710]
sel_dpo_step216 indepv4/k03 ok=True answered  [993]
sel_dpo_step216 indepv4/k05 ok=False unsupported NO_OPERATOR [669]
sel_dpo_step216 indepv4/k06 ok=False unsupported NO_OPERATOR [735]
sel_dpo_step216 indepv4/k08 ok=False failed INVALID_FACTOR_COMBINATION [728, 1076]
sel_dpo_step216 indepv4/k13 ok=True answered  [919]
sel_dpo_step216 indepv4/k15 ok=True answered  [659]
sel_dpo_step216 indepv4/k17 ok=True answered  [424]
sel_dpo_step216 indepv4/k18 ok=True answered  [683]
sel_dpo_step216 indepv4/k20 ok=True answered  [1166]
sel_dpo_step216 indepv4/k21 ok=True answered  [543]
sel_dpo_step216 indepv4/k23 ok=True unsupported UNCONSUMED_CONDITION [612]
sel_dpo_step216 indepv4/k26 ok=True answered  [889, 624]
sel_dpo_step216 indepv4/k27 ok=True answered  [604]
sel_dpo_step216 indepv4/k28 ok=True answered  [2225]
sel_dpo_step216 indepv4/k32 ok=False answered  [1049, 628]
sel_dpo_step216 indepv4/k35 ok=True answered  [1240]
sel_dpo_step216 indepv4/k36 ok=True answered  [763, 1112]
sel_dpo_step216 indepv4/k37 ok=True answered  [873]
{"label": "sel_dpo_step216", "items": 100, "grounding_ok": 78, "first_raw_ok": 57, "outcomes": {"answered:None": 84, "unsupported:UNCONSUMED_CONDITION": 5, "failed:UNUSED_CONCEPT": 1, "failed:INVALID_FACTOR_COMBINATION": 2, "needs_clarification:AMBIGUOUS_AGGREGATION_STAGE": 1, "unsupported:NO_OPERATOR": 4, "needs_clarification:AMBIGUOUS_INNER_AGGREGATION": 1, "failed:NOT_FOUND": 1, "failed:INVALID_PARAM_VALUE": 1}, "model_calls": 121, "place_repair_calls": 1, "other_repair_calls": 20, "truncated_calls": 2, "seconds": 3824.4}
