`torch_dtype` is deprecated! Use `dtype` instead!
Loading checkpoint shards:   0%|          | 0/5 [00:00<?, ?it/s]Loading checkpoint shards: 100%|██████████| 5/5 [00:00<00:00, 197.48it/s]
The following generation flags are not valid and may be ignored: ['temperature', 'top_p', 'top_k']. Set `TRANSFORMERS_VERBOSITY=info` for more details.
sel_sft_step570 old44/g02 ok=True answered  [1332]
sel_sft_step570 old44/g03 ok=True answered  [711]
sel_sft_step570 old44/g04 ok=True answered  [1999]
sel_sft_step570 old44/g06 ok=True answered  [1159]
sel_sft_step570 old44/g08 ok=True answered  [805]
sel_sft_step570 old44/g09 ok=True answered  [732]
sel_sft_step570 old44/g11 ok=False answered  [723]
sel_sft_step570 old44/g12 ok=True answered  [813, 1364]
sel_sft_step570 old44/g17 ok=True unsupported UNCONSUMED_CONDITION [734]
sel_sft_step570 old44/g18 ok=True answered  [544]
sel_sft_step570 old44/g19 ok=True answered  [625]
sel_sft_step570 old44/g20 ok=True answered  [714]
sel_sft_step570 old44/g21 ok=True answered  [919]
sel_sft_step570 old44/g22 ok=True answered  [582]
sel_sft_step570 old44/g23 ok=True answered  [675]
sel_sft_step570 old44/g24 ok=True answered  [677, 560]
sel_sft_step570 old44/g25 ok=True answered  [622]
sel_sft_step570 old44/g26 ok=True answered  [754]
sel_sft_step570 old44/g28 ok=True answered  [723]
sel_sft_step570 old44/g29 ok=True answered  [815]
sel_sft_step570 old44/g30 ok=True answered  [494]
sel_sft_step570 old44/g31 ok=True answered  [1054]
sel_sft_step570 old44/g35 ok=True answered  [620, 443]
sel_sft_step570 old44/g36 ok=False failed NO_MEASURE [536]
sel_sft_step570 old44/g37 ok=True answered  [594]
sel_sft_step570 old44/g39 ok=True answered  [727]
sel_sft_step570 old44/g41 ok=True answered  [700]
sel_sft_step570 old44/g42 ok=True answered  [663]
sel_sft_step570 old44/g44 ok=False needs_clarification AMBIGUOUS_AGGREGATION_STAGE [543, 1117]
sel_sft_step570 contrast/c01a ok=True answered  [919, 714]
sel_sft_step570 contrast/c03a ok=True answered  [705]
sel_sft_step570 contrast/c03c ok=False answered  [1912, 345]
sel_sft_step570 contrast/c03d ok=True answered  [732]
sel_sft_step570 contrast/c04b ok=True answered  [703]
sel_sft_step570 contrast/c05a ok=True answered  [1097]
sel_sft_step570 contrast/c05c ok=True answered  [1213]
sel_sft_step570 contrast/c06c ok=True answered  [651]
sel_sft_step570 contrast/c07a ok=False answered  [884]
sel_sft_step570 contrast/c07b ok=False failed INVALID_CONCEPT [755]
sel_sft_step570 contrast/c08a ok=True answered  [707]
sel_sft_step570 contrast/c08d ok=True answered  [520]
sel_sft_step570 contrast/c08e ok=True answered  [591]
sel_sft_step570 contrast/c09a ok=False answered  [1153]
sel_sft_step570 indepv2/n02 ok=False answered  [1178, 523]
sel_sft_step570 indepv2/n06 ok=False answered  [3663]
sel_sft_step570 indepv2/n08 ok=False answered  [1263]
sel_sft_step570 indepv2/n10 ok=False answered  [971]
sel_sft_step570 indepv2/n14 ok=True answered  [522]
sel_sft_step570 indepv2/n15 ok=True answered  [603]
sel_sft_step570 indepv2/n16 ok=True answered  [1079, 368]
sel_sft_step570 indepv2/n18 ok=False unsupported NO_OPERATOR [749]
sel_sft_step570 indepv2/n20 ok=True answered  [857]
sel_sft_step570 indepv2/n21 ok=True answered  [484]
sel_sft_step570 indepv2/n25 ok=True unsupported UNCONSUMED_CONDITION [1115]
sel_sft_step570 indepv2/n27 ok=True unsupported UNCONSUMED_CONDITION [672]
sel_sft_step570 indepv2/n30 ok=True answered  [2346]
sel_sft_step570 indepv2/n33 ok=False failed MISSING_RELATION_QUALIFIER [1059, 884]
sel_sft_step570 indepv2/n34 ok=True answered  [851, 1048]
sel_sft_step570 indepv2/n35 ok=False answered  [1109]
sel_sft_step570 indepv2/n37 ok=True answered  [641]
sel_sft_step570 indepv2/n40 ok=True answered  [578]
sel_sft_step570 indepv3/m03 ok=False unsupported UNCONSUMED_CONDITION [1700]
sel_sft_step570 indepv3/m04 ok=False answered  [1623, 418]
sel_sft_step570 indepv3/m05 ok=True answered  [1647]
sel_sft_step570 indepv3/m07 ok=True answered  [711]
sel_sft_step570 indepv3/m08 ok=True answered  [821]
sel_sft_step570 indepv3/m09 ok=True answered  [809]
sel_sft_step570 indepv3/m12 ok=False answered  [1311]
sel_sft_step570 indepv3/m15 ok=False failed INVALID_FACTOR_COMBINATION [1171, 529]
sel_sft_step570 indepv3/m17 ok=True answered  [1247]
sel_sft_step570 indepv3/m20 ok=True answered  [646]
sel_sft_step570 indepv3/m22 ok=True answered  [746]
sel_sft_step570 indepv3/m23 ok=True answered  [892]
sel_sft_step570 indepv3/m24 ok=True needs_clarification AMBIGUOUS_INNER_AGGREGATION [2547]
sel_sft_step570 indepv3/m27 ok=True answered  [677]
sel_sft_step570 indepv3/m28 ok=True answered  [579]
sel_sft_step570 indepv3/m30 ok=True answered  [2002]
sel_sft_step570 indepv3/m33 ok=True answered  [598]
sel_sft_step570 indepv3/m34 ok=True answered  [663]
sel_sft_step570 indepv3/m35 ok=True answered  [933]
sel_sft_step570 indepv3/m37 ok=True answered  [870, 370]
sel_sft_step570 indepv3/m39 ok=False unsupported NO_OPERATOR [683]
sel_sft_step570 indepv4/k03 ok=False answered  [845]
sel_sft_step570 indepv4/k05 ok=True answered  [739]
sel_sft_step570 indepv4/k06 ok=True answered  [623]
sel_sft_step570 indepv4/k08 ok=True answered  [790]
sel_sft_step570 indepv4/k13 ok=True answered  [869]
sel_sft_step570 indepv4/k15 ok=True answered  [493]
sel_sft_step570 indepv4/k17 ok=True answered  [429]
sel_sft_step570 indepv4/k18 ok=True answered  [961]
sel_sft_step570 indepv4/k20 ok=True answered  [1613]
sel_sft_step570 indepv4/k21 ok=True answered  [584]
sel_sft_step570 indepv4/k23 ok=True unsupported UNCONSUMED_CONDITION [647]
sel_sft_step570 indepv4/k26 ok=False failed UNSUPPORTED_COMBINATION [1411]
sel_sft_step570 indepv4/k27 ok=True answered  [817]
sel_sft_step570 indepv4/k28 ok=False answered  [843]
sel_sft_step570 indepv4/k32 ok=False answered  [891]
sel_sft_step570 indepv4/k35 ok=True answered  [3344]
sel_sft_step570 indepv4/k36 ok=False failed INVALID_FACTOR_COMBINATION [652, 1249]
sel_sft_step570 indepv4/k37 ok=False failed INVALID_FACTOR [838, 528]
{"label": "sel_sft_step570", "items": 100, "grounding_ok": 75, "first_raw_ok": 58, "outcomes": {"answered:None": 84, "unsupported:UNCONSUMED_CONDITION": 5, "failed:NO_MEASURE": 1, "needs_clarification:AMBIGUOUS_AGGREGATION_STAGE": 1, "failed:INVALID_CONCEPT": 1, "unsupported:NO_OPERATOR": 2, "failed:MISSING_RELATION_QUALIFIER": 1, "failed:INVALID_FACTOR_COMBINATION": 2, "needs_clarification:AMBIGUOUS_INNER_AGGREGATION": 1, "failed:UNSUPPORTED_COMBINATION": 1, "failed:INVALID_FACTOR": 1}, "model_calls": 115, "place_repair_calls": 1, "other_repair_calls": 14, "truncated_calls": 0, "seconds": 3444.8}
