`torch_dtype` is deprecated! Use `dtype` instead!
Loading checkpoint shards:   0%|          | 0/5 [00:00<?, ?it/s]Loading checkpoint shards: 100%|██████████| 5/5 [00:00<00:00, 187.52it/s]
The following generation flags are not valid and may be ignored: ['temperature', 'top_p', 'top_k']. Set `TRANSFORMERS_VERBOSITY=info` for more details.
sel_sft_step380 old44/g02 ok=False failed MISSING_RELATION_QUALIFIER [791, 697]
sel_sft_step380 old44/g03 ok=True answered  [777]
sel_sft_step380 old44/g04 ok=False failed MISSING_RELATION_QUALIFIER [896, 1271]
sel_sft_step380 old44/g06 ok=True answered  [1046]
sel_sft_step380 old44/g08 ok=True answered  [752]
sel_sft_step380 old44/g09 ok=True answered  [671]
sel_sft_step380 old44/g11 ok=False answered  [1047]
sel_sft_step380 old44/g12 ok=True answered  [1030, 316]
sel_sft_step380 old44/g17 ok=True unsupported UNCONSUMED_CONDITION [1104]
sel_sft_step380 old44/g18 ok=True answered  [778]
sel_sft_step380 old44/g19 ok=True answered  [708]
sel_sft_step380 old44/g20 ok=True answered  [1309]
sel_sft_step380 old44/g21 ok=True answered  [955]
sel_sft_step380 old44/g22 ok=True answered  [581]
sel_sft_step380 old44/g23 ok=True answered  [1003]
sel_sft_step380 old44/g24 ok=True answered  [1226, 343]
sel_sft_step380 old44/g25 ok=True answered  [869]
sel_sft_step380 old44/g26 ok=True answered  [864]
sel_sft_step380 old44/g28 ok=True answered  [738]
sel_sft_step380 old44/g29 ok=True answered  [738]
sel_sft_step380 old44/g30 ok=True answered  [516]
sel_sft_step380 old44/g31 ok=True answered  [1022]
sel_sft_step380 old44/g35 ok=True answered  [649, 346]
sel_sft_step380 old44/g36 ok=True answered  [939]
sel_sft_step380 old44/g37 ok=True answered  [658]
sel_sft_step380 old44/g39 ok=True answered  [800]
sel_sft_step380 old44/g41 ok=True answered  [759]
sel_sft_step380 old44/g42 ok=True answered  [669]
sel_sft_step380 old44/g44 ok=False answered  [1235]
sel_sft_step380 contrast/c01a ok=False answered  [920]
sel_sft_step380 contrast/c03a ok=True answered  [830]
sel_sft_step380 contrast/c03c ok=False answered  [2339]
sel_sft_step380 contrast/c03d ok=True answered  [1068]
sel_sft_step380 contrast/c04b ok=True answered  [814]
sel_sft_step380 contrast/c05a ok=True answered  [2284]
sel_sft_step380 contrast/c05c ok=False failed OUTPUT_TRUNCATED [8192, 8192]
sel_sft_step380 contrast/c06c ok=True answered  [831]
sel_sft_step380 contrast/c07a ok=False answered  [1653]
sel_sft_step380 contrast/c07b ok=False failed INVALID_CONCEPT [895]
sel_sft_step380 contrast/c08a ok=True answered  [693]
sel_sft_step380 contrast/c08d ok=True answered  [590]
sel_sft_step380 contrast/c08e ok=True answered  [702]
sel_sft_step380 contrast/c09a ok=True answered  [2495]
sel_sft_step380 indepv2/n02 ok=True answered  [1179, 711]
sel_sft_step380 indepv2/n06 ok=False failed MISSING_RELATION_QUALIFIER [1780, 456]
sel_sft_step380 indepv2/n08 ok=True answered  [942]
sel_sft_step380 indepv2/n10 ok=False answered  [727]
sel_sft_step380 indepv2/n14 ok=True answered  [720]
sel_sft_step380 indepv2/n15 ok=True answered  [944]
sel_sft_step380 indepv2/n16 ok=False failed MISSING_CONCEPT_VALUE [3297]
sel_sft_step380 indepv2/n18 ok=False unsupported NO_OPERATOR [805]
sel_sft_step380 indepv2/n20 ok=True answered  [864]
sel_sft_step380 indepv2/n21 ok=True answered  [824]
sel_sft_step380 indepv2/n25 ok=True unsupported UNCONSUMED_CONDITION [688]
sel_sft_step380 indepv2/n27 ok=True unsupported UNCONSUMED_CONDITION [536]
sel_sft_step380 indepv2/n30 ok=True answered  [638]
sel_sft_step380 indepv2/n33 ok=False answered  [1617]
sel_sft_step380 indepv2/n34 ok=False answered  [712, 325]
sel_sft_step380 indepv2/n35 ok=False answered  [911]
sel_sft_step380 indepv2/n37 ok=True answered  [751]
sel_sft_step380 indepv2/n40 ok=True answered  [699]
sel_sft_step380 indepv3/m03 ok=False answered  [1331, 257]
sel_sft_step380 indepv3/m04 ok=True answered  [850]
sel_sft_step380 indepv3/m05 ok=True answered  [759]
sel_sft_step380 indepv3/m07 ok=True answered  [1230]
sel_sft_step380 indepv3/m08 ok=True answered  [727]
sel_sft_step380 indepv3/m09 ok=True answered  [849]
sel_sft_step380 indepv3/m12 ok=True answered  [1577]
sel_sft_step380 indepv3/m15 ok=False failed UNKNOWN_ATTRIBUTE [888]
sel_sft_step380 indepv3/m17 ok=True answered  [1268]
sel_sft_step380 indepv3/m20 ok=True answered  [783, 511]
sel_sft_step380 indepv3/m22 ok=True answered  [881]
sel_sft_step380 indepv3/m23 ok=True answered  [790]
sel_sft_step380 indepv3/m24 ok=True needs_clarification AMBIGUOUS_INNER_AGGREGATION [1192]
sel_sft_step380 indepv3/m27 ok=False unsupported NO_OPERATOR [1487]
sel_sft_step380 indepv3/m28 ok=True answered  [618]
sel_sft_step380 indepv3/m30 ok=True answered  [881]
sel_sft_step380 indepv3/m33 ok=True answered  [577]
sel_sft_step380 indepv3/m34 ok=True answered  [558]
sel_sft_step380 indepv3/m35 ok=True answered  [771]
sel_sft_step380 indepv3/m37 ok=True answered  [837, 409]
sel_sft_step380 indepv3/m39 ok=True unsupported UNCONSUMED_CONDITION [1100]
sel_sft_step380 indepv4/k03 ok=True answered  [719]
sel_sft_step380 indepv4/k05 ok=True answered  [777]
sel_sft_step380 indepv4/k06 ok=False unsupported NO_OPERATOR [704]
sel_sft_step380 indepv4/k08 ok=False answered  [849]
sel_sft_step380 indepv4/k13 ok=True answered  [848]
sel_sft_step380 indepv4/k15 ok=True answered  [490]
sel_sft_step380 indepv4/k17 ok=True answered  [492]
sel_sft_step380 indepv4/k18 ok=True answered  [781]
sel_sft_step380 indepv4/k20 ok=True answered  [1024]
sel_sft_step380 indepv4/k21 ok=True answered  [543]
sel_sft_step380 indepv4/k23 ok=True unsupported UNCONSUMED_CONDITION [720]
sel_sft_step380 indepv4/k26 ok=False unsupported UNCONSUMED_CONDITION [878, 317]
sel_sft_step380 indepv4/k27 ok=True answered  [781]
sel_sft_step380 indepv4/k28 ok=True answered  [780]
sel_sft_step380 indepv4/k32 ok=False answered  [924]
sel_sft_step380 indepv4/k35 ok=False failed VALUELESS_CONCEPT [761]
sel_sft_step380 indepv4/k36 ok=True answered  [650, 337]
sel_sft_step380 indepv4/k37 ok=False failed INVALID_FACTOR_COMBINATION [853, 391]
{"label": "sel_sft_step380", "items": 100, "grounding_ok": 75, "first_raw_ok": 58, "outcomes": {"failed:MISSING_RELATION_QUALIFIER": 3, "answered:None": 81, "unsupported:UNCONSUMED_CONDITION": 6, "failed:OUTPUT_TRUNCATED": 1, "failed:INVALID_CONCEPT": 1, "failed:MISSING_CONCEPT_VALUE": 1, "unsupported:NO_OPERATOR": 3, "failed:UNKNOWN_ATTRIBUTE": 1, "needs_clarification:AMBIGUOUS_INNER_AGGREGATION": 1, "failed:VALUELESS_CONCEPT": 1, "failed:INVALID_FACTOR_COMBINATION": 1}, "model_calls": 115, "place_repair_calls": 0, "other_repair_calls": 15, "truncated_calls": 2, "seconds": 3765.1}
