`torch_dtype` is deprecated! Use `dtype` instead!
Loading checkpoint shards:   0%|          | 0/5 [00:00<?, ?it/s]Loading checkpoint shards: 100%|██████████| 5/5 [00:00<00:00, 236.84it/s]
The following generation flags are not valid and may be ignored: ['temperature', 'top_p', 'top_k']. Set `TRANSFORMERS_VERBOSITY=info` for more details.
sel_dpo_step72 old44/g02 ok=False answered  [850, 1395]
sel_dpo_step72 old44/g03 ok=True answered  [703]
sel_dpo_step72 old44/g04 ok=False failed OUTPUT_TRUNCATED [8192, 8192]
sel_dpo_step72 old44/g06 ok=False unsupported NO_OPERATOR [807]
sel_dpo_step72 old44/g08 ok=True answered  [742]
sel_dpo_step72 old44/g09 ok=True answered  [579]
sel_dpo_step72 old44/g11 ok=True answered  [1108]
sel_dpo_step72 old44/g12 ok=True answered  [1292, 631]
sel_dpo_step72 old44/g17 ok=True unsupported UNCONSUMED_CONDITION [819]
sel_dpo_step72 old44/g18 ok=True answered  [760]
sel_dpo_step72 old44/g19 ok=True answered  [1134]
sel_dpo_step72 old44/g20 ok=True answered  [697]
sel_dpo_step72 old44/g21 ok=True answered  [1724]
sel_dpo_step72 old44/g22 ok=True answered  [1070]
sel_dpo_step72 old44/g23 ok=True answered  [969]
sel_dpo_step72 old44/g24 ok=True answered  [658, 378]
sel_dpo_step72 old44/g25 ok=True answered  [664]
sel_dpo_step72 old44/g26 ok=True answered  [720]
sel_dpo_step72 old44/g28 ok=True answered  [689]
sel_dpo_step72 old44/g29 ok=True answered  [731]
sel_dpo_step72 old44/g30 ok=True answered  [625]
sel_dpo_step72 old44/g31 ok=True answered  [1078]
sel_dpo_step72 old44/g35 ok=True answered  [669, 305]
sel_dpo_step72 old44/g36 ok=True answered  [1090]
sel_dpo_step72 old44/g37 ok=True answered  [719]
sel_dpo_step72 old44/g39 ok=True answered  [740]
sel_dpo_step72 old44/g41 ok=True answered  [1376]
sel_dpo_step72 old44/g42 ok=True answered  [665]
sel_dpo_step72 old44/g44 ok=False needs_clarification AMBIGUOUS_INNER_AGGREGATION [1106, 610]
sel_dpo_step72 contrast/c01a ok=False answered  [949, 274]
sel_dpo_step72 contrast/c03a ok=False answered  [690]
sel_dpo_step72 contrast/c03c ok=False answered  [1519]
sel_dpo_step72 contrast/c03d ok=True answered  [882]
sel_dpo_step72 contrast/c04b ok=True answered  [707]
sel_dpo_step72 contrast/c05a ok=True answered  [2406]
sel_dpo_step72 contrast/c05c ok=True answered  [1175]
sel_dpo_step72 contrast/c06c ok=True answered  [1002]
sel_dpo_step72 contrast/c07a ok=False answered  [2389, 406]
sel_dpo_step72 contrast/c07b ok=True answered  [723]
sel_dpo_step72 contrast/c08a ok=True answered  [525]
sel_dpo_step72 contrast/c08d ok=True answered  [564]
sel_dpo_step72 contrast/c08e ok=True answered  [798]
sel_dpo_step72 contrast/c09a ok=False unsupported UNCONSUMED_CONDITION [2142]
sel_dpo_step72 indepv2/n02 ok=False answered  [964, 658]
sel_dpo_step72 indepv2/n06 ok=False answered  [1502]
sel_dpo_step72 indepv2/n08 ok=True answered  [829]
sel_dpo_step72 indepv2/n10 ok=False answered  [1191]
sel_dpo_step72 indepv2/n14 ok=True answered  [523]
sel_dpo_step72 indepv2/n15 ok=True answered  [833]
sel_dpo_step72 indepv2/n16 ok=True answered  [1174, 355]
sel_dpo_step72 indepv2/n18 ok=False answered  [2749]
sel_dpo_step72 indepv2/n20 ok=True answered  [895]
sel_dpo_step72 indepv2/n21 ok=True answered  [879]
sel_dpo_step72 indepv2/n25 ok=False unsupported UNCONSUMED_CONDITION [649]
sel_dpo_step72 indepv2/n27 ok=True unsupported UNCONSUMED_CONDITION [579]
sel_dpo_step72 indepv2/n30 ok=True answered  [934]
sel_dpo_step72 indepv2/n33 ok=False failed MISSING_RELATION_QUALIFIER [907, 773]
sel_dpo_step72 indepv2/n34 ok=False failed MISSING_RELATION_QUALIFIER [624, 914]
sel_dpo_step72 indepv2/n35 ok=False answered  [842, 870]
sel_dpo_step72 indepv2/n37 ok=True answered  [837]
sel_dpo_step72 indepv2/n40 ok=True answered  [1311]
sel_dpo_step72 indepv3/m03 ok=False answered  [4466, 502]
sel_dpo_step72 indepv3/m04 ok=False answered  [1349]
sel_dpo_step72 indepv3/m05 ok=False failed OUTPUT_TRUNCATED [8192, 8192]
sel_dpo_step72 indepv3/m07 ok=True answered  [1269]
sel_dpo_step72 indepv3/m08 ok=True answered  [767]
sel_dpo_step72 indepv3/m09 ok=True answered  [872]
sel_dpo_step72 indepv3/m12 ok=False failed NOT_FOUND [1252, 455]
sel_dpo_step72 indepv3/m15 ok=True answered  [1080, 649]
sel_dpo_step72 indepv3/m17 ok=True answered  [1023]
sel_dpo_step72 indepv3/m20 ok=True answered  [939, 379]
sel_dpo_step72 indepv3/m22 ok=True answered  [821]
sel_dpo_step72 indepv3/m23 ok=True answered  [1134]
sel_dpo_step72 indepv3/m24 ok=False answered  [759]
sel_dpo_step72 indepv3/m27 ok=False failed UNKNOWN_ATTRIBUTE [1947]
sel_dpo_step72 indepv3/m28 ok=True answered  [578]
sel_dpo_step72 indepv3/m30 ok=True answered  [987]
sel_dpo_step72 indepv3/m33 ok=True answered  [567]
sel_dpo_step72 indepv3/m34 ok=True answered  [720]
sel_dpo_step72 indepv3/m35 ok=True answered  [648]
sel_dpo_step72 indepv3/m37 ok=True answered  [741, 404]
sel_dpo_step72 indepv3/m39 ok=False unsupported NO_OPERATOR [639]
sel_dpo_step72 indepv4/k03 ok=True answered  [880]
sel_dpo_step72 indepv4/k05 ok=False unsupported NO_OPERATOR [813]
sel_dpo_step72 indepv4/k06 ok=True answered  [660]
sel_dpo_step72 indepv4/k08 ok=True answered  [614]
sel_dpo_step72 indepv4/k13 ok=True answered  [1034]
sel_dpo_step72 indepv4/k15 ok=True answered  [617]
sel_dpo_step72 indepv4/k17 ok=True answered  [487]
sel_dpo_step72 indepv4/k18 ok=True answered  [774]
sel_dpo_step72 indepv4/k20 ok=True answered  [1246]
sel_dpo_step72 indepv4/k21 ok=True answered  [502]
sel_dpo_step72 indepv4/k23 ok=True unsupported UNCONSUMED_CONDITION [637]
sel_dpo_step72 indepv4/k26 ok=False answered  [1993]
sel_dpo_step72 indepv4/k27 ok=True answered  [784]
sel_dpo_step72 indepv4/k28 ok=True answered  [770]
sel_dpo_step72 indepv4/k32 ok=False answered  [1231]
sel_dpo_step72 indepv4/k35 ok=True answered  [1604]
sel_dpo_step72 indepv4/k36 ok=False failed INVALID_FACTOR_COMBINATION [776, 1539]
sel_dpo_step72 indepv4/k37 ok=True answered  [828]
{"label": "sel_dpo_step72", "items": 100, "grounding_ok": 72, "first_raw_ok": 56, "outcomes": {"answered:None": 84, "failed:OUTPUT_TRUNCATED": 2, "unsupported:NO_OPERATOR": 3, "unsupported:UNCONSUMED_CONDITION": 5, "needs_clarification:AMBIGUOUS_INNER_AGGREGATION": 1, "failed:MISSING_RELATION_QUALIFIER": 2, "failed:NOT_FOUND": 1, "failed:UNKNOWN_ATTRIBUTE": 1, "failed:INVALID_FACTOR_COMBINATION": 1}, "model_calls": 120, "place_repair_calls": 1, "other_repair_calls": 19, "truncated_calls": 4, "seconds": 4486.6}
