`torch_dtype` is deprecated! Use `dtype` instead!
Loading checkpoint shards:   0%|          | 0/5 [00:00<?, ?it/s]Loading checkpoint shards: 100%|██████████| 5/5 [00:00<00:00, 230.32it/s]
The following generation flags are not valid and may be ignored: ['temperature', 'top_p', 'top_k']. Set `TRANSFORMERS_VERBOSITY=info` for more details.
sel_sft_step190 old44/g02 ok=True answered  [1897]
sel_sft_step190 old44/g03 ok=True answered  [724]
sel_sft_step190 old44/g04 ok=False answered  [1108, 828]
sel_sft_step190 old44/g06 ok=True answered  [1379]
sel_sft_step190 old44/g08 ok=True answered  [742]
sel_sft_step190 old44/g09 ok=True answered  [719]
sel_sft_step190 old44/g11 ok=False answered  [992]
sel_sft_step190 old44/g12 ok=True answered  [1123, 623]
sel_sft_step190 old44/g17 ok=True unsupported UNCONSUMED_CONDITION [828]
sel_sft_step190 old44/g18 ok=True answered  [787]
sel_sft_step190 old44/g19 ok=True answered  [874]
sel_sft_step190 old44/g20 ok=True answered  [930]
sel_sft_step190 old44/g21 ok=True answered  [945]
sel_sft_step190 old44/g22 ok=True answered  [660]
sel_sft_step190 old44/g23 ok=False answered  [719]
sel_sft_step190 old44/g24 ok=True answered  [903, 445]
sel_sft_step190 old44/g25 ok=True answered  [712]
sel_sft_step190 old44/g26 ok=True answered  [952]
sel_sft_step190 old44/g28 ok=True answered  [685]
sel_sft_step190 old44/g29 ok=True answered  [1093]
sel_sft_step190 old44/g30 ok=True answered  [810]
sel_sft_step190 old44/g31 ok=True answered  [967]
sel_sft_step190 old44/g35 ok=True answered  [743, 449]
sel_sft_step190 old44/g36 ok=True answered  [906]
sel_sft_step190 old44/g37 ok=True answered  [657]
sel_sft_step190 old44/g39 ok=True answered  [630]
sel_sft_step190 old44/g41 ok=True answered  [722]
sel_sft_step190 old44/g42 ok=True answered  [678]
sel_sft_step190 old44/g44 ok=False needs_clarification AMBIGUOUS_AGGREGATION_STAGE [874, 1167]
sel_sft_step190 contrast/c01a ok=False failed MISSING_RELATION_QUALIFIER [863, 8192, 8192]
sel_sft_step190 contrast/c03a ok=True answered  [671]
sel_sft_step190 contrast/c03c ok=True answered  [1175]
sel_sft_step190 contrast/c03d ok=True answered  [709]
sel_sft_step190 contrast/c04b ok=True answered  [990]
sel_sft_step190 contrast/c05a ok=True answered  [2163]
sel_sft_step190 contrast/c05c ok=False unsupported NO_OPERATOR [983]
sel_sft_step190 contrast/c06c ok=True answered  [778]
sel_sft_step190 contrast/c07a ok=False answered  [1946]
sel_sft_step190 contrast/c07b ok=True answered  [965, 480]
sel_sft_step190 contrast/c08a ok=True answered  [828]
sel_sft_step190 contrast/c08d ok=True answered  [603]
sel_sft_step190 contrast/c08e ok=True answered  [662]
sel_sft_step190 contrast/c09a ok=True failed INVALID_FACTOR_COMBINATION [2250, 400]
sel_sft_step190 indepv2/n02 ok=False answered  [1073, 788]
sel_sft_step190 indepv2/n06 ok=False answered  [846]
sel_sft_step190 indepv2/n08 ok=True answered  [821]
sel_sft_step190 indepv2/n10 ok=False answered  [1374]
sel_sft_step190 indepv2/n14 ok=True answered  [789]
sel_sft_step190 indepv2/n15 ok=True answered  [717]
sel_sft_step190 indepv2/n16 ok=False failed VALUELESS_CONCEPT [1481]
sel_sft_step190 indepv2/n18 ok=True unsupported NO_OPERATOR [2546]
sel_sft_step190 indepv2/n20 ok=True answered  [845]
sel_sft_step190 indepv2/n21 ok=True answered  [619]
sel_sft_step190 indepv2/n25 ok=True unsupported UNCONSUMED_CONDITION [977]
sel_sft_step190 indepv2/n27 ok=True unsupported UNCONSUMED_CONDITION [912]
sel_sft_step190 indepv2/n30 ok=True answered  [595]
sel_sft_step190 indepv2/n33 ok=False failed MISSING_RELATION_QUALIFIER [1727, 734]
sel_sft_step190 indepv2/n34 ok=False failed MISSING_RELATION_QUALIFIER [874, 454]
sel_sft_step190 indepv2/n35 ok=False answered  [787]
sel_sft_step190 indepv2/n37 ok=False unsupported UNCONSUMED_CONDITION [658]
sel_sft_step190 indepv2/n40 ok=False failed OUTPUT_TRUNCATED [8192, 8192]
sel_sft_step190 indepv3/m03 ok=True answered  [707]
sel_sft_step190 indepv3/m04 ok=False answered  [955, 358]
sel_sft_step190 indepv3/m05 ok=True answered  [791]
sel_sft_step190 indepv3/m07 ok=True answered  [827]
sel_sft_step190 indepv3/m08 ok=True answered  [757]
sel_sft_step190 indepv3/m09 ok=True answered  [870]
sel_sft_step190 indepv3/m12 ok=True answered  [719]
sel_sft_step190 indepv3/m15 ok=False failed INVALID_FACTOR_COMBINATION [807, 516]
sel_sft_step190 indepv3/m17 ok=True answered  [643, 456]
sel_sft_step190 indepv3/m20 ok=True failed INVALID_FACTOR_COMBINATION [949, 1366]
sel_sft_step190 indepv3/m22 ok=True answered  [934]
sel_sft_step190 indepv3/m23 ok=True answered  [724]
sel_sft_step190 indepv3/m24 ok=True needs_clarification AMBIGUOUS_INNER_AGGREGATION [1342]
sel_sft_step190 indepv3/m27 ok=False unsupported NO_OPERATOR [758]
sel_sft_step190 indepv3/m28 ok=True answered  [743]
sel_sft_step190 indepv3/m30 ok=True answered  [657]
sel_sft_step190 indepv3/m33 ok=True answered  [730]
sel_sft_step190 indepv3/m34 ok=True answered  [721]
sel_sft_step190 indepv3/m35 ok=True answered  [1298]
sel_sft_step190 indepv3/m37 ok=True answered  [1151, 350]
sel_sft_step190 indepv3/m39 ok=True unsupported UNCONSUMED_CONDITION [587]
sel_sft_step190 indepv4/k03 ok=False answered  [1183]
sel_sft_step190 indepv4/k05 ok=True answered  [756]
sel_sft_step190 indepv4/k06 ok=True answered  [887]
sel_sft_step190 indepv4/k08 ok=True answered  [735]
sel_sft_step190 indepv4/k13 ok=True answered  [777]
sel_sft_step190 indepv4/k15 ok=True answered  [751]
sel_sft_step190 indepv4/k17 ok=True answered  [485]
sel_sft_step190 indepv4/k18 ok=True answered  [747]
sel_sft_step190 indepv4/k20 ok=True answered  [820]
sel_sft_step190 indepv4/k21 ok=True answered  [561]
sel_sft_step190 indepv4/k23 ok=True unsupported UNCONSUMED_CONDITION [645]
sel_sft_step190 indepv4/k26 ok=False failed UNSUPPORTED_COMBINATION [1149]
sel_sft_step190 indepv4/k27 ok=False answered  [775]
sel_sft_step190 indepv4/k28 ok=False answered  [905, 557]
sel_sft_step190 indepv4/k32 ok=False answered  [827]
sel_sft_step190 indepv4/k35 ok=False failed VALUELESS_CONCEPT [1458]
sel_sft_step190 indepv4/k36 ok=True answered  [692, 504]
sel_sft_step190 indepv4/k37 ok=False failed INVALID_FACTOR_COMBINATION [844, 445]
{"label": "sel_sft_step190", "items": 100, "grounding_ok": 74, "first_raw_ok": 48, "outcomes": {"answered:None": 78, "unsupported:UNCONSUMED_CONDITION": 6, "needs_clarification:AMBIGUOUS_AGGREGATION_STAGE": 1, "failed:MISSING_RELATION_QUALIFIER": 3, "unsupported:NO_OPERATOR": 3, "failed:INVALID_FACTOR_COMBINATION": 4, "failed:VALUELESS_CONCEPT": 2, "failed:OUTPUT_TRUNCATED": 1, "needs_clarification:AMBIGUOUS_INNER_AGGREGATION": 1, "failed:UNSUPPORTED_COMBINATION": 1}, "model_calls": 121, "place_repair_calls": 1, "other_repair_calls": 20, "truncated_calls": 4, "seconds": 4602.7}
