`torch_dtype` is deprecated! Use `dtype` instead!
Loading checkpoint shards:   0%|          | 0/5 [00:00<?, ?it/s]Loading checkpoint shards: 100%|██████████| 5/5 [00:00<00:00, 263.76it/s]
The following generation flags are not valid and may be ignored: ['temperature', 'top_p', 'top_k']. Set `TRANSFORMERS_VERBOSITY=info` for more details.
sel_dpo_step144 old44/g02 ok=False answered  [713, 1327]
sel_dpo_step144 old44/g03 ok=True answered  [696]
sel_dpo_step144 old44/g04 ok=False failed MISSING_RELATION_QUALIFIER [3948, 980]
sel_dpo_step144 old44/g06 ok=True answered  [949]
sel_dpo_step144 old44/g08 ok=True answered  [702]
sel_dpo_step144 old44/g09 ok=True answered  [759]
sel_dpo_step144 old44/g11 ok=False answered  [617]
sel_dpo_step144 old44/g12 ok=False answered  [1495, 597]
sel_dpo_step144 old44/g17 ok=True unsupported UNCONSUMED_CONDITION [728]
sel_dpo_step144 old44/g18 ok=True answered  [836]
sel_dpo_step144 old44/g19 ok=True answered  [851]
sel_dpo_step144 old44/g20 ok=True answered  [701]
sel_dpo_step144 old44/g21 ok=True answered  [1312]
sel_dpo_step144 old44/g22 ok=True answered  [579]
sel_dpo_step144 old44/g23 ok=True answered  [627]
sel_dpo_step144 old44/g24 ok=True answered  [622, 633]
sel_dpo_step144 old44/g25 ok=True answered  [761]
sel_dpo_step144 old44/g26 ok=True answered  [762]
sel_dpo_step144 old44/g28 ok=True answered  [704]
sel_dpo_step144 old44/g29 ok=True answered  [811]
sel_dpo_step144 old44/g30 ok=True answered  [500]
sel_dpo_step144 old44/g31 ok=True answered  [815]
sel_dpo_step144 old44/g35 ok=True answered  [597, 391]
sel_dpo_step144 old44/g36 ok=True answered  [1042]
sel_dpo_step144 old44/g37 ok=True answered  [604]
sel_dpo_step144 old44/g39 ok=True answered  [689]
sel_dpo_step144 old44/g41 ok=True answered  [724]
sel_dpo_step144 old44/g42 ok=True answered  [771]
sel_dpo_step144 old44/g44 ok=False needs_clarification AMBIGUOUS_AGGREGATION_STAGE [769, 1319]
sel_dpo_step144 contrast/c01a ok=True answered  [657]
sel_dpo_step144 contrast/c03a ok=True answered  [629]
sel_dpo_step144 contrast/c03c ok=False answered  [769]
sel_dpo_step144 contrast/c03d ok=True answered  [766]
sel_dpo_step144 contrast/c04b ok=True answered  [847]
sel_dpo_step144 contrast/c05a ok=True answered  [1778]
sel_dpo_step144 contrast/c05c ok=False unsupported UNCONSUMED_CONDITION [1017]
sel_dpo_step144 contrast/c06c ok=True answered  [536]
sel_dpo_step144 contrast/c07a ok=True answered  [747]
sel_dpo_step144 contrast/c07b ok=True answered  [702]
sel_dpo_step144 contrast/c08a ok=True answered  [677]
sel_dpo_step144 contrast/c08d ok=True answered  [627]
sel_dpo_step144 contrast/c08e ok=True answered  [767]
sel_dpo_step144 contrast/c09a ok=True answered  [1424]
sel_dpo_step144 indepv2/n02 ok=False answered  [1339, 816]
sel_dpo_step144 indepv2/n06 ok=False answered  [963, 393]
sel_dpo_step144 indepv2/n08 ok=True answered  [761]
sel_dpo_step144 indepv2/n10 ok=False answered  [1195]
sel_dpo_step144 indepv2/n14 ok=True answered  [636]
sel_dpo_step144 indepv2/n15 ok=True answered  [973]
sel_dpo_step144 indepv2/n16 ok=True answered  [907]
sel_dpo_step144 indepv2/n18 ok=False failed OUTPUT_TRUNCATED [8192, 8192]
sel_dpo_step144 indepv2/n20 ok=True answered  [1492]
sel_dpo_step144 indepv2/n21 ok=True answered  [713]
sel_dpo_step144 indepv2/n25 ok=True unsupported UNCONSUMED_CONDITION [648]
sel_dpo_step144 indepv2/n27 ok=True unsupported UNCONSUMED_CONDITION [599]
sel_dpo_step144 indepv2/n30 ok=True answered  [505]
sel_dpo_step144 indepv2/n33 ok=False answered  [1990]
sel_dpo_step144 indepv2/n34 ok=True answered  [724, 279]
sel_dpo_step144 indepv2/n35 ok=False answered  [901]
sel_dpo_step144 indepv2/n37 ok=True answered  [981]
sel_dpo_step144 indepv2/n40 ok=True answered  [1179]
sel_dpo_step144 indepv3/m03 ok=False failed OUTPUT_TRUNCATED [8192, 8192]
sel_dpo_step144 indepv3/m04 ok=True answered  [891]
sel_dpo_step144 indepv3/m05 ok=False failed NOT_FOUND [1095, 1437]
sel_dpo_step144 indepv3/m07 ok=True answered  [571]
sel_dpo_step144 indepv3/m08 ok=True answered  [789]
sel_dpo_step144 indepv3/m09 ok=True answered  [852]
sel_dpo_step144 indepv3/m12 ok=False failed NOT_FOUND [687, 372]
sel_dpo_step144 indepv3/m15 ok=False failed INVALID_FACTOR_COMBINATION [645, 1039]
sel_dpo_step144 indepv3/m17 ok=True answered  [722]
sel_dpo_step144 indepv3/m20 ok=True answered  [515, 866]
sel_dpo_step144 indepv3/m22 ok=True answered  [558]
sel_dpo_step144 indepv3/m23 ok=True answered  [648]
sel_dpo_step144 indepv3/m24 ok=False answered  [1035]
sel_dpo_step144 indepv3/m27 ok=True answered  [1464]
sel_dpo_step144 indepv3/m28 ok=True answered  [607]
sel_dpo_step144 indepv3/m30 ok=True answered  [652]
sel_dpo_step144 indepv3/m33 ok=True answered  [636]
sel_dpo_step144 indepv3/m34 ok=True answered  [630]
sel_dpo_step144 indepv3/m35 ok=True answered  [804]
sel_dpo_step144 indepv3/m37 ok=True answered  [1294, 428]
sel_dpo_step144 indepv3/m39 ok=True unsupported UNCONSUMED_CONDITION [629]
sel_dpo_step144 indepv4/k03 ok=True answered  [948]
sel_dpo_step144 indepv4/k05 ok=True answered  [875]
sel_dpo_step144 indepv4/k06 ok=False unsupported NO_OPERATOR [611]
sel_dpo_step144 indepv4/k08 ok=True answered  [1746]
sel_dpo_step144 indepv4/k13 ok=True answered  [1115]
sel_dpo_step144 indepv4/k15 ok=True answered  [570]
sel_dpo_step144 indepv4/k17 ok=True answered  [513]
sel_dpo_step144 indepv4/k18 ok=True answered  [722]
sel_dpo_step144 indepv4/k20 ok=True answered  [609]
sel_dpo_step144 indepv4/k21 ok=True answered  [555]
sel_dpo_step144 indepv4/k23 ok=True unsupported UNCONSUMED_CONDITION [894]
sel_dpo_step144 indepv4/k26 ok=True answered  [1010]
sel_dpo_step144 indepv4/k27 ok=True answered  [700]
sel_dpo_step144 indepv4/k28 ok=True answered  [931]
sel_dpo_step144 indepv4/k32 ok=False answered  [1419, 339]
sel_dpo_step144 indepv4/k35 ok=True answered  [949]
sel_dpo_step144 indepv4/k36 ok=True answered  [721, 867]
sel_dpo_step144 indepv4/k37 ok=True answered  [750, 322]
{"label": "sel_dpo_step144", "items": 100, "grounding_ok": 80, "first_raw_ok": 59, "outcomes": {"answered:None": 86, "failed:MISSING_RELATION_QUALIFIER": 1, "unsupported:UNCONSUMED_CONDITION": 6, "needs_clarification:AMBIGUOUS_AGGREGATION_STAGE": 1, "failed:OUTPUT_TRUNCATED": 2, "failed:NOT_FOUND": 2, "failed:INVALID_FACTOR_COMBINATION": 1, "unsupported:NO_OPERATOR": 1}, "model_calls": 119, "place_repair_calls": 3, "other_repair_calls": 16, "truncated_calls": 4, "seconds": 4107.6}
