`torch_dtype` is deprecated! Use `dtype` instead!
Loading checkpoint shards:   0%|          | 0/5 [00:00<?, ?it/s]Loading checkpoint shards: 100%|██████████| 5/5 [00:00<00:00, 271.17it/s]
The following generation flags are not valid and may be ignored: ['temperature', 'top_p', 'top_k']. Set `TRANSFORMERS_VERBOSITY=info` for more details.
sel_dpo_step288 old44/g02 ok=True answered  [1165]
sel_dpo_step288 old44/g03 ok=True answered  [701]
sel_dpo_step288 old44/g04 ok=False failed OUTPUT_TRUNCATED [8192, 8192]
sel_dpo_step288 old44/g06 ok=True answered  [896]
sel_dpo_step288 old44/g08 ok=True answered  [831]
sel_dpo_step288 old44/g09 ok=True answered  [653]
sel_dpo_step288 old44/g11 ok=True answered  [693]
sel_dpo_step288 old44/g12 ok=True answered  [817]
sel_dpo_step288 old44/g17 ok=True unsupported UNCONSUMED_CONDITION [677]
sel_dpo_step288 old44/g18 ok=True answered  [1004]
sel_dpo_step288 old44/g19 ok=True answered  [699]
sel_dpo_step288 old44/g20 ok=True answered  [600]
sel_dpo_step288 old44/g21 ok=True answered  [582]
sel_dpo_step288 old44/g22 ok=True answered  [559]
sel_dpo_step288 old44/g23 ok=False answered  [713]
sel_dpo_step288 old44/g24 ok=True answered  [945, 301]
sel_dpo_step288 old44/g25 ok=True answered  [746]
sel_dpo_step288 old44/g26 ok=True answered  [799]
sel_dpo_step288 old44/g28 ok=True answered  [738]
sel_dpo_step288 old44/g29 ok=True answered  [917]
sel_dpo_step288 old44/g30 ok=True answered  [612]
sel_dpo_step288 old44/g31 ok=True answered  [896]
sel_dpo_step288 old44/g35 ok=True answered  [731, 397]
sel_dpo_step288 old44/g36 ok=True answered  [903]
sel_dpo_step288 old44/g37 ok=True answered  [658]
sel_dpo_step288 old44/g39 ok=True answered  [748]
sel_dpo_step288 old44/g41 ok=True answered  [843]
sel_dpo_step288 old44/g42 ok=True answered  [722]
sel_dpo_step288 old44/g44 ok=False needs_clarification AMBIGUOUS_AGGREGATION_STAGE [1461, 1413]
sel_dpo_step288 contrast/c01a ok=True answered  [737]
sel_dpo_step288 contrast/c03a ok=True answered  [1358]
sel_dpo_step288 contrast/c03c ok=False answered  [768]
sel_dpo_step288 contrast/c03d ok=True answered  [704]
sel_dpo_step288 contrast/c04b ok=True answered  [1957, 1050]
sel_dpo_step288 contrast/c05a ok=True answered  [1003]
sel_dpo_step288 contrast/c05c ok=True answered  [1094]
sel_dpo_step288 contrast/c06c ok=True answered  [560]
sel_dpo_step288 contrast/c07a ok=True answered  [1753]
sel_dpo_step288 contrast/c07b ok=True failed INVALID_FACTOR_COMBINATION [1196, 8192, 8192]
sel_dpo_step288 contrast/c08a ok=True answered  [544]
sel_dpo_step288 contrast/c08d ok=True answered  [588]
sel_dpo_step288 contrast/c08e ok=True answered  [858]
sel_dpo_step288 contrast/c09a ok=True answered  [846, 372]
sel_dpo_step288 indepv2/n02 ok=False answered  [957]
sel_dpo_step288 indepv2/n06 ok=True answered  [1019]
sel_dpo_step288 indepv2/n08 ok=True answered  [837]
sel_dpo_step288 indepv2/n10 ok=False answered  [2803]
sel_dpo_step288 indepv2/n14 ok=True answered  [838]
sel_dpo_step288 indepv2/n15 ok=True answered  [622]
sel_dpo_step288 indepv2/n16 ok=False failed MISSING_CONCEPT_VALUE [1398]
sel_dpo_step288 indepv2/n18 ok=False failed UNUSED_CONCEPT [1627]
sel_dpo_step288 indepv2/n20 ok=True answered  [1914]
sel_dpo_step288 indepv2/n21 ok=True answered  [558]
sel_dpo_step288 indepv2/n25 ok=True unsupported UNCONSUMED_CONDITION [586, 276]
sel_dpo_step288 indepv2/n27 ok=True unsupported UNCONSUMED_CONDITION [990]
sel_dpo_step288 indepv2/n30 ok=False answered  [1377]
sel_dpo_step288 indepv2/n33 ok=False answered  [964]
sel_dpo_step288 indepv2/n34 ok=True answered  [963, 321]
sel_dpo_step288 indepv2/n35 ok=True answered  [693]
sel_dpo_step288 indepv2/n37 ok=True answered  [835]
sel_dpo_step288 indepv2/n40 ok=True answered  [2050]
sel_dpo_step288 indepv3/m03 ok=True answered  [1172]
sel_dpo_step288 indepv3/m04 ok=False failed OUTPUT_TRUNCATED [8192, 8192]
sel_dpo_step288 indepv3/m05 ok=False unsupported PARAM_VALUE_REQUIRES_INPUT [2380, 341]
sel_dpo_step288 indepv3/m07 ok=True answered  [609]
sel_dpo_step288 indepv3/m08 ok=True answered  [796]
sel_dpo_step288 indepv3/m09 ok=False answered  [991]
sel_dpo_step288 indepv3/m12 ok=False failed NOT_FOUND [771, 1013]
sel_dpo_step288 indepv3/m15 ok=False failed INVALID_CONCEPT [736]
sel_dpo_step288 indepv3/m17 ok=True answered  [1509]
sel_dpo_step288 indepv3/m20 ok=True answered  [1145, 394]
sel_dpo_step288 indepv3/m22 ok=True answered  [563]
sel_dpo_step288 indepv3/m23 ok=True answered  [731]
sel_dpo_step288 indepv3/m24 ok=False failed INVALID_FACTOR_COMBINATION [987, 8192, 8192]
sel_dpo_step288 indepv3/m27 ok=False failed OUTPUT_TRUNCATED [8192, 8192]
sel_dpo_step288 indepv3/m28 ok=True answered  [628]
sel_dpo_step288 indepv3/m30 ok=True answered  [914]
sel_dpo_step288 indepv3/m33 ok=True answered  [552]
sel_dpo_step288 indepv3/m34 ok=True answered  [612]
sel_dpo_step288 indepv3/m35 ok=True answered  [936]
sel_dpo_step288 indepv3/m37 ok=True answered  [877, 409]
sel_dpo_step288 indepv3/m39 ok=False unsupported NO_OPERATOR [661]
sel_dpo_step288 indepv4/k03 ok=True answered  [960]
sel_dpo_step288 indepv4/k05 ok=False unsupported NO_OPERATOR [724]
sel_dpo_step288 indepv4/k06 ok=True answered  [646]
sel_dpo_step288 indepv4/k08 ok=True answered  [636]
sel_dpo_step288 indepv4/k13 ok=True answered  [972]
sel_dpo_step288 indepv4/k15 ok=True answered  [667]
sel_dpo_step288 indepv4/k17 ok=True answered  [530]
sel_dpo_step288 indepv4/k18 ok=True answered  [723]
sel_dpo_step288 indepv4/k20 ok=True answered  [1204]
sel_dpo_step288 indepv4/k21 ok=True answered  [523]
sel_dpo_step288 indepv4/k23 ok=True unsupported UNCONSUMED_CONDITION [888]
sel_dpo_step288 indepv4/k26 ok=False failed UNSUPPORTED_COMBINATION [1303, 838]
sel_dpo_step288 indepv4/k27 ok=True answered  [604]
sel_dpo_step288 indepv4/k28 ok=True answered  [847]
sel_dpo_step288 indepv4/k32 ok=False answered  [849, 553]
sel_dpo_step288 indepv4/k35 ok=False failed VALUELESS_CONCEPT [1150]
sel_dpo_step288 indepv4/k36 ok=True answered  [666, 588]
sel_dpo_step288 indepv4/k37 ok=True answered  [938]
{"label": "sel_dpo_step288", "items": 100, "grounding_ok": 78, "first_raw_ok": 57, "outcomes": {"answered:None": 81, "failed:OUTPUT_TRUNCATED": 3, "unsupported:UNCONSUMED_CONDITION": 4, "needs_clarification:AMBIGUOUS_AGGREGATION_STAGE": 1, "failed:INVALID_FACTOR_COMBINATION": 2, "failed:MISSING_CONCEPT_VALUE": 1, "failed:UNUSED_CONCEPT": 1, "unsupported:PARAM_VALUE_REQUIRES_INPUT": 1, "failed:NOT_FOUND": 1, "failed:INVALID_CONCEPT": 1, "unsupported:NO_OPERATOR": 2, "failed:UNSUPPORTED_COMBINATION": 1, "failed:VALUELESS_CONCEPT": 1}, "model_calls": 121, "place_repair_calls": 2, "other_repair_calls": 19, "truncated_calls": 10, "seconds": 5646.9}
