`torch_dtype` is deprecated! Use `dtype` instead!
Loading checkpoint shards:   0%|          | 0/5 [00:00<?, ?it/s]Loading checkpoint shards: 100%|██████████| 5/5 [00:00<00:00, 264.42it/s]
The following generation flags are not valid and may be ignored: ['temperature', 'top_p', 'top_k']. Set `TRANSFORMERS_VERBOSITY=info` for more details.
{"model": "base", "id": "001", "outcome": "answered", "category": "match", "contract": true, "grounding": true, "seconds": 7.36}
{"model": "base", "id": "002", "outcome": "answered", "category": "answered_mismatch", "contract": true, "grounding": false, "seconds": 5.97}
{"model": "base", "id": "003", "outcome": "answered", "category": "match", "contract": true, "grounding": true, "seconds": 5.91}
{"model": "base", "id": "004", "outcome": "answered", "category": "answered_mismatch", "contract": true, "grounding": false, "seconds": 7.02}
{"model": "base", "id": "005", "outcome": "unsupported", "category": "refused_unsupported", "contract": true, "grounding": false, "seconds": 6.98}
{"model": "base", "id": "006", "outcome": "answered", "category": "match", "contract": true, "grounding": true, "seconds": 9.56}
{"model": "base", "id": "007", "outcome": "failed", "category": "failed", "contract": false, "grounding": false, "seconds": 6.35}
{"model": "base", "id": "008", "outcome": "answered", "category": "match", "contract": true, "grounding": true, "seconds": 6.51}
{"model": "base", "id": "009", "outcome": "failed", "category": "failed", "contract": false, "grounding": false, "seconds": 9.62}
{"model": "base", "id": "010", "outcome": "answered", "category": "match", "contract": true, "grounding": true, "seconds": 3.66}
{"model": "base", "id": "011", "outcome": "failed", "category": "failed", "contract": false, "grounding": false, "seconds": 5.64}
{"model": "base", "id": "012", "outcome": "failed", "category": "failed", "contract": false, "grounding": false, "seconds": 10.04}
{"model": "base", "id": "013", "outcome": "unsupported", "category": "refused_unsupported", "contract": true, "grounding": false, "seconds": 6.91}
{"model": "base", "id": "014", "outcome": "answered", "category": "match", "contract": true, "grounding": true, "seconds": 4.27}
{"model": "base", "id": "015", "outcome": "answered", "category": "match", "contract": true, "grounding": true, "seconds": 6.93}
{"model": "base", "id": "016", "outcome": "failed", "category": "failed", "contract": true, "grounding": false, "seconds": 6.03}
{"model": "base", "id": "017", "outcome": "answered", "category": "answered_mismatch", "contract": true, "grounding": false, "seconds": 4.97}
{"model": "base", "id": "018", "outcome": "answered", "category": "match", "contract": true, "grounding": true, "seconds": 5.54}
{"model": "base", "id": "019", "outcome": "failed", "category": "failed", "contract": false, "grounding": false, "seconds": 7.31}
{"model": "base", "id": "020", "outcome": "failed", "category": "failed", "contract": false, "grounding": false, "seconds": 5.27}
{"model": "base", "id": "021", "outcome": "failed", "category": "failed", "contract": false, "grounding": false, "seconds": 5.61}
{"model": "base", "id": "022", "outcome": "answered", "category": "answered_mismatch", "contract": true, "grounding": false, "seconds": 8.61}
{"model": "base", "id": "023", "outcome": "answered", "category": "match", "contract": true, "grounding": true, "seconds": 7.69}
{"model": "base", "id": "024", "outcome": "failed", "category": "failed", "contract": false, "grounding": false, "seconds": 5.29}
{"model": "base", "id": "025", "outcome": "failed", "category": "failed", "contract": true, "grounding": false, "seconds": 8.79}
{"model": "base", "id": "026", "outcome": "answered", "category": "match", "contract": true, "grounding": true, "seconds": 9.13}
{"model": "base", "id": "027", "outcome": "unsupported", "category": "refused_unsupported", "contract": true, "grounding": false, "seconds": 7.8}
{"model": "base", "id": "028", "outcome": "answered", "category": "answered_mismatch", "contract": true, "grounding": false, "seconds": 5.32}
{"model": "base", "id": "029", "outcome": "answered", "category": "match", "contract": true, "grounding": true, "seconds": 6.37}
{"model": "base", "id": "030", "outcome": "failed", "category": "failed", "contract": false, "grounding": false, "seconds": 8.43}
{"model": "base", "id": "031", "outcome": "answered", "category": "match", "contract": true, "grounding": true, "seconds": 6.01}
{"model": "base", "id": "032", "outcome": "failed", "category": "failed", "contract": false, "grounding": false, "seconds": 8.97}
{"model": "base", "id": "033", "outcome": "answered", "category": "match", "contract": true, "grounding": true, "seconds": 5.74}
{"model": "base", "id": "034", "outcome": "unsupported", "category": "refused_unsupported", "contract": true, "grounding": false, "seconds": 5.86}
{"model": "base", "id": "035", "outcome": "answered", "category": "match", "contract": true, "grounding": true, "seconds": 8.95}
{"model": "base", "id": "036", "outcome": "unsupported", "category": "refused_unsupported", "contract": true, "grounding": true, "seconds": 8.31}
{"model": "base", "id": "037", "outcome": "failed", "category": "failed", "contract": false, "grounding": false, "seconds": 6.52}
{"model": "base", "id": "038", "outcome": "answered", "category": "match", "contract": true, "grounding": true, "seconds": 6.96}
{"model": "base", "id": "039", "outcome": "failed", "category": "failed", "contract": false, "grounding": false, "seconds": 10.71}
{"model": "base", "id": "040", "outcome": "failed", "category": "failed", "contract": true, "grounding": false, "seconds": 6.45}
{"model": "base", "id": "041", "outcome": "answered", "category": "match", "contract": true, "grounding": true, "seconds": 8.17}
{"model": "base", "id": "042", "outcome": "answered", "category": "answered_mismatch", "contract": true, "grounding": false, "seconds": 5.98}
{"model": "base", "id": "043", "outcome": "answered", "category": "match", "contract": true, "grounding": true, "seconds": 4.72}
{"model": "base", "id": "044", "outcome": "answered", "category": "match", "contract": true, "grounding": true, "seconds": 8.12}
{"model": "base", "id": "045", "outcome": "failed", "category": "failed", "contract": false, "grounding": false, "seconds": 7.33}
{"model": "base", "id": "046", "outcome": "unsupported", "category": "refused_unsupported", "contract": true, "grounding": false, "seconds": 7.7}
{"model": "base", "id": "047", "outcome": "answered", "category": "answered_mismatch", "contract": true, "grounding": false, "seconds": 6.43}
{"model": "base", "id": "048", "outcome": "answered", "category": "match", "contract": true, "grounding": true, "seconds": 8.46}
{"model": "base", "id": "049", "outcome": "failed", "category": "failed", "contract": false, "grounding": false, "seconds": 8.3}
{"model": "base", "id": "050", "outcome": "answered", "category": "answered_mismatch", "contract": true, "grounding": false, "seconds": 6.3}
{"model": "base", "id": "051", "outcome": "answered", "category": "match", "contract": true, "grounding": true, "seconds": 6.42}
{"model": "base", "id": "052", "outcome": "failed", "category": "failed", "contract": false, "grounding": false, "seconds": 6.96}
{"model": "base", "id": "053", "outcome": "answered", "category": "match", "contract": true, "grounding": true, "seconds": 7.55}
{"model": "base", "id": "054", "outcome": "unsupported", "category": "refused_unsupported", "contract": true, "grounding": false, "seconds": 5.96}
{"model": "base", "id": "055", "outcome": "failed", "category": "failed", "contract": false, "grounding": false, "seconds": 9.41}
{"model": "base", "id": "056", "outcome": "answered", "category": "answered_mismatch", "contract": true, "grounding": false, "seconds": 8.62}
{"model": "base", "id": "057", "outcome": "answered", "category": "match", "contract": true, "grounding": true, "seconds": 5.81}
{"model": "base", "id": "058", "outcome": "answered", "category": "match", "contract": true, "grounding": true, "seconds": 6.25}
{"model": "base", "id": "059", "outcome": "failed", "category": "failed", "contract": false, "grounding": false, "seconds": 7.65}
{"model": "base", "id": "060", "outcome": "failed", "category": "failed", "contract": false, "grounding": false, "seconds": 5.35}
{"model": "base", "id": "061", "outcome": "answered", "category": "answered_mismatch", "contract": true, "grounding": false, "seconds": 5.89}
{"model": "base", "id": "062", "outcome": "failed", "category": "failed", "contract": false, "grounding": false, "seconds": 6.77}
{"model": "base", "id": "063", "outcome": "answered", "category": "match", "contract": true, "grounding": true, "seconds": 4.21}
{"model": "base", "id": "064", "outcome": "answered", "category": "answered_mismatch", "contract": true, "grounding": false, "seconds": 6.79}
{"model": "base", "id": "065", "outcome": "answered", "category": "match", "contract": true, "grounding": true, "seconds": 4.76}
{"model": "base", "id": "066", "outcome": "failed", "category": "failed", "contract": true, "grounding": false, "seconds": 7.57}
{"model": "base", "id": "067", "outcome": "answered", "category": "match", "contract": true, "grounding": true, "seconds": 8.15}
{"model": "base", "id": "068", "outcome": "answered", "category": "match", "contract": true, "grounding": true, "seconds": 5.94}
{"model": "base", "id": "069", "outcome": "answered", "category": "match", "contract": true, "grounding": true, "seconds": 5.56}
{"model": "base", "id": "070", "outcome": "unsupported", "category": "refused_unsupported", "contract": true, "grounding": false, "seconds": 6.38}
{"model": "base", "id": "071", "outcome": "answered", "category": "match", "contract": true, "grounding": true, "seconds": 5.76}
{"model": "base", "id": "072", "outcome": "unsupported", "category": "refused_unsupported", "contract": true, "grounding": false, "seconds": 7.67}
{"model": "base", "id": "073", "outcome": "answered", "category": "match", "contract": true, "grounding": true, "seconds": 8.0}
{"model": "base", "id": "074", "outcome": "unsupported", "category": "refused_unsupported", "contract": true, "grounding": false, "seconds": 6.69}
{"model": "base", "id": "075", "outcome": "failed", "category": "failed", "contract": true, "grounding": false, "seconds": 8.14}
{"model": "base", "id": "076", "outcome": "failed", "category": "failed", "contract": false, "grounding": false, "seconds": 5.69}
{"model": "base", "id": "077", "outcome": "failed", "category": "failed", "contract": false, "grounding": false, "seconds": 7.79}
{"model": "base", "id": "078", "outcome": "failed", "category": "failed", "contract": false, "grounding": false, "seconds": 7.4}
{"model": "base", "id": "079", "outcome": "failed", "category": "failed", "contract": false, "grounding": false, "seconds": 6.15}
{"model": "base", "id": "080", "outcome": "unsupported", "category": "refused_unsupported", "contract": true, "grounding": false, "seconds": 6.52}
{"model": "base", "id": "081", "outcome": "failed", "category": "failed", "contract": false, "grounding": false, "seconds": 9.03}
{"model": "base", "id": "082", "outcome": "answered", "category": "match", "contract": true, "grounding": true, "seconds": 4.54}
{"model": "base", "id": "083", "outcome": "answered", "category": "answered_mismatch", "contract": true, "grounding": false, "seconds": 6.33}
{"model": "base", "id": "084", "outcome": "answered", "category": "match", "contract": true, "grounding": true, "seconds": 9.38}
{"model": "base", "id": "085", "outcome": "answered", "category": "match", "contract": true, "grounding": true, "seconds": 8.32}
{"model": "base", "id": "086", "outcome": "answered", "category": "answered_mismatch", "contract": true, "grounding": false, "seconds": 5.85}
{"model": "base", "id": "087", "outcome": "failed", "category": "failed", "contract": false, "grounding": false, "seconds": 7.15}
{"model": "base", "id": "088", "outcome": "answered", "category": "answered_mismatch", "contract": true, "grounding": false, "seconds": 6.42}
{"model": "base", "id": "089", "outcome": "answered", "category": "match", "contract": true, "grounding": true, "seconds": 10.38}
{"model": "base", "id": "090", "outcome": "answered", "category": "match", "contract": true, "grounding": true, "seconds": 5.8}
{"model": "base", "id": "091", "outcome": "failed", "category": "failed", "contract": false, "grounding": false, "seconds": 6.78}
{"model": "base", "id": "092", "outcome": "answered", "category": "answered_mismatch", "contract": true, "grounding": false, "seconds": 6.27}
{"model": "base", "id": "093", "outcome": "answered", "category": "answered_mismatch", "contract": true, "grounding": false, "seconds": 8.32}
{"model": "base", "id": "094", "outcome": "answered", "category": "match", "contract": true, "grounding": true, "seconds": 5.71}
{"model": "base", "id": "095", "outcome": "answered", "category": "answered_mismatch", "contract": true, "grounding": false, "seconds": 8.12}
{"model": "base", "id": "096", "outcome": "unsupported", "category": "refused_unsupported", "contract": true, "grounding": false, "seconds": 6.75}
{"model": "base", "id": "097", "outcome": "failed", "category": "failed", "contract": true, "grounding": false, "seconds": 7.51}
{"model": "base", "id": "098", "outcome": "failed", "category": "failed", "contract": false, "grounding": false, "seconds": 5.93}
{"model": "base", "id": "099", "outcome": "unsupported", "category": "refused_unsupported", "contract": true, "grounding": false, "seconds": 5.74}
{"model": "base", "id": "100", "outcome": "failed", "category": "failed", "contract": false, "grounding": false, "seconds": 7.65}
{"thor_ref": "b3149040fb0fc57bedd1e8ff4436333f55d41e5a", "runner_sha256": "c18e896523e913d7b1ef9306744889f3befe4e00bee9401fcbe749b9d81e16ac", "condition_check": false, "verify": "partial", "inputs_checked": 32, "inputs_unavailable": ["training/experiments/thor_pilot_002/checkpoints/sft/checkpoint-2/adapter_model.safetensors", "training/experiments/thor_pilot_002/checkpoints/sft/checkpoint-2/adapter_config.json", "training/experiments/thor_pilot_002/checkpoints/dpo/checkpoint-2/policy/adapter_model.safetensors", "training/experiments/thor_pilot_002/checkpoints/dpo/checkpoint-2/policy/adapter_config.json", "training/annotations/generated/corpora/reviewed_gold_v003/strict_validation.json", "training/annotations/generated/corpora/reviewed_gold_v003/token_lengths.jsonl", "training/annotations/generated/corpora/reviewed_gold_v003/dpo_valid.jsonl", "training/annotations/generated/corpora/reviewed_gold_v003/sft_valid.jsonl", "training/annotations/generated/corpora/reviewed_gold_v003/policy_and_scope.json", "training/annotations/generated/corpora/reviewed_gold_v003/sft_train.jsonl", "training/annotations/generated/corpora/reviewed_gold_v003/dpo_distribution.json", "training/annotations/generated/corpora/reviewed_gold_v003/lineage_audit.json", "training/annotations/generated/corpora/reviewed_gold_v003/pair_validation.json", "training/annotations/generated/corpora/reviewed_gold_v003/dpo_train.jsonl", "training/annotations/generated/corpora/reviewed_gold_v003/token_validation.json", "training/annotations/generated/corpora/reviewed_gold_v003/decisions_003.jsonl", "training/annotations/generated/corpora/reviewed_gold_v003/manifest.json", "training/annotations/generated/corpora/reviewed_gold_v003/reviewed_annotations.yaml", "training/annotations/generated/corpora/reviewed_gold_v003/coverage_before_after.json", "training/annotations/generated/corpora/reviewed_gold_v003/corpus_manifest.json", "training/annotations/generated/corpora/reviewed_gold_v003/dataset_index.json", "training/annotations/generated/corpora/reviewed_gold_v003/review_decisions.jsonl", "training/annotations/generated/corpora/reviewed_gold_v001/dpo_valid.jsonl", "training/annotations/generated/corpora/reviewed_gold_v001/sft_valid.jsonl", "training/annotations/generated/corpora/reviewed_gold_v001/policy_and_scope.json", "training/annotations/generated/corpora/reviewed_gold_v001/sft_train.jsonl", "training/annotations/generated/corpora/reviewed_gold_v001/dpo_train.jsonl", "training/annotations/generated/corpora/reviewed_gold_v001/README.md", "training/annotations/generated/corpora/reviewed_gold_v001/manifest.json", "training/annotations/generated/corpora/reviewed_gold_v001/reviewed_annotations.yaml", "training/annotations/generated/corpora/reviewed_gold_v001/coverage_before_after.json", "training/annotations/generated/corpora/reviewed_gold_v001/corpus_manifest.json", "training/annotations/generated/corpora/reviewed_gold_v001/validation_report.json", "training/annotations/generated/corpora/reviewed_gold_v001/review_decisions.jsonl", "training/annotations/generated/corpora/reviewed_gold_v002/strict_validation.json", "training/annotations/generated/corpora/reviewed_gold_v002/dpo_valid.jsonl", "training/annotations/generated/corpora/reviewed_gold_v002/sft_valid.jsonl", "training/annotations/generated/corpora/reviewed_gold_v002/policy_and_scope.json", "training/annotations/generated/corpora/reviewed_gold_v002/generation_recipe.py", "training/annotations/generated/corpora/reviewed_gold_v002/sft_train.jsonl", "training/annotations/generated/corpora/reviewed_gold_v002/dpo_distribution.json", "training/annotations/generated/corpora/reviewed_gold_v002/lineage_audit.json", "training/annotations/generated/corpora/reviewed_gold_v002/pair_validation.json", "training/annotations/generated/corpora/reviewed_gold_v002/dpo_train.jsonl", "training/annotations/generated/corpora/reviewed_gold_v002/README.md", "training/annotations/generated/corpora/reviewed_gold_v002/token_validation.json", "training/annotations/generated/corpora/reviewed_gold_v002/manifest.json", "training/annotations/generated/corpora/reviewed_gold_v002/reviewed_annotations.yaml", "training/annotations/generated/corpora/reviewed_gold_v002/decisions_002.jsonl", "training/annotations/generated/corpora/reviewed_gold_v002/coverage_before_after.json", "training/annotations/generated/corpora/reviewed_gold_v002/corpus_manifest.json", "training/annotations/generated/corpora/reviewed_gold_v002/validation_report.json", "training/annotations/generated/corpora/reviewed_gold_v002/review_decisions.jsonl", "training/annotations/generated/corpora/reviewed_gold_v002/configs/qwen3_8b_thor_v002_dpo.yaml", "training/annotations/generated/corpora/reviewed_gold_v002/configs/qwen3_8b_thor_v002_sft.yaml", "training/annotations/generated/corpora/reviewed_gold_v002/validation_evidence/dpo_replay/dpo_valid.jsonl", "training/annotations/generated/corpora/reviewed_gold_v002/validation_evidence/dpo_replay/dpo_train.jsonl", "training/annotations/generated/corpora/reviewed_gold_v002/validation_evidence/dpo_replay/manifest.json", "training/annotations/generated/corpora/reviewed_gold_v002/validation_evidence/sft_replay/sft_valid.jsonl", "training/annotations/generated/corpora/reviewed_gold_v002/validation_evidence/sft_replay/sft_train.jsonl", "training/annotations/generated/corpora/reviewed_gold_v002/validation_evidence/sft_replay/manifest.json"], "inputs_mismatched": [], "original_verify_replaced": "verify"}
