`torch_dtype` is deprecated! Use `dtype` instead!
Loading checkpoint shards:   0%|          | 0/5 [00:00<?, ?it/s]Loading checkpoint shards: 100%|██████████| 5/5 [00:00<00:00, 189.00it/s]
The following generation flags are not valid and may be ignored: ['temperature', 'top_p', 'top_k']. Set `TRANSFORMERS_VERBOSITY=info` for more details.
base old44/g02 ok=True answered  [1393]
base old44/g03 ok=True answered  [686]
base old44/g04 ok=False answered  [2217, 799]
base old44/g06 ok=True answered  [1218]
base old44/g08 ok=True answered  [783]
base old44/g09 ok=True answered  [642]
base old44/g11 ok=True answered  [1207]
base old44/g12 ok=True answered  [969, 483]
base old44/g17 ok=True unsupported UNCONSUMED_CONDITION [918]
base old44/g18 ok=True answered  [1159]
base old44/g19 ok=True answered  [697]
base old44/g20 ok=True answered  [891]
base old44/g21 ok=True answered  [1061]
base old44/g22 ok=True answered  [1228]
base old44/g23 ok=False answered  [723]
base old44/g24 ok=True answered  [665, 480]
base old44/g25 ok=True answered  [626]
base old44/g26 ok=True answered  [946]
base old44/g28 ok=True answered  [709]
base old44/g29 ok=True answered  [1165]
base old44/g30 ok=True answered  [562]
base old44/g31 ok=True answered  [1024]
base old44/g35 ok=True answered  [717, 428]
base old44/g36 ok=True answered  [605]
base old44/g37 ok=True answered  [874]
base old44/g39 ok=True answered  [572]
base old44/g41 ok=True answered  [777]
base old44/g42 ok=True answered  [678]
base old44/g44 ok=False answered  [1682]
base contrast/c01a ok=True answered  [853, 429]
base contrast/c03a ok=True answered  [583]
base contrast/c03c ok=False answered  [1256]
base contrast/c03d ok=True answered  [1054]
base contrast/c04b ok=True answered  [756]
base contrast/c05a ok=False failed UNKNOWN_ATTRIBUTE [719]
base contrast/c05c ok=True answered  [1622]
base contrast/c06c ok=True answered  [673]
base contrast/c07a ok=False answered  [821]
base contrast/c07b ok=False failed INVALID_CONCEPT [855]
base contrast/c08a ok=True answered  [633]
base contrast/c08d ok=True answered  [726]
base contrast/c08e ok=True answered  [645]
base contrast/c09a ok=True answered  [1152]
base indepv2/n02 ok=False answered  [998]
base indepv2/n06 ok=True answered  [1387, 254]
base indepv2/n08 ok=False answered  [840]
base indepv2/n10 ok=False answered  [844, 511]
base indepv2/n14 ok=True answered  [623]
base indepv2/n15 ok=True answered  [574]
base indepv2/n16 ok=True answered  [2538]
base indepv2/n18 ok=False failed UNUSED_CONCEPT [1335]
base indepv2/n20 ok=True answered  [1076]
base indepv2/n21 ok=True answered  [731]
base indepv2/n25 ok=True unsupported UNCONSUMED_CONDITION [831]
base indepv2/n27 ok=True unsupported UNCONSUMED_CONDITION [800]
base indepv2/n30 ok=True answered  [801]
base indepv2/n33 ok=False failed MISSING_RELATION_QUALIFIER [782, 576]
base indepv2/n34 ok=True answered  [719, 360]
base indepv2/n35 ok=False failed MISSING_CONCEPT_VALUE [655]
base indepv2/n37 ok=True answered  [1028]
base indepv2/n40 ok=True answered  [570]
base indepv3/m03 ok=True answered  [675]
base indepv3/m04 ok=False answered  [1232]
base indepv3/m05 ok=False failed NOT_FOUND [1154, 571]
base indepv3/m07 ok=True answered  [782]
base indepv3/m08 ok=True answered  [776]
base indepv3/m09 ok=True answered  [842]
base indepv3/m12 ok=True answered  [1305]
base indepv3/m15 ok=True answered  [771, 431]
base indepv3/m17 ok=True answered  [1065]
base indepv3/m20 ok=True answered  [620, 505]
base indepv3/m22 ok=True answered  [678]
base indepv3/m23 ok=True answered  [794]
base indepv3/m24 ok=False answered  [684]
base indepv3/m27 ok=True answered  [1455]
base indepv3/m28 ok=True answered  [641]
base indepv3/m30 ok=True answered  [975]
base indepv3/m33 ok=True answered  [537]
base indepv3/m34 ok=True answered  [583]
base indepv3/m35 ok=True answered  [763]
base indepv3/m37 ok=True answered  [726, 380]
base indepv3/m39 ok=True unsupported UNCONSUMED_CONDITION [609]
base indepv4/k03 ok=True answered  [916]
base indepv4/k05 ok=True answered  [694]
base indepv4/k06 ok=True answered  [680]
base indepv4/k08 ok=True answered  [719]
base indepv4/k13 ok=True answered  [857]
base indepv4/k15 ok=True answered  [642]
base indepv4/k17 ok=True answered  [662]
base indepv4/k18 ok=True answered  [635]
base indepv4/k20 ok=True answered  [1812]
base indepv4/k21 ok=True answered  [550]
base indepv4/k23 ok=True unsupported UNCONSUMED_CONDITION [869]
base indepv4/k26 ok=True answered  [1505, 501]
base indepv4/k27 ok=False answered  [656]
base indepv4/k28 ok=True answered  [1453, 312]
base indepv4/k32 ok=False answered  [702]
base indepv4/k35 ok=True failed INVALID_FACTOR_COMBINATION [2338, 876]
base indepv4/k36 ok=True failed INVALID_FACTOR_COMBINATION [1106, 1043]
base indepv4/k37 ok=True answered  [623]
{"label": "base", "items": 100, "grounding_ok": 82, "first_raw_ok": 61, "outcomes": {"answered:None": 87, "unsupported:UNCONSUMED_CONDITION": 5, "failed:UNKNOWN_ATTRIBUTE": 1, "failed:INVALID_CONCEPT": 1, "failed:UNUSED_CONCEPT": 1, "failed:MISSING_RELATION_QUALIFIER": 1, "failed:MISSING_CONCEPT_VALUE": 1, "failed:NOT_FOUND": 1, "failed:INVALID_FACTOR_COMBINATION": 2}, "model_calls": 117, "place_repair_calls": 1, "other_repair_calls": 16, "truncated_calls": 0, "seconds": 2682.0}
