`torch_dtype` is deprecated! Use `dtype` instead!
Loading checkpoint shards:   0%|          | 0/5 [00:00<?, ?it/s]Loading checkpoint shards: 100%|██████████| 5/5 [00:00<00:00, 265.19it/s]
The following generation flags are not valid and may be ignored: ['temperature', 'top_p', 'top_k']. Set `TRANSFORMERS_VERBOSITY=info` for more details.
001 match answered 
002 answered_mismatch answered 
003 match answered 
004 match answered 
005 failed failed INVALID_CONCEPT
006 match answered 
007 match answered 
008 match answered 
009 match answered 
010 match answered 
011 failed failed UNGROUNDED_SCOPE
012 match answered 
013 refused_unsupported unsupported NO_OPERATOR
014 match answered 
015 match answered 
016 failed failed INVALID_PLACE
017 match answered 
018 match answered 
019 failed failed INVALID_CONCEPT
020 failed failed VALUELESS_CONCEPT
021 failed failed UNGROUNDED_SCOPE
022 match answered 
023 match answered 
024 failed failed VALUELESS_CONCEPT
025 failed failed MISSING_REQUIRED_INPUT
026 match answered 
027 refused_unsupported unsupported NO_OPERATOR
028 match answered 
029 match answered 
030 refused_unsupported unsupported NO_OPERATOR
031 answered_mismatch answered 
032 refused_unsupported unsupported NO_OPERATOR
033 refused_unsupported unsupported NO_OPERATOR
034 refused_unsupported unsupported NO_OPERATOR
035 match answered 
036 failed failed MISSING_CONCEPT_VALUE
037 failed failed MISSING_CONCEPT_VALUE
038 match answered 
039 failed failed INVALID_CONCEPT
040 failed failed UNUSED_CONCEPT
041 match answered 
042 failed failed MISSING_CONCEPT_VALUE
043 match answered 
044 match answered 
045 failed failed MISSING_CONCEPT_VALUE
046 match answered 
047 match answered 
048 match answered 
049 failed failed INVALID_CONCEPT
050 match answered 
051 match answered 
052 failed failed INVALID_CONCEPT
053 match answered 
054 refused_unsupported unsupported NO_OPERATOR
055 failed failed MISSING_CONCEPT_VALUE
056 match answered 
057 match answered 
058 match answered 
059 failed failed UNGROUNDED_SCOPE
060 match answered 
061 match answered 
062 failed failed MISSING_CONCEPT_VALUE
063 match answered 
064 answered_mismatch answered 
065 match answered 
066 failed failed MISSING_RELATION_QUALIFIER
067 match answered 
068 match answered 
069 answered_mismatch answered 
070 match answered 
071 match answered 
072 refused_unsupported unsupported NO_OPERATOR
073 match answered 
074 refused_unsupported unsupported NO_OPERATOR
075 failed failed MISSING_CONCEPT_VALUE
076 match answered 
077 failed failed MISSING_CONCEPT_VALUE
078 match answered 
079 refused_unsupported unsupported NO_OPERATOR
080 match answered 
081 failed failed INVALID_CONCEPT
082 match answered 
083 refused_unsupported unsupported NO_OPERATOR
084 match answered 
085 failed failed UNUSED_CONCEPT
086 match answered 
087 refused_unsupported unsupported NO_OPERATOR
088 failed failed INVALID_CONCEPT
089 match answered 
090 match answered 
091 failed failed INVALID_CONCEPT
092 match answered 
093 answered_mismatch answered 
094 match answered 
095 answered_mismatch answered 
096 match answered 
097 failed failed MISSING_RELATION_QUALIFIER
098 failed failed MISSING_CONCEPT_VALUE
099 match answered 
100 failed failed MISSING_CONCEPT_VALUE
{"items": 100, "grounding_ok": 54, "categories": {"match": 53, "answered_mismatch": 6, "failed": 29, "refused_unsupported": 12}}
